Fenêtre : 8 RUN ingest-all avec issues classées (2026-09-24 → 2026-10-01), 91 sources

RUN | sources en issue | sources bloquantes (hors retenue prouvée et D-480)
2026-09-24 16:03 | 60 | 60
2026-09-25 16:01 | 58 | 37
2026-09-26 16:02 | 55 | 37
2026-09-27 16:04 | 56 | 36
2026-09-28 16:02 | 60 | 41
2026-09-29 16:10 | 73 | 57
2026-09-30 16:00 | 36 | 3
2026-10-01 16:03 | 41 | 11

classe | occurrences (source×RUN) | sources | offres en jeu | disparue au RUN suivant | persiste | dernier RUN | sources ≥3 RUN
A0 retenue prouvée par la source (normal, non bloquant) | 142 | 28 | 22419 | 12 | 108 | 22 | 20
F1 identité d'employeur en revue | 106 | 27 | 17300 | 27 | 77 | 2 | 16
D2 régression de santé (volume, champs) | 63 | 40 | 30711 | 39 | 18 | 6 | 4
D1 liste incomplète ou non prouvée | 56 | 13 | 13300 | 11 | 39 | 6 | 9
B1 qualification refusée : capture non validée | 26 | 7 | 6918 | 7 | 18 | 1 | 4
E1 interne : base, capture, journal | 17 | 16 | 941 | 15 | 0 | 2 | 0
C2 refus 406 (Avature) | 8 | 1 | 0 | 0 | 7 | 1 | 1
C1 passager : délai, transport ou 5xx | 8 | 3 | 10256 | 3 | 5 | 0 | 1
A6 refus d'accès explicite en vigueur (décision humaine) | 6 | 1 | 40 | 1 | 5 | 0 | 1
Z autre : Error | 2 | 1 | 71 | 1 | 1 | 0 | 0
C4 autre 4xx (adresse disparue, lecteur) | 2 | 1 | 1080 | 2 | 0 | 0 | 0
A5 requête hors du périmètre qualifié (lecteur ou site changé) | 2 | 2 | 1861 | 2 | 0 | 0 | 0
Z autre : REJECTED_NATIVE_ROWS | 1 | 1 | 348 | 1 | 0 | 0 | 0
C3 refus 403/429 ou anti-bot | 1 | 1 | 52 | 0 | 0 | 1 | 0

Détail par classe (hors A0) : source (RUN, offres) et messages types

## F1 identité d'employeur en revue
  lvmh (6, 6268), tapestry (1, 2363), sephora-france (4, 2275), richemont-workday (1, 1443), monoprix (1, 757), puma (1, 655), crocs (2, 528), richemont (1, 506), tiffany-oracle (6, 471), swatch-group (5, 348), prada-group (1, 246), avolta (1, 239), aptar-beauty (2, 227), drunk-elephant-2 (1, 190), escada-parfums-16 (1, 178), lagardere-travel-retail (6, 109), groupe-printemps (6, 100), beauty-success-geodir (6, 97), brown-thomas-taleo (6, 84), b-s-international (6, 64), rivoli-typesense (6, 46), browns (6, 45), funky-buddha (6, 23), hot-topic (6, 19), lagardere-travel-retail-de (6, 10), lagardere-duty-free (6, 9), luxe-talent (6, 0)

## D2 régression de santé (volume, champs)
  ulta-jibe (1, 10026), tapestry (1, 2363), sephora-france (1, 2275), skechers-phenom (1, 1679), mango (1, 1641), urbn-hub (3, 1513), nordstrom (2, 1325), parfums-chanel (1, 1162), pandora-talenthub (6, 935), intersport-france (1, 917), vf-corporation (1, 873), nike (1, 847), hugo-boss-phenom (1, 775), swarovski (2, 709), puma (1, 655), aritzia (1, 543), crocs (1, 528), douglas-sf (2, 319), on-running (8, 254), jean-paul-gaultier-5 (1, 215), mecca (1, 160), movado (1, 130), aigle (1, 123), therealreal (1, 122), marc-o-polo (1, 112), uniqlo-stores (1, 107), clarins (1, 92), canada-goose (1, 84), nike-nke2 (1, 83), blackstore (1, 52), brunello-cucinelli (1, 47), kastner-ohler (1, 13), gemmyo (7, 6), picard (1, 6), lumentee (1, 5), uniqlo-hkm-headquarters (1, 4), attaquer (1, 3), levis (1, 3), indiska (1, 3), jansport (1, 2)

## D1 liste incomplète ou non prouvée
  foot-locker-france (1, 3030), tapestry (6, 2363), knitwell-us-retail (3, 2000), skechers-phenom (5, 1679), mango (2, 1641), nordstrom (1, 1325), hugo-boss-phenom (5, 775), swatch-group (1, 348), marc-o-polo (4, 112), kastner-ohler (7, 13), picard (7, 6), lumentee (7, 5), attaquer (7, 3)

## B1 qualification refusée : capture non validée
  sephora-france (2, 2275), estee-lauder-companies (6, 1871), pvh (6, 1568), kering (4, 1080), zegna-altamira (6, 66), groupe-chantelle (1, 36), ganni-talentrecruiter (1, 22)
  · 19× Access qualification requires validated native evidence: REJECTED
  · 6× Ingestion requires a qualified native result
  · 1× Native qualification failed: REJECTED

## E1 interne : base, capture, journal
  diptyque-workday (1, 194), therealreal (1, 122), marc-o-polo (1, 112), uniqlo-au-stores (1, 71), browns-shoes (1, 70), everything-but-water (2, 57), capri-jimmy-choo (1, 50), nars (1, 50), boardriders (1, 46), breitling-sf (1, 45), naos (1, 29), balmain (1, 22), goyard-successfactors (1, 21), aeropostale (1, 19), uniqlo-headquarters (1, 18), patek-philippe (1, 15)
  · 15× Native response capture unavailable; extraction stopped
  · 1× Transaction API error: Transaction already closed: A commit cannot be executed on an expired transaction. The 
  · 1× Access qualification refused: Transaction API error: Transaction already closed: A commit cannot be executed o

## C2 refus 406 (Avature)
  l-oreal-professionnel (8, 0)
  · 7× HTTP 406 for https://careers.loreal.com/en_US/jobs/SearchJobs/?jobOffset=0
  · 1× HTTP 406 for https://careers.loreal.com/en_US/jobs/SearchJobsAJAX/?jobOffset=1260

## C1 passager : délai, transport ou 5xx
  ulta-jibe (1, 10026), rolex (1, 230), ralph-lauren-avature (6, 0)
  · 7× fetch failed
  · 1× __TIMEOUT__ ulta-jibe

## A6 refus d'accès explicite en vigueur (décision humaine)
  lindex-easycruit (6, 40)
  · 6× Automatic qualification cannot replace an explicit denial

## Z autre : Error
  selfridges (2, 71)
  · 1× generic-listing https://jobsearch.selfridges.com/jobs/search/-1/{page}: 63 liens d'offre, 0 offre lue, 63 éche
  · 1× generic-listing https://jobsearch.selfridges.com/jobs/search/-1/{page}: 65 liens d'offre, 0 offre lue, 65 éche

## C4 autre 4xx (adresse disparue, lecteur)
  kering (2, 1080)
  · 1× HTTP 405 for https://careers.kering.com/api/pcsx/search?domain=kering.com&query=&location=&start=820&num=10
  · 1× HTTP 405 for https://careers.kering.com/api/pcsx/search?domain=kering.com&query=&location=&start=700&num=10

## A5 requête hors du périmètre qualifié (lecteur ou site changé)
  urbn-hub (1, 1513), swatch-group (1, 348)
  · 2× Request is outside the reviewed public HTTP scope

## Z autre : REJECTED_NATIVE_ROWS
  swatch-group (1, 348)

## C3 refus 403/429 ou anti-bot
  versace (1, 52)
  · 1× HTTP 403 for https://capri.wd1.myworkdayjobs.com/wday/cxs/capri/Versace/jobs

Matrice classe × RUN (sources ; * = dont non bloquantes D-480)
classe | 09-24 | 09-25 | 09-26 | 09-27 | 09-28 | 09-29 | 09-30 | 10-01
A0 retenue prouvée par la source (normal, non bloquant) | · | 21 | 18 | 20 | 19 | 16 | 26 | 22
A5 requête hors du périmètre qualifié (lecteur ou site chang | · | · | · | · | · | · | 2 | ·
A6 refus d'accès explicite en vigueur (décision humaine) | 1 | 1 | 1 | 1 | 1 | 1 | · | ·
B1 qualification refusée : capture non validée | 3 | 4 | 4 | 4 | 4 | 6 | · | 1
C1 passager : délai, transport ou 5xx | 2 | 1 | 1 | 1 | 2 | 1 | · | ·
C2 refus 406 (Avature) | 1 | 1 | 1 | 1 | 1 | 1 | 1*1 | 1*1
C3 refus 403/429 ou anti-bot | · | · | · | · | · | · | · | 1
C4 autre 4xx (adresse disparue, lecteur) | 1 | · | · | · | 1 | · | · | ·
D1 liste incomplète ou non prouvée | · | 9 | 9 | 8 | 9 | 10 | 5*5 | 6*6
D2 régression de santé (volume, champs) | 32 | 3 | 4 | 4 | 7 | 5 | 2*1 | 6*1
E1 interne : base, capture, journal | · | · | · | 1 | · | 14 | · | 2
F1 identité d'employeur en revue | 20 | 18 | 17 | 16 | 15 | 18 | · | 2
Z autre : Error | · | · | · | · | 1 | 1 | · | ·
Z autre : REJECTED_NATIVE_ROWS | · | · | · | · | 1 | · | · | ·

Au dernier RUN, sources bloquantes et leur classe :
  ulta-jibe (10026) — D2 régression de santé (volume, champs) — SOURCE_HEALTH_REGRESSION
  sephora-france (2275) — D2 régression de santé (volume, champs) — SOURCE_HEALTH_REGRESSION
  urbn-hub (1513) — D2 régression de santé (volume, champs) — SOURCE_HEALTH_REGRESSION
  puma (655) — F1 identité d'employeur en revue — EmployerIdentityReviewRequired
  crocs (528) — D2 régression de santé (volume, champs) — SOURCE_HEALTH_REGRESSION
  richemont (506) — F1 identité d'employeur en revue — EmployerIdentityReviewRequired
  diptyque-workday (194) — E1 interne : base, capture, journal — SourceAccessGateError
  browns-shoes (70) — E1 interne : base, capture, journal — DATABASE_FAILURE
  versace (52) — C3 refus 403/429 ou anti-bot — HttpStatusError/HTTP_403
  ganni-talentrecruiter (22) — B1 qualification refusée : capture non validée — SourceAdmissionGateError
  gemmyo (6) — D2 régression de santé (volume, champs) — SOURCE_HEALTH_REGRESSION
