     sourceKey     | offres_fermables 
-------------------+------------------
 lvmh              |             1640
 hm-group          |              975
 primark           |              749
 wttj-sector       |              513
 penningtons       |              112
 sandro            |              102
 kiabi             |               85
 courir            |               64
 salomon           |               51
 b-s-international |               26
 asos              |               22
 petit-bateau      |               22
 eric-bompard      |               21
 marella           |               20
 audemars-piguet   |               14
 funky-buddha      |               13
 sisley            |                8
 asics             |                7
 ballantynes       |                1
(19 rows)

