## burberry — 130/130 sorties différentes ; offre 1375768600, premier écart au caractère 3566 sur 6688/6688
  qualification : …"oermond-McArthur-Glen-Outlet-Not/1375768600/\",\"htmlSha256\":\"cce8842c9393feb45392f1200f72c3311000f39fb3801d91fb14c4b10ac2fd0a\",\"jobPostingCou"…
  ingestion     : …"oermond-McArthur-Glen-Outlet-Not/1375768600/\",\"htmlSha256\":\"d21ad969700b23905be5850b71b94a416f24adca97cd22176fa1efc829dbe464\",\"jobPostingCou"…
## caudalie — 47/47 sorties différentes ; offre B15I7R, premier écart au caractère 24993 sur 52734/52734
  qualification : …"-group\\\"><label class=\\\"control-label\\\" for=\\\"Input1790871170i6q52WLHjd\\\">T&eacute;l&eacute;phone* :</label><div class=\\\"\\\"><input data-form"…
  ingestion     : …"-group\\\"><label class=\\\"control-label\\\" for=\\\"Input1790871179B0wRLoXYZe\\\">T&eacute;l&eacute;phone* :</label><div class=\\\"\\\"><input data-form"…
## ami-paris — 28/28 sorties différentes ; offre 2764607, premier écart au caractère 2417 sur 11050/11050
  qualification : …"dAt\":\"2026-09-30T09:05:06.000Z\",\"raw\":{\"country\":\"Germany\",\"options_salutation\":\"off\",\"position\":921,\"options_cover_letter\":\"optional\",\"care"…
  ingestion     : …"dAt\":\"2026-09-30T09:05:06.000Z\",\"raw\":{\"country\":\"Germany\",\"department\":\"Retail\",\"position\":921,\"max_hours_per_week\":\"40.0\",\"open_questions\""…
## closed — 11/11 sorties différentes ; offre 2738861, premier écart au caractère 5866 sur 24904/24904
  qualification : …"\"https://closed.jobs.personio.de/job/2738861\",\"htmlSha256\":\"db9c5a7f6d73a27233560397fe1fd08f49ec05908fb6b41af9a8a21d12a3e093\",\"jobPostingCou"…
  ingestion     : …"\"https://closed.jobs.personio.de/job/2738861\",\"htmlSha256\":\"263b05614930eafa8db49dd8ba99b5ab6926a3a82eb8ec0c065eda20560acfb4\",\"jobPostingCou"…
## longchamp — 25/45 sorties différentes ; offre 2828, premier écart au caractère 617 sur 6955/6955
  qualification : …"cdd-retail-merchandiser-europe-h-f_2828.aspx\",\"htmlSha256\":\"3c2d6430fbf54d994f6cb279d46b83894a95eca09adff0dafe23c5eaf7f1bf57\",\"description\":"…
  ingestion     : …"cdd-retail-merchandiser-europe-h-f_2828.aspx\",\"htmlSha256\":\"de8ec3b063a3dfb2c3f0e4698220c72e2b8b0c509aaba3c7818eee6448420ea2\",\"description\":"…
## hugo-boss-phenom — 761/761 sorties différentes ; offre HUBOGLOBAL144607EXTERNALENGLOBAL, premier écart au caractère 6443 sur 11725/11725
  qualification : …"assistant-manager-boss-outlet-jersey-gardens\",\"htmlSha256\":\"f14da9732314170929985a649fb12ff000e3f077060252a34c001c0fdc0ade27\",\"jobPostingCou"…
  ingestion     : …"assistant-manager-boss-outlet-jersey-gardens\",\"htmlSha256\":\"34ced7f405710c1fb38bdfe09347ecb6be73aae5310afcf5e1e9cc2b428140f0\",\"jobPostingCou"…
## aeropostale — 16/16 sorties différentes ; offre 9662, premier écart au caractère 4821 sur 11705/11705
  qualification : …"obs/9662/store-manager---cal/job?in_iframe=1\",\"htmlSha256\":\"e353920cb26b0e383ceb685acffdae836984a9d301b2e60fd4d879deb3ad31b7\",\"jobPostingCou"…
  ingestion     : …"obs/9662/store-manager---cal/job?in_iframe=1\",\"htmlSha256\":\"8387a677b9f4bd64099db4d962ce3df7735767234f165013d2633ed5a7b714a4\",\"jobPostingCou"…
## brown-thomas-taleo — 82/82 sorties différentes ; offre 7885, premier écart au caractère 75110 sur 79380/79380
  qualification : …" '_csrf';\\r\\n        TBE_OBJ.CSRF.tokenValue = 'v1:;1790871447630:;HmssYbawRzCMN5yJfRI26bLT/Fq0FLOidtBkURc6Li4=';\\r\\n        TBE_OBJ.CSRF.en"…
  ingestion     : …" '_csrf';\\r\\n        TBE_OBJ.CSRF.tokenValue = 'v1:;1790871459943:;FvfBCkhE2Xi8tf+n6VJguNr8f6yJP4ianjkTpRaKsrw=';\\r\\n        TBE_OBJ.CSRF.en"…
