kind|sources|exemples
teamtailor|113|ackermans,akira,aroma-zone,axel-arigato,belstaff,blue-banana,bravissimo,brothers,browns-shoes,bzb,cabaia,cambio,camper,castore,celio,chalhoub,club-l-london,dune-london,ephemera,etam,eurofragrance,faguo,fitflop,frank-darling,fred-perry,galeries-lafayette,georges,glitter,hans-anders,hoff,honey-birdette,horace,intersport,jewells,j-lindeberg,john-henric,jojo-maman-bebe,karla-otto,katie-loxton,kicks,la-fee-maraboutee,lager-157,loccitane-fr,lounge,magasin-du-nord,maison-123,medik8,merkal,monica-vinader,mr-marvis,multiopticas,nude-project,nutrire,nyx-professional-makeup,oh-my-cream,oh-polly,orchestra,orlebar-brown,ounass,passage-du-desir,peak-performance,petrol-industries,printful,prisma-media,profil-optik,pronovias,showroomprive,silbon,singularu,soeur,space-nk,ssense,tiger-of-sweden,toteme,trussardi,typology,undiz,vivienne-westwood,vivobarefoot,vlisco,white-stuff,yse-paris
workday|55|a-derma-4,brunello-cucinelli,canada-goose,capri-jimmy-choo,chico-s,claires-workday,conde-nast-france,diptyque-workday,everything-but-water,gu-us-retail,jansport,knitwell-us-corporate,knitwell-us-distribution,madewell,mecca,movado,new-balance,pga-tour-superstore,stella-mccartney,theory-eu,theory-us-retail,therealreal,uniqlo-au-stores,uniqlo-graduates,uniqlo-headquarters,uniqlo-hkm-headquarters,uniqlo-stores,uniqlo-us-headquarters,uniqlo-us-retail,uniqlo-vn-headquarters
greenhouse|50|aime-leon-dore,bellroy,bombas,brilliant-earth,bubble,clarkson-eyecare,club-monaco,everlane,figs,filson,g-label-by-goop,glossier,gorjana,gymshark,herschel-supply-co,ilia,jd-sports,jonsson-workwear,la-senza,little-words-project,lovable,lush,mejuri,molton-brown,nutrafol,oak-essentials,olaplex,on-running,parachute,quince,rebag,reformation,shein,shinola,shinola-retail,skin-laundry,suitsupply,supergoop,tekla,thirdlove,veronica-beard
smartrecruiters-whitelabel|41|abercrombie,asics,asos,audemars-piguet,ballantynes,baron,b-s-international,courir,eric-bompard,essilorluxottica,funky-buddha,kiabi,marella,peacocks,penningtons,petit-bateau,salomon,sisley,wehkamp,yema
successfactors|31|aptar-beauty,avolta,boardriders,breitling-sf,burberry,clarins,damiani,decjuba,dolce-gabbana,douglas-sf,dr-pierre-ricaud,drunk-elephant-2,escada-parfums-16,ferrari,goyard-successfactors,jean-paul-gaultier-5,la-prairie,l-occitane-en-provence-2,maison-margiela,mascot-workwear,naos,patek-philippe,prada-group,rolex,tods,valentino
generic-listing|18|beiersdorf,bevilles-jewellers,caudalie,end-clothing,gemmyo,globus,kastner-ohler,lancel,lumentee,luxexperience,oska,picard,psycho-bunny,selfridges
lever|15|amiri,arcteryx,blueland,browns,buck-mason,catbird,dolls-kill,good-american,hot-topic,madhappy,mulberry,vestiaire-collective
recruitee|14|ami-paris,boggi-milano,iris-van-herpen,jeans-centre,kapten-son,kiko-milano,kult-olymp-hades,ms-mode,my-jewellery,profuomo,siebel-juweliers,state-of-art,yaya
personio|14|aeyde,closed,laverana-gmbh-co-kg,pegador,pepco,stanley-stella,thomas-sabo
digitalrecruiters|7|aigle,american-vintage-dr,gant,luxury-of-retail,the-kooples
talentsoft|7|balmain,groupe-chantelle,groupe-printemps,lagardere-duty-free,lagardere-travel-retail,lagardere-travel-retail-de,longchamp
talentview|4|baccarat,jules,la-redoute-talentview,promod
phenom|4|
flatchr|4|adopt-parfums,armand-thiery-flatchr,riu-paris,toscane
workable|3|apivita,apm-monaco,sezane
icims|2|aeropostale
jobaffinity-wordpress|2|blackstore
eightfold|2|
magnet|2|element-6,eram-3
oraclehcm|2|
wttj|2|madame-figaro
wttj-sector|1|
ashby|1|polene
avature|1|
bashtalents|1|bash-talents
easycruit|1|lindex-easycruit
eqwa|1|nocibe-eqwa
geodirectory|1|beauty-success-geodir
harri|1|saltrock-harri
jibe|1|
jobylon|1|acne-studios-jobylon
lvmh_algolia|1|
radancy|1|nars
rituals|1|
talentfunnel|1|dr-martens-tf
talentrecruiter|1|ganni-talentrecruiter
taleo|1|brown-thomas-taleo
typesense|1|rivoli-typesense
volcanic|1|fenwick-volcanic
altamira|1|zegna-altamira
