sources|requalifiees|adoptees|requetes_avant|requetes_apres|requetes_evitees
411|411|402|111767|59501|52266
motif|sources|requetes
adoptée|402|106231
énumération incomplète ou tronquée|6|5315
qualification REJECTED|1|21
qualification FAILED|1|3
aucune ingestion (source arrêtée avant)|1|197
n|min|mediane|p95|max
408|0.0|0|2.5|19.1
sourceKey|qualif|ingest|avant|apres|adoptable|age_min|st_qualif|verdict_qualif|st_ingest
wttj-sector|2276|2276|4552|2276|t|3.4|EXTRACTED|VALIDATED|EXTRACTED
knitwell-us-retail|2101|2189|4290|2101|t|5.6|EXTRACTED|VALIDATED|EXTRACTED
sephora-france|2168|2170|4338|2168|t|6.3|EXTRACTED|VALIDATED|EXTRACTED
estee-lauder-companies|2106|2106|4212|2106|t|14.2|EXTRACTED|VALIDATED|EXTRACTED
hm-group|1955|1955|3910|1955|t|3.0|EXTRACTED|VALIDATED|EXTRACTED
mango|1733|1737|3470|1733|t|4.5|EXTRACTED|VALIDATED|EXTRACTED
skechers-phenom|1721|1707|3428|1721|t|19.1|EXTRACTED|VALIDATED|EXTRACTED
boots|1529|1527|3056|1529|t|3.4|EXTRACTED|VALIDATED|EXTRACTED
urbn-hub|1525|1526|3051|1525|t|7.7|EXTRACTED|VALIDATED|EXTRACTED
vf-corporation|1458|1458|2916|1458|t|6.5|EXTRACTED|VALIDATED|EXTRACTED
pvh|1416|1450|2866|1416|t|8.1|EXTRACTED|VALIDATED|EXTRACTED
richemont-workday|1445|1447|2892|1445|t|4.2|EXTRACTED|VALIDATED|EXTRACTED
intersport-france|1435|1435|2870|1435|t|2.5|EXTRACTED|VALIDATED|EXTRACTED
nordstrom|1380|1384|2764|1380|t|5.8|EXTRACTED|VALIDATED|EXTRACTED
levis|1362|1361|2723|1362|t|4.7|EXTRACTED|VALIDATED|EXTRACTED
adidas|1217|1217|2434|1217|t|2.2|EXTRACTED|VALIDATED|EXTRACTED
kering|1189|1189|2378|1189|t|7.3|EXTRACTED|VALIDATED|EXTRACTED
parfums-chanel|1189|1188|2377|1189|t|3.2|EXTRACTED|VALIDATED|EXTRACTED
pandora-talenthub|1015|1015|2030|1015|t|7.4|EXTRACTED|VALIDATED|EXTRACTED
bloomingdales-oracle|992|992|1984|992|t|1.9|EXTRACTED|VALIDATED|EXTRACTED
primark|919|919|1838|919|t|1.5|EXTRACTED|VALIDATED|EXTRACTED
saks|865|866|1731|865|t|2.2|EXTRACTED|VALIDATED|EXTRACTED
nike|859|859|1718|859|t|2.5|EXTRACTED|VALIDATED|EXTRACTED
swarovski|777|778|1555|777|t|2.2|EXTRACTED|VALIDATED|EXTRACTED
hugo-boss-phenom|763|765|1528|763|t|2.2|EXTRACTED|VALIDATED|EXTRACTED
monoprix|751|752|1503|751|t|1.7|EXTRACTED|VALIDATED|EXTRACTED
puma|703|703|1406|703|t|1.7|EXTRACTED|VALIDATED|EXTRACTED
aritzia|556|553|1109|556|t|1.8|EXTRACTED|VALIDATED|EXTRACTED
crocs|552|552|1104|552|t|1.3|EXTRACTED|VALIDATED|EXTRACTED
sandro|548|548|1096|548|t|0.9|EXTRACTED|VALIDATED|EXTRACTED
capri-michael-kors|533|533|1066|533|t|1.6|EXTRACTED|VALIDATED|EXTRACTED
richemont|512|516|1028|512|t|1.5|EXTRACTED|VALIDATED|EXTRACTED
lacoste|495|495|990|495|t|1.0|EXTRACTED|VALIDATED|EXTRACTED
tiffany-oracle|474|474|948|474|t|1.1|EXTRACTED|VALIDATED|EXTRACTED
douglas-sf|468|444|912|468|t|1.2|EXTRACTED|VALIDATED|EXTRACTED
deckers|438|438|876|438|t|1.8|EXTRACTED|VALIDATED|EXTRACTED
nike-nke2|430|430|860|430|t|1.7|EXTRACTED|VALIDATED|EXTRACTED
courir|385|385|770|385|t|0.6|EXTRACTED|VALIDATED|EXTRACTED
madewell|374|374|748|374|t|0.9|EXTRACTED|VALIDATED|EXTRACTED
uniqlo-us-retail|355|355|710|355|t|0.9|EXTRACTED|VALIDATED|EXTRACTED
penningtons|330|330|660|330|t|0.6|EXTRACTED|VALIDATED|EXTRACTED
prada-group|286|286|572|286|t|0.7|EXTRACTED|VALIDATED|EXTRACTED
nocibe-eqwa|269|269|538|269|t|0.6|EXTRACTED|VALIDATED|EXTRACTED
a-derma-4|252|252|504|252|t|0.7|EXTRACTED|VALIDATED|EXTRACTED
avolta|244|244|488|244|t|0.4|EXTRACTED|VALIDATED|EXTRACTED
rolex|232|232|464|232|t|0.6|EXTRACTED|VALIDATED|EXTRACTED
aptar-beauty|212|212|424|212|t|0.6|EXTRACTED|VALIDATED|EXTRACTED
jean-paul-gaultier-5|211|211|422|211|t|0.5|EXTRACTED|VALIDATED|EXTRACTED
marella|199|199|398|199|t|0.4|EXTRACTED|VALIDATED|EXTRACTED
kiabi|196|196|392|196|t|0.5|EXTRACTED|VALIDATED|EXTRACTED
drunk-elephant-2|194|194|388|194|t|0.6|EXTRACTED|VALIDATED|EXTRACTED
dr-martens-tf|189|189|378|189|t|0.3|EXTRACTED|VALIDATED|EXTRACTED
pga-tour-superstore|186|186|372|186|t|0.7|EXTRACTED|VALIDATED|EXTRACTED
beiersdorf|179|179|358|179|t|0.4|EXTRACTED|VALIDATED|EXTRACTED
escada-parfums-16|179|179|358|179|t|0.4|EXTRACTED|VALIDATED|EXTRACTED
decjuba|171|172|343|171|t|0.4|EXTRACTED|VALIDATED|EXTRACTED
mecca|172|172|344|172|t|0.8|EXTRACTED|VALIDATED|EXTRACTED
maison-margiela|154|154|308|154|t|0.4|EXTRACTED|VALIDATED|EXTRACTED
psycho-bunny|151|153|304|151|t|6.5|EXTRACTED|VALIDATED|EXTRACTED
burberry|136|136|272|136|t|0.9|EXTRACTED|VALIDATED|EXTRACTED
conde-nast-france|132|132|264|132|t|0.3|EXTRACTED|VALIDATED|EXTRACTED
movado|128|128|256|128|t|0.4|EXTRACTED|VALIDATED|EXTRACTED
therealreal|124|124|248|124|t|0.4|EXTRACTED|VALIDATED|EXTRACTED
brown-thomas-taleo|120|120|240|120|t|0.2|EXTRACTED|VALIDATED|EXTRACTED
gant|114|114|228|114|t|0.3|EXTRACTED|VALIDATED|EXTRACTED
canada-goose|113|113|226|113|t|0.3|EXTRACTED|VALIDATED|EXTRACTED
uniqlo-stores|111|111|222|111|t|0.3|EXTRACTED|VALIDATED|EXTRACTED
new-balance|102|102|204|102|t|0.4|EXTRACTED|VALIDATED|EXTRACTED
ulta-jibe|101|102|203|101|t|2.4|EXTRACTED|VALIDATED|EXTRACTED
lagardere-travel-retail|101|101|202|101|t|0.2|EXTRACTED|VALIDATED|EXTRACTED
knitwell-us-corporate|98|98|196|98|t|0.3|EXTRACTED|VALIDATED|EXTRACTED
blackstore|97|97|194|97|t|0.3|EXTRACTED|VALIDATED|EXTRACTED
clarins|92|92|184|92|t|0.2|EXTRACTED|VALIDATED|EXTRACTED
jules|92|92|184|92|t|0.1|EXTRACTED|VALIDATED|EXTRACTED
dolce-gabbana|91|91|182|91|t|0.2|EXTRACTED|VALIDATED|EXTRACTED
audemars-piguet|84|84|168|84|t|0.1|EXTRACTED|VALIDATED|EXTRACTED
groupe-printemps|83|83|166|83|t|0.2|EXTRACTED|VALIDATED|EXTRACTED
alberto|81|81|162|81|t|0.1|EXTRACTED|VALIDATED|EXTRACTED
dr-pierre-ricaud|81|81|162|81|t|0.2|EXTRACTED|VALIDATED|EXTRACTED
salomon|81|81|162|81|t|0.1|EXTRACTED|VALIDATED|EXTRACTED
valentino|81|81|162|81|t|0.2|EXTRACTED|VALIDATED|EXTRACTED
eric-bompard|77|77|154|77|t|0.1|EXTRACTED|VALIDATED|EXTRACTED
uniqlo-au-stores|74|74|148|74|t|0.2|EXTRACTED|VALIDATED|EXTRACTED
zegna-altamira|74|74|148|74|t|0.5|EXTRACTED|VALIDATED|EXTRACTED
asos|72|72|144|72|t|0.1|EXTRACTED|VALIDATED|EXTRACTED
lindex-easycruit|67|67|134|67|t|0.2|EXTRACTED|VALIDATED|EXTRACTED
selfridges|67|67|134|67|t|0.2|EXTRACTED|VALIDATED|EXTRACTED
aigle|65|65|130|65|t|0.2|EXTRACTED|VALIDATED|EXTRACTED
the-kooples|64|64|128|64|t|0.1|EXTRACTED|VALIDATED|EXTRACTED
everything-but-water|60|60|120|60|t|0.2|EXTRACTED|VALIDATED|EXTRACTED
lvmh|60|60|120|60|t|1.1|EXTRACTED|VALIDATED|EXTRACTED
american-vintage-dr|59|59|118|59|t|0.2|EXTRACTED|VALIDATED|EXTRACTED
luxexperience|59|59|118|59|t|0.1|EXTRACTED|VALIDATED|EXTRACTED
pepco|59|59|118|59|t|0.2|EXTRACTED|VALIDATED|EXTRACTED
breitling-sf|53|53|106|53|t|0.1|EXTRACTED|VALIDATED|EXTRACTED
b-s-international|52|52|104|52|t|0.1|EXTRACTED|VALIDATED|EXTRACTED
capri-jimmy-choo|52|52|104|52|t|0.2|EXTRACTED|VALIDATED|EXTRACTED
bash-talents|51|51|102|51|t|0.2|EXTRACTED|VALIDATED|EXTRACTED
nars|51|51|102|51|t|0.1|EXTRACTED|VALIDATED|EXTRACTED
caudalie|48|48|96|48|t|0.1|EXTRACTED|VALIDATED|EXTRACTED
promod|48|48|96|48|t|0.1|EXTRACTED|VALIDATED|EXTRACTED
boardriders|47|47|94|47|t|0.1|EXTRACTED|VALIDATED|EXTRACTED
brunello-cucinelli|47|47|94|47|t|0.1|EXTRACTED|VALIDATED|EXTRACTED
mascot-workwear|47|47|94|47|t|0.1|EXTRACTED|VALIDATED|EXTRACTED
petit-bateau|46|46|92|46|t|0.1|EXTRACTED|VALIDATED|EXTRACTED
sisley|43|43|86|43|t|0.1|EXTRACTED|VALIDATED|EXTRACTED
fenwick-volcanic|39|39|78|39|t|0.3|EXTRACTED|VALIDATED|EXTRACTED
rivoli-typesense|38|38|76|38|t|0.2|EXTRACTED|VALIDATED|EXTRACTED
saltrock-harri|38|38|76|38|t|0.1|EXTRACTED|VALIDATED|EXTRACTED
thomas-sabo|38|38|76|38|t|0.1|EXTRACTED|VALIDATED|EXTRACTED
asics|35|35|70|35|t|0.2|EXTRACTED|VALIDATED|EXTRACTED
l-occitane-en-provence-2|35|35|70|35|t|0.1|EXTRACTED|VALIDATED|EXTRACTED
la-prairie|34|34|68|34|t|0.1|EXTRACTED|VALIDATED|EXTRACTED
goyard-successfactors|33|33|66|33|t|0.1|EXTRACTED|VALIDATED|EXTRACTED
groupe-chantelle|33|33|66|33|t|0.1|EXTRACTED|VALIDATED|EXTRACTED
lancel|33|33|66|33|t|0.1|EXTRACTED|VALIDATED|EXTRACTED
rituals|33|33|66|33|t|0.2|EXTRACTED|VALIDATED|EXTRACTED
acne-studios-jobylon|32|32|64|32|t|0.1|EXTRACTED|VALIDATED|EXTRACTED
stella-mccartney|32|32|64|32|t|0.1|EXTRACTED|VALIDATED|EXTRACTED
foot-locker-france|31|31|62|31|t|1.7|EXTRACTED|VALIDATED|EXTRACTED
naos|31|31|62|31|t|0.1|EXTRACTED|VALIDATED|EXTRACTED
oska|31|31|62|31|t|0.2|EXTRACTED|VALIDATED|EXTRACTED
longchamp|30|30|60|30|t|0.1|EXTRACTED|VALIDATED|EXTRACTED
damiani|29|29|58|29|t|0.1|EXTRACTED|VALIDATED|EXTRACTED
globus|27|27|54|27|t|0.1|EXTRACTED|VALIDATED|EXTRACTED
luxury-of-retail|27|27|54|27|t|0.1|EXTRACTED|VALIDATED|EXTRACTED
peacocks|26|26|52|26|t|0.0|EXTRACTED|VALIDATED|EXTRACTED
bevilles-jewellers|24|24|48|24|t|0.1|EXTRACTED|VALIDATED|EXTRACTED
funky-buddha|24|24|48|24|t|0.0|EXTRACTED|VALIDATED|EXTRACTED
end-clothing|22|22|44|22|t|0.2|EXTRACTED|VALIDATED|EXTRACTED
laverana-gmbh-co-kg|20|20|40|20|t|0.0|EXTRACTED|VALIDATED|EXTRACTED
apm-monaco|19|19|38|19|t|0.4|EXTRACTED|VALIDATED|EXTRACTED
baccarat|19|19|38|19|t|0.0|EXTRACTED|VALIDATED|EXTRACTED
theory-eu|19|19|38|19|t|0.0|EXTRACTED|VALIDATED|EXTRACTED
uniqlo-headquarters|19|19|38|19|t|0.0|EXTRACTED|VALIDATED|EXTRACTED
aeropostale|17|17|34|17|t|0.1|EXTRACTED|VALIDATED|EXTRACTED
knitwell-us-distribution|16|16|32|16|t|0.1|EXTRACTED|VALIDATED|EXTRACTED
madame-figaro|16|16|32|16|t|0.0|EXTRACTED|VALIDATED|EXTRACTED
chico-s|14|14|28|14|t|0.1|EXTRACTED|VALIDATED|EXTRACTED
lovisa|14|14|28|14|t|0.3|EXTRACTED|VALIDATED|EXTRACTED
sezane|14|14|28|14|t|0.3|EXTRACTED|VALIDATED|EXTRACTED
claires-workday|13|13|26|13|t|0.1|EXTRACTED|VALIDATED|EXTRACTED
patek-philippe|13|13|26|13|t|0.0|EXTRACTED|VALIDATED|EXTRACTED
tods|13|13|26|13|t|0.0|EXTRACTED|VALIDATED|EXTRACTED
closed|12|12|24|12|t|0.0|EXTRACTED|VALIDATED|EXTRACTED
uniqlo-graduates|12|12|24|12|t|0.0|EXTRACTED|VALIDATED|EXTRACTED
uniqlo-vn-headquarters|12|12|24|12|t|0.0|EXTRACTED|VALIDATED|EXTRACTED
ferrari|11|11|22|11|t|0.0|EXTRACTED|VALIDATED|EXTRACTED
pegador|11|11|22|11|t|0.0|EXTRACTED|VALIDATED|EXTRACTED
stanley-stella|10|10|20|10|t|0.0|EXTRACTED|VALIDATED|EXTRACTED
uniqlo-us-headquarters|10|10|20|10|t|0.0|EXTRACTED|VALIDATED|EXTRACTED
abercrombie|9|9|18|9|t|0.0|EXTRACTED|VALIDATED|EXTRACTED
aeyde|9|9|18|9|t|0.0|EXTRACTED|VALIDATED|EXTRACTED
ballantynes|9|9|18|9|t|0.0|EXTRACTED|VALIDATED|EXTRACTED
uniqlo-hkm-headquarters|9|9|18|9|t|0.0|EXTRACTED|VALIDATED|EXTRACTED
wehkamp|9|9|18|9|t|0.0|EXTRACTED|VALIDATED|EXTRACTED
essilorluxottica|8|8|16|8|t|0.0|EXTRACTED|VALIDATED|EXTRACTED
jansport|8|8|16|8|t|0.1|EXTRACTED|VALIDATED|EXTRACTED
la-redoute-talentview|8|8|16|8|t|0.0|EXTRACTED|VALIDATED|EXTRACTED
gu-us-retail|7|7|14|7|t|0.0|EXTRACTED|VALIDATED|EXTRACTED
la-casa-de-las-carcasas|7|7|14|7|t|0.1|EXTRACTED|VALIDATED|EXTRACTED
theory-us-retail|7|7|14|7|t|0.0|EXTRACTED|VALIDATED|EXTRACTED
yema|7|7|14|7|t|0.0|EXTRACTED|VALIDATED|EXTRACTED
balmain|6|6|12|6|t|0.0|EXTRACTED|VALIDATED|EXTRACTED
baron|6|6|12|6|t|0.0|EXTRACTED|VALIDATED|EXTRACTED
dfs|5|5|10|5|t|0.1|EXTRACTED|VALIDATED|EXTRACTED
eastpak|5|5|10|5|t|0.0|EXTRACTED|VALIDATED|EXTRACTED
element-6|5|5|10|5|t|0.1|EXTRACTED|VALIDATED|EXTRACTED
el-palacio-de-hierro|5|5|10|5|t|0.1|EXTRACTED|VALIDATED|EXTRACTED
fast-retailing-id-headquarters|5|5|10|5|t|0.0|EXTRACTED|VALIDATED|EXTRACTED
julie-grace|5|5|10|5|t|0.0|EXTRACTED|VALIDATED|EXTRACTED
normal|5|5|10|5|t|0.1|EXTRACTED|VALIDATED|EXTRACTED
uniqlo-my-headquarters|5|5|10|5|t|0.0|EXTRACTED|VALIDATED|EXTRACTED
585-gold|4|4|8|4|t|0.0|EXTRACTED|VALIDATED|EXTRACTED
bonsoirs|4|4|8|4|t|0.0|EXTRACTED|VALIDATED|EXTRACTED
fast-retailing-ph-headquarters|4|4|8|4|t|0.0|EXTRACTED|VALIDATED|EXTRACTED
got-bag|4|4|8|4|t|0.0|EXTRACTED|VALIDATED|EXTRACTED
joe-fresh|4|4|8|4|t|0.0|EXTRACTED|VALIDATED|EXTRACTED
alpha-industries|3|3|6|3|t|0.0|EXTRACTED|VALIDATED|EXTRACTED
arcteryx|3|3|6|3|t|0.2|EXTRACTED|VALIDATED|EXTRACTED
bloom|3|3|6|3|t|0.0|EXTRACTED|VALIDATED|EXTRACTED
buck-mason|3|3|6|3|t|0.1|EXTRACTED|VALIDATED|EXTRACTED
etam|3|3|6|3|t|0.1|EXTRACTED|VALIDATED|EXTRACTED
gu-hk-headquarters|3|3|6|3|t|0.0|EXTRACTED|VALIDATED|EXTRACTED
gu-us-headquarters|3|3|6|3|t|0.0|EXTRACTED|VALIDATED|EXTRACTED
l-oreal-professionnel|1804|3|1807|1804|t|13.6|EXTRACTED|VALIDATED|FAILED
merz-b-schwanen|3|3|6|3|t|0.0|EXTRACTED|VALIDATED|EXTRACTED
taylor-stitch|3|3|6|3|t|0.0|EXTRACTED|VALIDATED|EXTRACTED
uniqlo-au-graduates|3|3|6|3|t|0.0|EXTRACTED|VALIDATED|EXTRACTED
uniqlo-th-headquarters|3|3|6|3|t|0.0|EXTRACTED|VALIDATED|EXTRACTED
akira|2|2|4|2|t|0.1|EXTRACTED|VALIDATED|EXTRACTED
apivita|2|2|4|2|t|0.0|EXTRACTED|VALIDATED|EXTRACTED
aroma-zone|2|2|4|2|t|0.0|EXTRACTED|VALIDATED|EXTRACTED
bellabeat|2|2|4|2|t|0.0|EXTRACTED|VALIDATED|EXTRACTED
chalhoub|2|2|4|2|t|0.1|EXTRACTED|VALIDATED|EXTRACTED
chisholm-hunter|2|2|4|2|t|0.0|EXTRACTED|VALIDATED|EXTRACTED
cynthia-rowley|2|2|4|2|t|0.0|EXTRACTED|VALIDATED|EXTRACTED
eram-3|2|2|4|2|t|0.0|EXTRACTED|VALIDATED|EXTRACTED
galeries-lafayette|2|2|4|2|t|0.1|EXTRACTED|VALIDATED|EXTRACTED
groundies|2|2|4|2|t|0.0|EXTRACTED|VALIDATED|EXTRACTED
hans-anders|2|2|4|2|t|0.0|EXTRACTED|VALIDATED|EXTRACTED
innisfree|2|2|4|2|t|0.0|EXTRACTED|VALIDATED|EXTRACTED
it-s-fashion|2|2|4|2|t|0.0|EXTRACTED|VALIDATED|EXTRACTED
kidzart|2|2|4|2|t|0.0|EXTRACTED|VALIDATED|EXTRACTED
lagardere-duty-free|2|2|4|2|t|0.0|EXTRACTED|VALIDATED|EXTRACTED
lagardere-travel-retail-de|2|2|4|2|t|0.0|EXTRACTED|VALIDATED|EXTRACTED
lerros|2|2|4|2|t|0.0|EXTRACTED|VALIDATED|EXTRACTED
mvmt|2|2|4|2|t|0.0|EXTRACTED|VALIDATED|EXTRACTED
ortovox|2|2|4|2|t|0.0|EXTRACTED|VALIDATED|EXTRACTED
parco|2|2|4|2|t|0.0|EXTRACTED|VALIDATED|EXTRACTED
point-zero|2|2|4|2|t|0.0|EXTRACTED|VALIDATED|EXTRACTED
sacoor-brothers|2|2|4|2|t|0.0|EXTRACTED|VALIDATED|EXTRACTED
space-nk|2|2|4|2|t|0.0|EXTRACTED|VALIDATED|EXTRACTED
united-colors-of-benetton|2|2|4|2|t|0.0|EXTRACTED|VALIDATED|EXTRACTED
velvet-canyon|2|2|4|2|t|0.0|EXTRACTED|VALIDATED|EXTRACTED
visionlab|2|2|4|2|t|0.0|EXTRACTED|VALIDATED|EXTRACTED
white-stuff|2|2|4|2|t|0.0|EXTRACTED|VALIDATED|EXTRACTED
ackermans|1|1|2|1|t|0.0|EXTRACTED|VALIDATED|EXTRACTED
adopt-parfums|1|1|2|1|t|0.0|EXTRACTED|VALIDATED|EXTRACTED
aime-leon-dore|1|1|2|1|t|0.0|EXTRACTED|VALIDATED|EXTRACTED
aim-n|1|1|2|1|t|0.0|EXTRACTED|VALIDATED|EXTRACTED
ami-paris|1|1|2|1|t|0.0|EXTRACTED|VALIDATED|EXTRACTED
amiri|1|1|2|1|t|0.0|EXTRACTED|VALIDATED|EXTRACTED
annoushka|1|1|2|1|t|0.0|EXTRACTED|VALIDATED|EXTRACTED
armand-thiery-flatchr|1|1|2|1|t|0.0|EXTRACTED|VALIDATED|EXTRACTED
asket|1|1|2|1|t|0.0|EXTRACTED|VALIDATED|EXTRACTED
axel-arigato|1|1|2|1|t|0.0|EXTRACTED|VALIDATED|EXTRACTED
beauty-success-geodir|1|1|2|1|t|0.2|EXTRACTED|VALIDATED|EXTRACTED
bella-canvas|1|1|2|1|t|0.0|EXTRACTED|VALIDATED|EXTRACTED
bellroy|1|1|2|1|t|0.0|EXTRACTED|VALIDATED|EXTRACTED
belstaff|1|1|2|1|t|0.0|EXTRACTED|VALIDATED|EXTRACTED
bernadette|1|1|2|1|t|0.0|EXTRACTED|VALIDATED|EXTRACTED
bespoke-post|1|1|2|1|t|0.0|EXTRACTED|VALIDATED|EXTRACTED
blacks|1|1|2|1|t|0.0|EXTRACTED|VALIDATED|EXTRACTED
blue-banana|1|1|2|1|t|0.0|EXTRACTED|VALIDATED|EXTRACTED
blueland|1|1|2|1|t|0.0|EXTRACTED|VALIDATED|EXTRACTED
boggi-milano|1|1|2|1|t|0.0|EXTRACTED|VALIDATED|EXTRACTED
bombas|1|1|2|1|t|0.0|EXTRACTED|VALIDATED|EXTRACTED
bravissimo|1|1|2|1|t|0.0|EXTRACTED|VALIDATED|EXTRACTED
brilliant-earth|1|1|2|1|t|0.1|EXTRACTED|VALIDATED|EXTRACTED
brothers|1|1|2|1|t|0.0|EXTRACTED|VALIDATED|EXTRACTED
browns|1|1|2|1|t|0.0|EXTRACTED|VALIDATED|EXTRACTED
browns-shoes|1|1|2|1|t|0.0|EXTRACTED|VALIDATED|EXTRACTED
bubble|1|1|2|1|t|0.0|EXTRACTED|VALIDATED|EXTRACTED
buff|1|1|2|1|t|0.0|EXTRACTED|VALIDATED|EXTRACTED
burnt|1|1|2|1|t|0.0|EXTRACTED|VALIDATED|EXTRACTED
bzb|1|1|2|1|t|0.0|EXTRACTED|VALIDATED|EXTRACTED
cabaia|1|1|2|1|t|0.0|EXTRACTED|VALIDATED|EXTRACTED
cambio|1|1|2|1|t|0.0|EXTRACTED|VALIDATED|EXTRACTED
camper|1|1|2|1|t|0.0|EXTRACTED|VALIDATED|EXTRACTED
castore|1|1|2|1|t|0.0|EXTRACTED|VALIDATED|EXTRACTED
catbird|1|1|2|1|t|0.0|EXTRACTED|VALIDATED|EXTRACTED
celio|1|1|2|1|t|0.0|EXTRACTED|VALIDATED|EXTRACTED
chrome|1|1|2|1|t|0.0|EXTRACTED|VALIDATED|EXTRACTED
city-beauty|1|1|2|1|t|0.0|EXTRACTED|VALIDATED|EXTRACTED
clarkson-eyecare|1|1|2|1|t|0.0|EXTRACTED|VALIDATED|EXTRACTED
club-l-london|1|1|2|1|t|0.0|EXTRACTED|VALIDATED|EXTRACTED
club-monaco|1|1|2|1|t|0.0|EXTRACTED|VALIDATED|EXTRACTED
cove|1|1|2|1|t|0.0|EXTRACTED|VALIDATED|EXTRACTED
cuyana|1|1|2|1|t|0.0|EXTRACTED|VALIDATED|EXTRACTED
damart|1|1|2|1|t|0.0|EXTRACTED|VALIDATED|EXTRACTED
dolls-kill|1|1|2|1|t|0.0|EXTRACTED|VALIDATED|EXTRACTED
dune-london|1|1|2|1|t|0.0|EXTRACTED|VALIDATED|EXTRACTED
ephemera|1|1|2|1|t|0.0|EXTRACTED|VALIDATED|EXTRACTED
eurofragrance|1|1|2|1|t|0.0|EXTRACTED|VALIDATED|EXTRACTED
everlane|1|1|2|1|t|0.0|EXTRACTED|VALIDATED|EXTRACTED
faguo|1|1|2|1|t|0.0|EXTRACTED|VALIDATED|EXTRACTED
figs|1|1|2|1|t|0.0|EXTRACTED|VALIDATED|EXTRACTED
filson|1|1|2|1|t|0.0|EXTRACTED|VALIDATED|EXTRACTED
fitflop|1|1|2|1|t|0.0|EXTRACTED|VALIDATED|EXTRACTED
fjallraven|1|1|2|1|t|0.0|EXTRACTED|VALIDATED|EXTRACTED
frank-darling|1|1|2|1|t|0.0|EXTRACTED|VALIDATED|EXTRACTED
fred-perry|1|1|2|1|t|0.0|EXTRACTED|VALIDATED|EXTRACTED
georges|1|1|2|1|t|0.0|EXTRACTED|VALIDATED|EXTRACTED
g-label-by-goop|1|1|2|1|t|0.0|EXTRACTED|VALIDATED|EXTRACTED
glitter|1|1|2|1|t|0.0|EXTRACTED|VALIDATED|EXTRACTED
glossier|1|1|2|1|t|0.0|EXTRACTED|VALIDATED|EXTRACTED
good-american|1|1|2|1|t|0.0|EXTRACTED|VALIDATED|EXTRACTED
go-outdoors|1|1|2|1|t|0.0|EXTRACTED|VALIDATED|EXTRACTED
gorjana|1|1|2|1|t|0.0|EXTRACTED|VALIDATED|EXTRACTED
gymshark|1|1|2|1|t|0.0|EXTRACTED|VALIDATED|EXTRACTED
hanna-andersson|1|1|2|1|t|0.1|EXTRACTED|VALIDATED|EXTRACTED
happy-socks|1|1|2|1|t|0.0|EXTRACTED|VALIDATED|EXTRACTED
herschel-supply-co|1|1|2|1|t|0.0|EXTRACTED|VALIDATED|EXTRACTED
hoff|1|1|2|1|t|0.0|EXTRACTED|VALIDATED|EXTRACTED
honey-birdette|1|1|2|1|t|0.0|EXTRACTED|VALIDATED|EXTRACTED
horace|1|1|2|1|t|0.0|EXTRACTED|VALIDATED|EXTRACTED
hot-topic|1|1|2|1|t|0.0|EXTRACTED|VALIDATED|EXTRACTED
ilia|1|1|2|1|t|0.0|EXTRACTED|VALIDATED|EXTRACTED
indiska|1|1|2|1|t|0.0|EXTRACTED|VALIDATED|EXTRACTED
intersport|1|1|2|1|t|0.0|EXTRACTED|VALIDATED|EXTRACTED
iris-van-herpen|1|1|2|1|t|0.0|EXTRACTED|VALIDATED|EXTRACTED
jd-sports|1|1|2|1|t|0.0|EXTRACTED|VALIDATED|EXTRACTED
jeans-centre|1|1|2|1|t|0.0|EXTRACTED|VALIDATED|EXTRACTED
jewells|1|1|2|1|t|0.0|EXTRACTED|VALIDATED|EXTRACTED
j-lindeberg|1|1|2|1|t|0.0|EXTRACTED|VALIDATED|EXTRACTED
john-henric|1|1|2|1|t|0.0|EXTRACTED|VALIDATED|EXTRACTED
jojo-maman-bebe|1|1|2|1|t|0.0|EXTRACTED|VALIDATED|EXTRACTED
jonsson-workwear|1|1|2|1|t|0.0|EXTRACTED|VALIDATED|EXTRACTED
kapten-son|1|1|2|1|t|0.0|EXTRACTED|VALIDATED|EXTRACTED
karla-otto|1|1|2|1|t|0.0|EXTRACTED|VALIDATED|EXTRACTED
kate-mcleod|1|1|2|1|t|0.0|EXTRACTED|VALIDATED|EXTRACTED
katie-loxton|1|1|2|1|t|0.0|EXTRACTED|VALIDATED|EXTRACTED
kicks|1|1|2|1|t|0.0|EXTRACTED|VALIDATED|EXTRACTED
kiko-milano|1|1|2|1|t|0.0|EXTRACTED|VALIDATED|EXTRACTED
killstar|1|1|2|1|t|0.0|EXTRACTED|VALIDATED|EXTRACTED
klattermusen|1|1|2|1|t|0.0|EXTRACTED|VALIDATED|EXTRACTED
kult-olymp-hades|1|1|2|1|t|0.0|EXTRACTED|VALIDATED|EXTRACTED
la-fee-maraboutee|1|1|2|1|t|0.0|EXTRACTED|VALIDATED|EXTRACTED
lager-157|1|1|2|1|t|0.0|EXTRACTED|VALIDATED|EXTRACTED
la-senza|1|1|2|1|t|0.0|EXTRACTED|VALIDATED|EXTRACTED
lavish-alice|1|1|2|1|t|0.0|EXTRACTED|VALIDATED|EXTRACTED
lensa|1|1|2|1|t|0.0|EXTRACTED|VALIDATED|EXTRACTED
lexington|1|1|2|1|t|0.0|EXTRACTED|VALIDATED|EXTRACTED
little-words-project|1|1|2|1|t|0.0|EXTRACTED|VALIDATED|EXTRACTED
loccitane-fr|1|1|2|1|t|0.0|EXTRACTED|VALIDATED|EXTRACTED
loplabbet|1|1|2|1|t|0.0|EXTRACTED|VALIDATED|EXTRACTED
lounge|1|1|2|1|t|0.0|EXTRACTED|VALIDATED|EXTRACTED
lovable|1|1|2|1|t|0.0|EXTRACTED|VALIDATED|EXTRACTED
lucy-yak|1|1|2|1|t|0.0|EXTRACTED|VALIDATED|EXTRACTED
luhta|1|1|2|1|t|0.1|EXTRACTED|VALIDATED|EXTRACTED
lush|1|1|2|1|t|0.0|EXTRACTED|VALIDATED|EXTRACTED
madhappy|1|1|2|1|t|0.0|EXTRACTED|VALIDATED|EXTRACTED
magasin-du-nord|1|1|2|1|t|0.0|EXTRACTED|VALIDATED|EXTRACTED
maison-123|1|1|2|1|t|0.0|EXTRACTED|VALIDATED|EXTRACTED
margaret-howell|1|1|2|1|t|0.0|EXTRACTED|VALIDATED|EXTRACTED
medik8|1|1|2|1|t|0.0|EXTRACTED|VALIDATED|EXTRACTED
mejuri|1|1|2|1|t|0.0|EXTRACTED|VALIDATED|EXTRACTED
merkal|1|1|2|1|t|0.0|EXTRACTED|VALIDATED|EXTRACTED
molton-brown|1|1|2|1|t|0.0|EXTRACTED|VALIDATED|EXTRACTED
monica-vinader|1|1|2|1|t|0.0|EXTRACTED|VALIDATED|EXTRACTED
motel|1|1|2|1|t|0.0|EXTRACTED|VALIDATED|EXTRACTED
mq-marqet|1|1|2|1|t|0.0|EXTRACTED|VALIDATED|EXTRACTED
mr-marvis|1|1|2|1|t|0.0|EXTRACTED|VALIDATED|EXTRACTED
ms-mode|1|1|2|1|t|0.0|EXTRACTED|VALIDATED|EXTRACTED
mulberry|1|1|2|1|t|0.0|EXTRACTED|VALIDATED|EXTRACTED
multiopticas|1|1|2|1|t|0.0|EXTRACTED|VALIDATED|EXTRACTED
my-jewellery|1|1|2|1|t|0.0|EXTRACTED|VALIDATED|EXTRACTED
naturkompaniet|1|1|2|1|t|0.0|EXTRACTED|VALIDATED|EXTRACTED
nikin|1|1|2|1|t|0.0|EXTRACTED|VALIDATED|EXTRACTED
nude-project|1|1|2|1|t|0.0|EXTRACTED|VALIDATED|EXTRACTED
nudie-jeans|1|1|2|1|t|0.0|EXTRACTED|VALIDATED|EXTRACTED
nutrafol|1|1|2|1|t|0.0|EXTRACTED|VALIDATED|EXTRACTED
nutrire|1|1|2|1|t|0.0|EXTRACTED|VALIDATED|EXTRACTED
nyx-professional-makeup|1|1|2|1|t|0.0|EXTRACTED|VALIDATED|EXTRACTED
oak-essentials|1|1|2|1|t|0.0|EXTRACTED|VALIDATED|EXTRACTED
oh-my-cream|1|1|2|1|t|0.0|EXTRACTED|VALIDATED|EXTRACTED
oh-polly|1|1|2|1|t|0.0|EXTRACTED|VALIDATED|EXTRACTED
olaplex|1|1|2|1|t|0.0|EXTRACTED|VALIDATED|EXTRACTED
on-running|1|1|2|1|t|0.0|EXTRACTED|VALIDATED|EXTRACTED
orchestra|1|1|2|1|t|0.0|EXTRACTED|VALIDATED|EXTRACTED
orlebar-brown|1|1|2|1|t|0.0|EXTRACTED|VALIDATED|EXTRACTED
ounass|1|1|2|1|t|0.0|EXTRACTED|VALIDATED|EXTRACTED
parachute|1|1|2|1|t|0.0|EXTRACTED|VALIDATED|EXTRACTED
passage-du-desir|1|1|2|1|t|0.0|EXTRACTED|VALIDATED|EXTRACTED
peak-performance|1|1|2|1|t|0.0|EXTRACTED|VALIDATED|EXTRACTED
petrol-industries|1|1|2|1|t|0.0|EXTRACTED|VALIDATED|EXTRACTED
polene|1|1|2|1|t|0.0|EXTRACTED|VALIDATED|EXTRACTED
printful|1|1|2|1|t|0.0|EXTRACTED|VALIDATED|EXTRACTED
prisma-media|1|1|2|1|t|0.0|EXTRACTED|VALIDATED|EXTRACTED
profil-optik|1|1|2|1|t|0.0|EXTRACTED|VALIDATED|EXTRACTED
profuomo|1|1|2|1|t|0.0|EXTRACTED|VALIDATED|EXTRACTED
pronovias|1|1|2|1|t|0.0|EXTRACTED|VALIDATED|EXTRACTED
quince|1|1|2|1|t|0.0|EXTRACTED|VALIDATED|EXTRACTED
realself|1|1|2|1|t|0.0|EXTRACTED|VALIDATED|EXTRACTED
rebag|1|1|2|1|t|0.0|EXTRACTED|VALIDATED|EXTRACTED
reformation|1|1|2|1|t|0.0|EXTRACTED|VALIDATED|EXTRACTED
riu-paris|1|1|2|1|t|0.0|EXTRACTED|VALIDATED|EXTRACTED
sabon|1|1|2|1|t|0.0|EXTRACTED|VALIDATED|EXTRACTED
saffron|1|1|2|1|t|0.0|EXTRACTED|VALIDATED|EXTRACTED
shein|1|1|2|1|t|0.2|EXTRACTED|VALIDATED|EXTRACTED
shinola|1|1|2|1|t|0.0|EXTRACTED|VALIDATED|EXTRACTED
shinola-retail|1|1|2|1|t|0.0|EXTRACTED|VALIDATED|EXTRACTED
showroomprive|1|1|2|1|t|0.0|EXTRACTED|VALIDATED|EXTRACTED
siebel-juweliers|1|1|2|1|t|0.0|EXTRACTED|VALIDATED|EXTRACTED
silbon|1|1|2|1|t|0.1|EXTRACTED|VALIDATED|EXTRACTED
singularu|1|1|2|1|t|0.0|EXTRACTED|VALIDATED|EXTRACTED
skin-laundry|1|1|2|1|t|0.0|EXTRACTED|VALIDATED|EXTRACTED
soeur|1|1|2|1|t|0.0|EXTRACTED|VALIDATED|EXTRACTED
spinelli-kilcollin|2|1|3|2|t|0.4|EXTRACTED|VALIDATED|EXTRACTED
ssense|1|1|2|1|t|0.0|EXTRACTED|VALIDATED|EXTRACTED
state-of-art|1|1|2|1|t|0.0|EXTRACTED|VALIDATED|EXTRACTED
subset|1|1|2|1|t|0.0|EXTRACTED|VALIDATED|EXTRACTED
suitsupply|1|1|2|1|t|0.0|EXTRACTED|VALIDATED|EXTRACTED
supergoop|1|1|2|1|t|0.0|EXTRACTED|VALIDATED|EXTRACTED
tekla|1|1|2|1|t|0.0|EXTRACTED|VALIDATED|EXTRACTED
thirdlove|1|1|2|1|t|0.0|EXTRACTED|VALIDATED|EXTRACTED
tiger-of-sweden|1|1|2|1|t|0.0|EXTRACTED|VALIDATED|EXTRACTED
tom-wood|1|1|2|1|t|0.0|EXTRACTED|VALIDATED|EXTRACTED
toscane|1|1|2|1|t|0.0|EXTRACTED|VALIDATED|EXTRACTED
toteme|1|1|2|1|t|0.0|EXTRACTED|VALIDATED|EXTRACTED
tropicfeel|1|1|2|1|t|0.0|EXTRACTED|VALIDATED|EXTRACTED
trussardi|1|1|2|1|t|0.0|EXTRACTED|VALIDATED|EXTRACTED
typology|1|1|2|1|t|0.0|EXTRACTED|VALIDATED|EXTRACTED
undiz|1|1|2|1|t|0.0|EXTRACTED|VALIDATED|EXTRACTED
veronica-beard|1|1|2|1|t|0.0|EXTRACTED|VALIDATED|EXTRACTED
vestiaire-collective|1|1|2|1|t|0.0|EXTRACTED|VALIDATED|EXTRACTED
vivienne-westwood|1|1|2|1|t|0.0|EXTRACTED|VALIDATED|EXTRACTED
vivobarefoot|1|1|2|1|t|0.0|EXTRACTED|VALIDATED|EXTRACTED
vlisco|1|1|2|1|t|0.0|EXTRACTED|VALIDATED|EXTRACTED
yaya|1|1|2|1|t|0.0|EXTRACTED|VALIDATED|EXTRACTED
yse-paris|1|1|2|1|t|0.0|EXTRACTED|VALIDATED|EXTRACTED
attaquer|8|8|16|16|f|0.0|EXTRACTED|VALIDATED|EXTRACTED
diptyque-workday|197|0|197|197|f||EXTRACTED|VALIDATED|
ganni-talentrecruiter|21|0|21|21|f||EXTRACTED|REJECTED|
gemmyo|7|7|14|14|f|0.0|EXTRACTED|VALIDATED|EXTRACTED
kastner-ohler|19|19|38|38|f|0.0|EXTRACTED|VALIDATED|EXTRACTED
lumentee|6|6|12|12|f|0.1|EXTRACTED|VALIDATED|EXTRACTED
picard|1|1|2|2|f|0.0|EXTRACTED|VALIDATED|EXTRACTED
tapestry|2647|2586|5233|5233|f|9.6|EXTRACTED|VALIDATED|EXTRACTED
versace|3|0|3|3|f||FAILED||
sourceKey|lot|commande|debut|role|requetes|status|extraites|validation
l-oreal-professionnel|f700a47d|ingest-all|10-01 16:03:20|qualification|1804|EXTRACTED|1717|VALIDATED/COMPLETE
l-oreal-professionnel|edd62949|ingest-all|10-01 16:16:54|ingestion|3|FAILED|0|
ralph-lauren-avature|da424ede|source-campaign|10-02 09:56:05|qualification|1362|EXTRACTED|1160|VALIDATED/UNKNOWN
ralph-lauren-avature|c81e14a5|ingest|10-02 10:05:34|ingestion|9|FAILED|0|
