servies 2026-09-23T07:22 : 34296 (historique) / 34296 (avec sources)
servies 2026-09-23T09:45 : 45981 (historique) / 45981 (avec sources)
servies 2026-09-23T17:44 : 64464 (historique) / 64464 (avec sources)
servies 2026-09-24T19:22 : 75396 (historique) / 75396 (avec sources)
servies 2026-09-25T18:09 : 76529 (historique) / 76529 (avec sources)
servies 2026-09-26T18:04 : 76359 (historique) / 76359 (avec sources)
servies 2026-09-27T17:41 : 76171 (historique) / 76171 (avec sources)
servies 2026-09-28T20:15 : 78124 (historique) / 78124 (avec sources)
servies 2026-09-29T17:41 : 79445 (historique) / 79445 (avec sources)
servies 2026-09-30T20:08 : 85081 (historique) / 85081 (avec sources)
servies 2026-10-01T18:25 : 86484 (historique) / 86484 (avec sources)

## RUN 2026-09-23 c4c32dcb (COMPLETED_WITH_ERRORS)
référence : 0 RUN ; alertes qui réveillent : 181 (nouvelles 181, à réparer 181, à vérifier 0) ; pour information : 0
- [A_REPARER] Source ulta-jibe · menace · collecte en échec ou incomplète (de notre côté) · nouvelle | 10 035 offres servies ne tiennent qu’à cette collecte, en échec à ce RUN | touche : marché États-Unis 10 035 (54,6 %) ; Ulta Beauty 10 035 (100 %) | Source à réparer : ulta-jibe (10 035 ; BROKEN : 1 erreurs de collecte ou d’écriture : Access decision must be renewed for the current source revision, reader and evidence) ; masquées à partir du 23/09 08:23 UTC si la collecte ne reprend pas ; relancer : ingest --source=ulta-jibe
- [A_REPARER] Source lvmh · menace · collecte en échec ou incomplète (de notre côté) · nouvelle | 6 141 offres servies ne tiennent qu’à cette collecte, en échec à ce RUN | touche : Sephora 2 488 (100 %) ; marché États-Unis 2 105 (11,5 %) ; marché France 1 435 (32,2 %) ; Louis Vuitton 652 (100 %) ; marché Chine 579 (71,1 %) ; Christian Dior Couture 484 (100 %) ; et 77 autres | Source à réparer : lvmh (6 141 ; BROKEN : 1 erreurs de collecte ou d’écriture : Access decision must be renewed for the current source revision, reader and evidence) ; masquées à partir du 22/09 12:04 UTC si la collecte ne reprend pas ; relancer : ingest --source=lvmh
- [A_REPARER] Source nordstrom · menace · collecte en échec ou incomplète (de notre côté) · nouvelle | 1 326 offres servies ne tiennent qu’à cette collecte, en échec à ce RUN | touche : marché États-Unis 1 326 (7,2 %) ; Nordstrom 1 326 (100 %) | Source à réparer : nordstrom (1 326 ; BROKEN : 1 erreurs de collecte ou d’écriture : Access decision must be renewed for the current source revision, reader and evidence) ; masquées à partir du 23/09 06:12 UTC si la collecte ne reprend pas ; relancer : ingest --source=nordstrom
- [A_REPARER] Source lovisa · menace · collecte en échec ou incomplète (de notre côté) · nouvelle | 1 060 offres servies ne tiennent qu’à cette collecte, en échec à ce RUN | touche : Lovisa 1 060 (100 %) ; marché États-Unis 579 (3,2 %) ; marché Australie 98 (16,3 %) ; marché Canada 82 (8,8 %) ; marché France 82 (1,8 %) ; marché Allemagne 68 (7,7 %) ; et 10 autres | Source à réparer : lovisa (1 060 ; BROKEN : 1 erreurs de collecte ou d’écriture : Access decision must be renewed for the current source revision, reader and evidence) ; masquées à partir du 21/09 20:39 UTC si la collecte ne reprend pas ; relancer : ingest --source=lovisa
- [A_REPARER] Source richemont-workday · menace · collecte en échec ou incomplète (de notre côté) · nouvelle | 956 offres servies ne tiennent qu’à cette collecte, en échec à ce RUN | touche : Richemont 451 (66,2 %) ; marché Suisse 159 (32 %) ; Van Cleef & Arpels 148 (54,8 %) ; marché France 141 (3,2 %) ; marché États-Unis 136 (0,7 %) ; marché Corée du Sud 89 (44,9 %) ; et 31 autres | Source à réparer : richemont-workday (956 ; BROKEN : 1 erreurs de collecte ou d’écriture : Access decision must be renewed for the current source revision, reader and evidence) ; masquées à partir du 23/09 11:38 UTC si la collecte ne reprend pas ; relancer : ingest --source=richemont-workday
- [A_REPARER] Source primark · menace · collecte en échec ou incomplète (de notre côté) · nouvelle | 891 offres servies ne tiennent qu’à cette collecte, en échec à ce RUN | touche : Primark 891 (100 %) ; marché États-Unis 220 (1,2 %) ; marché Royaume-Uni 171 (12,6 %) ; marché Espagne 164 (17,1 %) ; marché Italie 94 (8,3 %) ; marché Portugal 81 (30,3 %) ; et 8 autres | Source à réparer : primark (891 ; BROKEN : 1 erreurs de collecte ou d’écriture : Access decision must be renewed for the current source revision, reader and evidence) ; masquées à partir du 23/09 09:39 UTC si la collecte ne reprend pas ; relancer : ingest --source=primark
- [A_REPARER] Source vf-corporation · menace · collecte en échec ou incomplète (de notre côté) · nouvelle | 871 offres servies ne tiennent qu’à cette collecte, en échec à ce RUN | touche : VF Corporation 863 (100 %) ; marché États-Unis 746 (4,1 %) ; marché Canada 33 (3,6 %) ; marché Royaume-Uni 13 (1 %) ; marché Chine 10 (1,2 %) ; marché Nouvelle-Zélande 10 (13 %) ; et 7 autres | Source à réparer : vf-corporation (871 ; BROKEN : 1 erreurs de collecte ou d’écriture : Access decision must be renewed for the current source revision, reader and evidence) ; masquées à partir du 23/09 12:01 UTC si la collecte ne reprend pas ; relancer : ingest --source=vf-corporation
- [A_REPARER] Source la-casa-de-las-carcasas · menace · collecte en échec ou incomplète (de notre côté) · nouvelle | 691 offres servies ne tiennent qu’à cette collecte, en échec à ce RUN | touche : La casa de las Carcasas 691 (100 %) ; marché Espagne 175 (18,3 %) ; marché Chili 154 (98,7 %) ; marché France 104 (2,3 %) ; marché Grèce 69 (59 %) ; marché Pérou 48 (94,1 %) ; et 5 autres | Source à réparer : la-casa-de-las-carcasas (691 ; BROKEN : 1 erreurs de collecte ou d’écriture : Access decision must be renewed for the current source revision, reader and evidence) ; masquées à partir du 23/09 10:29 UTC si la collecte ne reprend pas ; relancer : ingest --source=la-casa-de-las-carcasas

## RUN 2026-09-23 ca946bd4 (COMPLETED_WITH_ERRORS)
référence : 0 RUN ; alertes qui réveillent : 5 (nouvelles 0, à réparer 0, à vérifier 0) ; pour information : 0
- [A_REPARER] Source ulta-jibe · menace · collecte en échec ou incomplète (de notre côté) · en cours | 10 035 offres servies ne tiennent qu’à cette collecte, en échec à ce RUN | touche : marché États-Unis 10 035 (41,7 %) ; Ulta Beauty 10 035 (100 %) | Source à réparer : ulta-jibe (10 035 ; ERROR : Access qualification requires validated native evidence: REJECTED) ; masquées à partir du 23/09 08:23 UTC si la collecte ne reprend pas ; relancer : ingest --source=ulta-jibe
- [A_REPARER] Source richemont-workday · menace · collecte en échec ou incomplète (de notre côté) · en cours | 954 offres servies ne tiennent qu’à cette collecte, en échec à ce RUN | touche : Richemont 450 (65 %) ; marché Suisse 159 (29,4 %) ; Van Cleef & Arpels 148 (54,6 %) ; marché France 141 (2,1 %) ; marché États-Unis 136 (0,6 %) ; marché Corée du Sud 88 (36,5 %) ; et 31 autres | Source à réparer : richemont-workday (954 ; ERROR : Access qualification requires validated native evidence: REJECTED) ; masquées à partir du 23/09 11:38 UTC si la collecte ne reprend pas ; relancer : ingest --source=richemont-workday
- [A_REPARER] Source vf-corporation · menace · collecte en échec ou incomplète (de notre côté) · en cours | 871 offres servies ne tiennent qu’à cette collecte, en échec à ce RUN | touche : VF Corporation 863 (100 %) ; marché États-Unis 746 (3,1 %) ; marché Canada 33 (2,3 %) ; marché Royaume-Uni 13 (0,7 %) ; marché Chine 10 (1,2 %) ; marché Nouvelle-Zélande 10 (9,9 %) ; et 7 autres | Source à réparer : vf-corporation (871 ; ERROR : Access qualification requires validated native evidence: REJECTED) ; masquées à partir du 23/09 12:01 UTC si la collecte ne reprend pas ; relancer : ingest --source=vf-corporation
- [A_REPARER] Source decjuba · menace · collecte en échec ou incomplète (de notre côté) · en cours | 160 offres servies ne tiennent qu’à cette collecte, en échec à ce RUN | touche : DECJUBA 160 (100 %) ; marché Australie 131 (16,7 %) ; marché Nouvelle-Zélande 29 (28,7 %) | Source à réparer : decjuba (160 ; BROKEN : 1 erreurs de collecte ou d’écriture : Ingestion requires a qualified native result) ; masquées à partir du 23/09 09:58 UTC si la collecte ne reprend pas ; relancer : ingest --source=decjuba
- [A_REPARER] Source escada-parfums-16 · menace · collecte en échec ou incomplète (de notre côté) · en cours | 160 offres servies ne tiennent qu’à cette collecte, en échec à ce RUN | touche : Coty 160 (100 %) ; marché France 36 (0,5 %) ; marché États-Unis 30 (0,1 %) ; marché Allemagne 26 (2,1 %) ; marché Espagne 20 (1,2 %) ; marché Royaume-Uni 15 (0,8 %) ; et 3 autres | Source à réparer : escada-parfums-16 (160 ; BROKEN : 1 erreurs de collecte ou d’écriture : Ingestion requires a qualified native result) ; masquées à partir du 23/09 10:04 UTC si la collecte ne reprend pas ; relancer : ingest --source=escada-parfums-16

## RUN 2026-09-23 8b13d1f0 (COMPLETED_WITH_ERRORS)
référence : 0 RUN ; alertes qui réveillent : 2 (nouvelles 2, à réparer 2, à vérifier 0) ; pour information : 57
- [A_REPARER] Source b-s-international · menace · collecte en échec ou incomplète (de notre côté) · nouvelle | 68 offres servies ne tiennent qu’à cette collecte, en échec à ce RUN | touche : B&S International 68 (100 %) ; marché Pays-Bas 60 (3,8 %) | Source à réparer : b-s-international (68 ; BROKEN : 62 erreurs de collecte ou d’écriture · desc 100% date 100% pays 100% url 100%) ; masquées à partir du 23/09 09:17 UTC si la collecte ne reprend pas ; relancer : ingest --source=b-s-international
- [A_REPARER] Source funky-buddha · menace · collecte en échec ou incomplète (de notre côté) · nouvelle | 25 offres servies ne tiennent qu’à cette collecte, en échec à ce RUN | touche : Funky Buddha 25 (100 %) ; marché Grèce 25 (15,2 %) | Source à réparer : funky-buddha (25 ; BROKEN : 23 erreurs de collecte ou d’écriture · desc 100% date 100% pays 100% url 100%) ; masquées à partir du 23/09 09:21 UTC si la collecte ne reprend pas ; relancer : ingest --source=funky-buddha
- [INFORMATION] Marché États-Unis · perte · fermeture prouvée par la source · nouvelle | 158 offres servies en moins (0,5 %) : 32 092 contre 32 250 avant ce RUN
- [INFORMATION] Marché France · perte · fermeture prouvée par la source · nouvelle | 145 offres servies en moins (1,4 %) : 9 912 contre 10 057 avant ce RUN
- [INFORMATION] Maison Lovisa · perte · fermeture prouvée par la source · nouvelle | 91 offres servies en moins (7,2 %) : 1 174 contre 1 265 avant ce RUN
- [INFORMATION] Maison Normal · perte · fermeture prouvée par la source · nouvelle | 84 offres servies en moins (15,6 %) : 453 contre 537 avant ce RUN
- [INFORMATION] Marché Royaume-Uni · perte · fermeture prouvée par la source · nouvelle | 72 offres servies en moins (2,5 %) : 2 769 contre 2 841 avant ce RUN
- [INFORMATION] Maison La casa de las Carcasas · perte · fermeture prouvée par la source · nouvelle | 60 offres servies en moins (8,3 %) : 667 contre 727 avant ce RUN

## RUN 2026-09-24 35ba463f (FAILED)
référence : 3 RUN ; alertes qui réveillent : 1 (nouvelles 1, à réparer 1, à vérifier 0) ; pour information : 0
- [A_REPARER] Source rolex · menace · collecte en échec ou incomplète (de notre côté) · nouvelle | 216 offres servies ne tiennent qu’à cette collecte, en échec à ce RUN | touche : ROLEX SA 216 (100 %) | Source à réparer : rolex (216 ; ERROR : fetch failed) ; masquées à partir du 26/09 16:34 UTC si la collecte ne reprend pas ; relancer : ingest --source=rolex

## RUN 2026-09-25 02ce57f9 (FAILED)
référence : 4 RUN ; alertes qui réveillent : 0 (nouvelles 0, à réparer 0, à vérifier 0) ; pour information : 5
- [INFORMATION] Maison Cartier · perte · fermeture prouvée par la source · nouvelle | 18 offres servies en moins (13,4 %) : 116 contre 134 avant ce RUN
- [INFORMATION] Maison Browns Shoes · perte · fermeture prouvée par la source · nouvelle | 8 offres servies en moins (11 %) : 65 contre 73 avant ce RUN
- [INFORMATION] Source maison-123 · perte · fermeture prouvée par la source · nouvelle | 8 offres servies en moins (11,3 %) : 63 contre 71 avant ce RUN
- [INFORMATION] Maison Multiópticas · perte · fermeture prouvée par la source · nouvelle | 5 offres servies en moins (5,3 %) : 90 contre 95 avant ce RUN
- [INFORMATION] Maison ROLEX SA · perte · fermeture prouvée par la source · nouvelle | 5 offres servies en moins (2,2 %) : 220 contre 225 avant ce RUN

## RUN 2026-09-26 966e9549 (FAILED)
référence : 5 RUN ; alertes qui réveillent : 0 (nouvelles 0, à réparer 0, à vérifier 0) ; pour information : 10
- [INFORMATION] Maison Nordstrom · perte · fermeture prouvée par la source · nouvelle | 409 offres servies en moins (23,1 %) : 1 365 contre 1 774 avant ce RUN
- [INFORMATION] Source monoprix · perte · fermeture prouvée par la source · nouvelle | 31 offres servies en moins (4 %) : 752 contre 783 avant ce RUN
- [INFORMATION] Maison Groupe MONOPRIX · perte · fermeture prouvée par la source · nouvelle | 27 offres servies en moins (3,7 %) : 711 contre 738 avant ce RUN
- [INFORMATION] Maison Merkal · perte · fermeture prouvée par la source · nouvelle | 10 offres servies en moins (25 %) : 30 contre 40 avant ce RUN
- [INFORMATION] Maison DARJEELING · perte · fermeture prouvée par la source · nouvelle | 8 offres servies en moins (42,1 %) : 11 contre 19 avant ce RUN
- [INFORMATION] Maison Montblanc · perte · fermeture prouvée par la source · nouvelle | 8 offres servies en moins (7 %) : 107 contre 115 avant ce RUN
- [INFORMATION] Maison Jaeger LeCoultre · perte · fermeture prouvée par la source · nouvelle | 8 offres servies en moins (25 %) : 24 contre 32 avant ce RUN
- [INFORMATION] Maison Frank Darling · perte · fermeture prouvée par la source · nouvelle | 5 offres servies en moins (20 %) : 20 contre 25 d’habitude

## RUN 2026-09-27 403eadd0 (FAILED)
référence : 6 RUN ; alertes qui réveillent : 1 (nouvelles 1, à réparer 1, à vérifier 0) ; pour information : 8
- [A_REPARER] Source everything-but-water · menace · collecte en échec ou incomplète (de notre côté) · nouvelle | 53 offres servies ne tiennent qu’à cette collecte, en échec à ce RUN | touche : Orlando Bathing Suit, LLC 53 (98,1 %) | Source à réparer : everything-but-water (53 ; BROKEN : 1 erreur de collecte ou d’écriture : Native response capture unavailable; extraction stopped) ; masquées à partir du 29/09 16:26 UTC si la collecte ne reprend pas ; relancer : ingest --source=everything-but-water
- [INFORMATION] Maison Chico's · perte · fermeture prouvée par la source · nouvelle | 63 offres servies en moins (11,8 %) : 470 contre 533 avant ce RUN
- [INFORMATION] Maison White House Black Market · perte · fermeture prouvée par la source · nouvelle | 49 offres servies en moins (11,9 %) : 362 contre 411 avant ce RUN
- [INFORMATION] Maison Soma · perte · fermeture prouvée par la source · nouvelle | 42 offres servies en moins (13 %) : 282 contre 324 avant ce RUN
- [INFORMATION] Source uniqlo-us-retail · perte · fermeture prouvée par la source · nouvelle | 9 offres servies en moins (2,6 %) : 343 contre 352 avant ce RUN
- [INFORMATION] Maison Browns Shoes · perte · fermeture prouvée par la source · en cours | 16 offres servies en moins (22,5 %) : 55 contre 71 d’habitude
- [INFORMATION] Maison Jaeger LeCoultre · perte · fermeture prouvée par la source · en cours | 8 offres servies en moins (25 %) : 24 contre 32 d’habitude
- [INFORMATION] Maison Montblanc · perte · fermeture prouvée par la source · en cours | 7 offres servies en moins (6,1 %) : 107 contre 114 d’habitude

## RUN 2026-09-28 da0587ac (FAILED)
référence : 7 RUN ; alertes qui réveillent : 3 (nouvelles 3, à réparer 3, à vérifier 0) ; pour information : 5
- [A_REPARER] Source ulta-jibe · menace · collecte en échec ou incomplète (de notre côté) · nouvelle | 10 860 offres servies ne tiennent qu’à cette collecte, en échec à ce RUN | touche : marché États-Unis 10 860 (28,9 %) ; Ulta Beauty 10 860 (100 %) | Source à réparer : ulta-jibe (10 860 ; TIMEOUT : cut at 2400s) ; masquées à partir du 23/09 08:23 UTC si la collecte ne reprend pas ; relancer : ingest --source=ulta-jibe
- [A_REPARER] Source sephora-france · menace · collecte en échec ou incomplète (de notre côté) · nouvelle | 2 417 offres servies ne tiennent qu’à cette collecte, en échec à ce RUN | touche : Sephora 2 417 (45,2 %) | Source à réparer : sephora-france (2 417 ; BROKEN : 1 erreur de collecte ou d’écriture : Ingestion requires a qualified native result) ; masquées à partir du 26/09 20:36 UTC si la collecte ne reprend pas ; relancer : ingest --source=sephora-france
- [A_REPARER] Source selfridges · menace · collecte en échec ou incomplète (de notre côté) · nouvelle | 65 offres servies ne tiennent qu’à cette collecte, en échec à ce RUN | touche : Selfridges 65 (86,7 %) | Source à réparer : selfridges (65 ; BROKEN : 1 erreur de collecte ou d’écriture : generic-listing https://jobsearch.selfridges.com/jobs/search/-1/{page}: 63 liens d'offre, 0 offre lue, 63 échecs de détail ) ; masquées à partir du 23/09 08:04 UTC si la collecte ne reprend pas ; relancer : ingest --source=selfridges
- [INFORMATION] Maison Browns Shoes · perte · fermeture prouvée par la source · en cours | 12 offres servies en moins (17,1 %) : 58 contre 70 d’habitude
- [INFORMATION] Source uniqlo-us-retail · perte · fermeture prouvée par la source · en cours | 11 offres servies en moins (3,1 %) : 343 contre 354 d’habitude
- [INFORMATION] Maison Jaeger LeCoultre · perte · fermeture prouvée par la source · en cours | 8 offres servies en moins (25 %) : 24 contre 32 d’habitude
- [INFORMATION] Maison Montblanc · perte · fermeture prouvée par la source · en cours | 7 offres servies en moins (6,1 %) : 107 contre 114 d’habitude
- [INFORMATION] Maison Frank Darling · perte · fermeture prouvée par la source · en cours | 6 offres servies en moins (24 %) : 19 contre 25 d’habitude

## RUN 2026-09-29 12f79076 (FAILED)
référence : 7 RUN ; alertes qui réveillent : 17 (nouvelles 15, à réparer 15, à vérifier 0) ; pour information : 14
- [A_REPARER] Source therealreal · menace · collecte en échec ou incomplète (de notre côté) · nouvelle | 113 offres servies ne tiennent qu’à cette collecte, en échec à ce RUN | touche : The RealReal 113 (95 %) | Source à réparer : therealreal (113 ; BROKEN : 1 erreur de collecte ou d’écriture : Native response capture unavailable; extraction stopped) ; masquées à partir du 30/09 16:31 UTC si la collecte ne reprend pas ; relancer : ingest --source=therealreal
- [A_REPARER] Source uniqlo-au-stores · menace · collecte en échec ou incomplète (de notre côté) · nouvelle | 71 offres servies ne tiennent qu’à cette collecte, en échec à ce RUN | touche : marché Australie 71 (5,3 %) ; UNIQLO AUSTRALIA PTY LTD. 71 (100 %) | Source à réparer : uniqlo-au-stores (71 ; BROKEN : 1 erreur de collecte ou d’écriture : Native response capture unavailable; extraction stopped) ; masquées à partir du 01/10 16:38 UTC si la collecte ne reprend pas ; relancer : ingest --source=uniqlo-au-stores
- [A_REPARER] Source everything-but-water · menace · collecte en échec ou incomplète (de notre côté) · nouvelle | 56 offres servies ne tiennent qu’à cette collecte, en échec à ce RUN | touche : Orlando Bathing Suit, LLC 56 (100 %) | Source à réparer : everything-but-water (56 ; BROKEN : 1 erreur de collecte ou d’écriture : Native response capture unavailable; extraction stopped) ; masquées à partir du 01/10 16:03 UTC si la collecte ne reprend pas ; relancer : ingest --source=everything-but-water
- [A_REPARER] Source boardriders · menace · collecte en échec ou incomplète (de notre côté) · nouvelle | 51 offres servies ne tiennent qu’à cette collecte, en échec à ce RUN | touche : Boardriders 51 (63,8 %) | Source à réparer : boardriders (51 ; BROKEN : 1 erreur de collecte ou d’écriture : Native response capture unavailable; extraction stopped) ; masquées à partir du 23/09 09:50 UTC si la collecte ne reprend pas ; relancer : ingest --source=boardriders
- [A_REPARER] Source breitling-sf · menace · collecte en échec ou incomplète (de notre côté) · nouvelle | 47 offres servies ne tiennent qu’à cette collecte, en échec à ce RUN | touche : Breitling 47 (100 %) | Source à réparer : breitling-sf (47 ; BROKEN : 1 erreur de collecte ou d’écriture : Native response capture unavailable; extraction stopped) ; masquées à partir du 26/09 16:02 UTC si la collecte ne reprend pas ; relancer : ingest --source=breitling-sf
- [A_REPARER] Source capri-jimmy-choo · menace · collecte en échec ou incomplète (de notre côté) · nouvelle | 45 offres servies ne tiennent qu’à cette collecte, en échec à ce RUN | touche : J. Choo Limited 16 (100 %) ; J Choo USA Inc 14 (93,3 %) ; Franchoo SAS 3 (100 %) ; J. Choo Canada Inc 2 (66,7 %) ; Jimmy Choo (Shanghai) Trading Co. Limited 2 (100 %) ; Jimmy Choo Tokyo K.K. 2 (100 %) ; et 6 autres | Source à réparer : capri-jimmy-choo (45 ; BROKEN : 1 erreur de collecte ou d’écriture : Native response capture unavailable; extraction stopped) ; masquées à partir du 30/09 16:26 UTC si la collecte ne reprend pas ; relancer : ingest --source=capri-jimmy-choo
- [A_REPARER] Source nars · menace · collecte en échec ou incomplète (de notre côté) · nouvelle | 43 offres servies ne tiennent qu’à cette collecte, en échec à ce RUN | touche : Shiseido Americas Corporation 43 (100 %) | Source à réparer : nars (43 ; BROKEN : 1 erreur de collecte ou d’écriture : Native response capture unavailable; extraction stopped) ; masquées à partir du 01/10 16:31 UTC si la collecte ne reprend pas ; relancer : ingest --source=nars
- [A_REPARER] Source marc-o-polo · menace · collecte en échec ou incomplète (de notre côté) · nouvelle | 41 offres servies ne tiennent qu’à cette collecte, en échec à ce RUN | touche : Marc O’Polo 41 (100 %) | Source à réparer : marc-o-polo (41 ; BROKEN : 1 erreur de collecte ou d’écriture : Native response capture unavailable; extraction stopped) ; masquées à partir du 27/09 16:22 UTC si la collecte ne reprend pas ; relancer : ingest --source=marc-o-polo

## RUN 2026-09-30 0f7fb086 (FAILED)
référence : 7 RUN ; alertes qui réveillent : 2 (nouvelles 2, à réparer 2, à vérifier 0) ; pour information : 22
- [A_REPARER] Source urbn-hub · menace · collecte en échec ou incomplète (de notre côté) · nouvelle | 1 663 offres servies ne tiennent qu’à cette collecte, en échec à ce RUN | touche : Anthropologie 521 (99,4 %) ; Urban Outfitters 371 (98,1 %) ; Free People 282 (98,9 %) ; FP Movement 172 (98,9 %) ; URBN 109 (100 %) ; Nuuly 52 (100 %) ; et 5 autres | Source à réparer : urbn-hub (1 663 ; BROKEN : 1 erreur de collecte ou d’écriture : Request is outside the reviewed public HTTP scope) ; masquées à partir du 26/09 12:11 UTC si la collecte ne reprend pas ; relancer : ingest --source=urbn-hub
- [A_REPARER] Source swatch-group · menace · collecte en échec ou incomplète (de notre côté) · nouvelle | 370 offres servies ne tiennent qu’à cette collecte, en échec à ce RUN | touche : marché Suisse 153 (11,8 %) ; Swatch 95 (100 %) ; ETA 52 (100 %) ; Omega 46 (100 %) ; Swatch Group 35 (100 %) ; Longines 27 (100 %) ; et 21 autres | Source à réparer : swatch-group (370 ; BROKEN : 1 erreur de collecte ou d’écriture : Request is outside the reviewed public HTTP scope) ; masquées à partir du 26/09 16:40 UTC si la collecte ne reprend pas ; relancer : ingest --source=swatch-group
- [INFORMATION] Maison Skechers · perte · fermeture prouvée par la source · nouvelle | 201 offres servies en moins (10,3 %) : 1 742 contre 1 943 avant ce RUN
- [INFORMATION] Maison White House Black Market · perte · fermeture prouvée par la source · nouvelle | 72 offres servies en moins (17,7 %) : 334 contre 406 avant ce RUN
- [INFORMATION] Maison Aigle · perte · fermeture prouvée par la source · nouvelle | 63 offres servies en moins (50,4 %) : 62 contre 125 avant ce RUN
- [INFORMATION] Maison Aroma-Zone · perte · fermeture prouvée par la source · nouvelle | 52 offres servies en moins (22,5 %) : 179 contre 231 avant ce RUN
- [INFORMATION] Maison Soma · perte · fermeture prouvée par la source · nouvelle | 44 offres servies en moins (14,3 %) : 264 contre 308 avant ce RUN
- [INFORMATION] Source aritzia · perte · fermeture prouvée par la source · nouvelle | 20 offres servies en moins (3,7 %) : 522 contre 542 d’habitude

## RUN 2026-10-01 b4e6b708 (FAILED)
référence : 7 RUN ; alertes qui réveillent : 3 (nouvelles 3, à réparer 3, à vérifier 0) ; pour information : 36
- [A_REPARER] Source diptyque-workday · menace · collecte en échec ou incomplète (de notre côté) · nouvelle | 186 offres servies ne tiennent qu’à cette collecte, en échec à ce RUN | touche : Diptyque 186 (98,9 %) | Source à réparer : diptyque-workday (186 ; ERROR : Access qualification refused: Transaction API error: Transaction already closed: A commit cannot be executed on an expired transaction. The timeout for this tra) ; masquées à partir du 02/10 16:49 UTC si la collecte ne reprend pas ; relancer : ingest --source=diptyque-workday
- [A_REPARER] Source browns-shoes · menace · collecte en échec ou incomplète (de notre côté) · nouvelle | 58 offres servies ne tiennent qu’à cette collecte, en échec à ce RUN | touche : Browns Shoes 58 (100 %) | Source à réparer : browns-shoes (58 ; BROKEN : 1 erreur de collecte ou d’écriture : Transaction API error: Transaction already closed: A commit cannot be executed on an expired transaction. The timeout for t) ; masquées à partir du 03/10 16:19 UTC si la collecte ne reprend pas ; relancer : ingest --source=browns-shoes
- [A_REPARER] Source ganni-talentrecruiter · menace · collecte en échec ou incomplète (de notre côté) · nouvelle | 5 offres servies ne tiennent qu’à cette collecte, en échec à ce RUN | touche : GANNI 5 (35,7 %) | Source à réparer : ganni-talentrecruiter (5 ; ERROR : Access qualification requires validated native evidence: REJECTED) ; masquées à partir du 05/10 05:19 UTC si la collecte ne reprend pas ; relancer : ingest --source=ganni-talentrecruiter
- [INFORMATION] Maison Lovisa · perte · fermeture prouvée par la source · nouvelle | 88 offres servies en moins (6,1 %) : 1 366 contre 1 454 avant ce RUN
- [INFORMATION] Maison Rituals · perte · fermeture prouvée par la source · nouvelle | 71 offres servies en moins (6,6 %) : 1 005 contre 1 076 avant ce RUN
- [INFORMATION] Source nike · perte · fermeture prouvée par la source · nouvelle | 60 offres servies en moins (6,6 %) : 843 contre 903 avant ce RUN
- [INFORMATION] Source normal · perte · fermeture prouvée par la source · nouvelle | 60 offres servies en moins (11,9 %) : 443 contre 503 avant ce RUN
- [INFORMATION] Maison Normal · perte · fermeture prouvée par la source · nouvelle | 59 offres servies en moins (12,2 %) : 424 contre 483 avant ce RUN

# Règle retenue : k = 4, plancher = 5, masse = 40 Maisons

## 02/10, mesure (sans masquage), sources qualifiées non servies comprises
référence : 7 RUN ; alertes qui réveillent : 1 (nouvelles 1, à réparer 1, à vérifier 0) ; pour information : 17
- [A_REPARER] Source L'Oréal (toutes Maisons) · non servie · collecte en échec ou incomplète (de notre côté) · nouvelle | 1 716 offres lues à la dernière qualification, aucune servie | Source à réparer : l-oreal-professionnel (1 716 ; ACTIVE) ; relancer : ingest --source=l-oreal-professionnel
- [INFORMATION] Source Ralph Lauren · non servie · pause ou retrait de la source décidé · nouvelle | 1 160 offres lues à la dernière qualification, aucune servie
- [INFORMATION] Maison Aigle · perte · fermeture prouvée par la source · en cours | 59 offres servies en moins (48 %) : 64 contre 123 d’habitude
- [INFORMATION] Maison AKIRA · perte · fermeture prouvée par la source · en cours | 54 offres servies en moins (32,1 %) : 114 contre 168 d’habitude
- [INFORMATION] Maison Aroma-Zone · perte · fermeture prouvée par la source · en cours | 42 offres servies en moins (19 %) : 179 contre 221 d’habitude
- [INFORMATION] Maison Normal · perte · fermeture prouvée par la source · en cours | 31 offres servies en moins (6,8 %) : 424 contre 455 d’habitude
- [INFORMATION] Maison The Kooples · perte · fermeture prouvée par la source · en cours | 12 offres servies en moins (16 %) : 63 contre 75 d’habitude
- [INFORMATION] Maison 30000 The Condé Nast Publications Limited · perte · fermeture prouvée par la source · en cours | 12 offres servies en moins (40 %) : 18 contre 30 d’habitude
- [INFORMATION] Maison Aritzia LP · perte · fermeture prouvée par la source · en cours | 9 offres servies en moins (4,1 %) : 208 contre 217 d’habitude
- [INFORMATION] Maison United States of Aritzia Inc. · perte · fermeture prouvée par la source · en cours | 9 offres servies en moins (2,8 %) : 314 contre 323 d’habitude
- [INFORMATION] Maison NIKE Retail Italy · perte · fermeture prouvée par la source · en cours | 7 offres servies en moins (21,2 %) : 26 contre 33 d’habitude
- [INFORMATION] Maison Good American · perte · fermeture prouvée par la source · en cours | 6 offres servies en moins (40 %) : 9 contre 15 d’habitude

## 02/10, premier RUN de r6 : masquage à blanc (9933 offres), table des photographies VIDE
référence : 0 RUN ; alertes qui réveillent : 8 (nouvelles 8, à réparer 7, à vérifier 1) ; pour information : 1
- [A_REPARER] Maison Coach · perte · collecte en échec ou incomplète (de notre côté) · nouvelle | 129 offres servies en moins (6,7 %) : 1 798 contre 1 927 avant ce RUN | Source à réparer : tapestry (129) ; relancer : ingest --source=tapestry
- [A_REPARER] Maison Kate Spade · perte · collecte en échec ou incomplète (de notre côté) · nouvelle | 50 offres servies en moins (8,3 %) : 556 contre 606 avant ce RUN | Source à réparer : tapestry (50) ; relancer : ingest --source=tapestry
- [A_REPARER] Maison Nocibé · perte · collecte en échec ou incomplète (de notre côté) · nouvelle | 22 offres servies en moins (8,6 %) : 235 contre 257 avant ce RUN | Source à réparer : nocibe-eqwa (22) ; relancer : ingest --source=nocibe-eqwa
- [A_REPARER] Maison Tapestry · perte · collecte en échec ou incomplète (de notre côté) · nouvelle | 7 offres servies en moins (7,9 %) : 82 contre 89 avant ce RUN | Source à réparer : tapestry (7) ; relancer : ingest --source=tapestry
- [A_REPARER] Maison PICARD · perte · collecte en échec ou incomplète (de notre côté) · nouvelle | 6 offres servies en moins (100 %) : 0 contre 6 avant ce RUN | Source à réparer : picard (6) ; relancer : ingest --source=picard
- [A_REPARER] Maison Gemmyo · perte · collecte en échec ou incomplète (de notre côté) · nouvelle | 5 offres servies en moins (45,5 %) : 6 contre 11 avant ce RUN | Source à réparer : gemmyo (5) ; relancer : ingest --source=gemmyo
- [A_REPARER] Source L'Oréal (toutes Maisons) · non servie · collecte en échec ou incomplète (de notre côté) · nouvelle | 1 716 offres lues à la dernière qualification, aucune servie | Source à réparer : l-oreal-professionnel (1 716 ; ACTIVE) ; relancer : ingest --source=l-oreal-professionnel
- [A_VERIFIER] Catalogue · événement de masse · masquée : une collecte crédible ne la liste plus · nouvel | 9 193 offres servies en moins dans 188 Maisons (14 % de leurs offres) : 56 445 contre 65 638 | Maisons : Sephora 1 425 (24,6 %) ; Ulta Beauty 1 220 (10,9 %) ; H&M Group 904 (31,8 %) ; Primark 590 (39,4 %) ; adidas 269 (18,4 %) ; Nordstrom 228 (14,8 %) ; Bloomingdale's 224 (18,6 %) ; Hermès 215 (24,2 %) ; Louis Vuitton 160 (20 %) ; Pandora 150 (12,8 %) ; Intersport 148 (15,4 %) ; Crocs, Inc. 116 (18,1 %) ; Reitmans (Canada) Ltée/Ltd 103 (24 %) ; Tommy Hilfiger 98 (11,2 %) ; Rituals 95 (9,5 %) ; Christian Dior Couture 89 (16,3 %) ; Anthropologie 80 (14,8 %) ; Skechers 78 (4,5 %) ; Kiabi 76 (15,4 %) ; Calvin Klein 70 (12,2 %) ; Puig 64 (24,1 %) ; Lovisa 57 (4,2 %) ; Mango 57 (3,4 %) ; Groupe Courir 56 (13,8 %) ; Prada Group 54 (18,1 %) ; Groupe MONOPRIX 52 (7 %) ; Urban Outfitters 50 (12,7 %) ; Salomon 49 (38 %) ; Maje 48 (17,7 %) ; Aptar Group 46 (18 %) | Et les 158 autres Maisons, par part perdue : Meco 6 (100 %) ; Marni 10 (71,4 %) ; Beiersdorf S.A. 5 (50 %) ; Puig France 7 (43,8 %) ; Brilliant Earth 22 (42,3 %) ; Blancpain 5 (41,7 %) ; NIVEA India Pvt. Ltd. 5 (41,7 %) ; Maison Margiela 16 (40 %) ; ILIA 7 (38,9 %) ; On 39 (37,5 %) ; Gymshark 13 (37,1 %) ; A.P.C. 7 (36,8 %) ; Funky Buddha 13 (36,1 %) ; Aeropostale 9 (36 %) ; LuxExperience 27 (34,6 %) ; B&S International 26 (33,8 %) ; Gémo 12 (33,3 %) ; Jil Sander 5 (33,3 %) ; Petit Bateau 22 (32,8 %) ; Skin Laundry 19 (32,8 %) ; Magazine zum Globus AG 12 (32,4 %) ; ba&sh 43 (32,3 %) ; OTB 5 (31,3 %) ; Fashion Group 8 (29,6 %) ; Groupe Clarins 5 (29,4 %) ; VEJA 5 (29,4 %) ; Menus and Venues 14 (28 %) ; Club Monaco 7 (28 %) ; Make Up For Ever 7 (28 %) ; Mellow Yellow 5 (27,8 %) ; Respire 5 (27,8 %) ; Promod 15 (26,3 %) ; Charlotte Tilbury 5 (26,3 %) ; Cache Cache 16 (26,2 %) ; Burberry 46 (26,1 %) ; URBN 29 (26,1 %) ; Bonobo 12 (26,1 %) ; Jonak 8 (25,8 %) ; Everlane 13 (25,5 %) ; CLARINS 28 (25,5 %) ; Le Bon Marché 19 (25,3 %) ; Faguo 6 (25 %) ; Kendo 8 (24,2 %) ; Beiersdorf AG 7 (24,1 %) ; 1590 Swarovski France S.A. 6 (24 %) ; Valentino 22 (23,2 %) ; Celine 35 (22,3 %) ; Boardriders 19 (22,1 %) ; Reformation 27 (22 %) ; Chaumet 9 (22 %) ; Fendi 23 (21,7 %) ; Fenwick 10 (21,3 %) ; ASOS 19 (21,1 %) ; Bulgari 32 (20,6 %) ; LVMH Fragrance Brands 13 (20,6 %) ; Acne Studios 8 (20,5 %) ; Quince 30 (20,1 %) ; Eric Bompard 19 (20 %) ; SMCP 7 (20 %) ; Diesel 20 (19,4 %) ; Moët Hennessy 29 (19,3 %) ; Loro Piana 32 (18,9 %) ; Selfridges 14 (18,9 %) ; Adopt Parfums 29 (18,8 %) ; BeneFit Cosmetics 6 (18,8 %) ; PVH 22 (18,6 %) ; Berluti 8 (18,6 %) ; Toscane 5 (18,5 %) ; Clarkson Eyecare 33 (18,4 %) ; Maison Francis Kurkdjian 9 (18,4 %) ; Fresh 9 (18 %) ; Printemps 10 (17,9 %) ; La Senza 6 (17,6 %) ; Kenzo 7 (17,5 %) ; Dolce & Gabbana S.r.l. 18 (17,3 %) ; La Halle 11 (17,2 %) ; L’Occitane 13 (16,9 %) ; Blackstore 14 (16,7 %) ; Vib's 6 (16,7 %) ; Histoire d'Or 11 (16,4 %) ; Swatch Group 7 (16,3 %) ; Claudie Pierlot 20 (16,3 %) ; Tissus des Ursules - TDU Group 6 (16,2 %) ; Fusalp 5 (16,1 %) ; Dr. Martens 36 (16,1 %) ; Omega 8 (16 %) ; Morgan 9 (15,5 %) ; Coty 32 (15,5 %) ; Loewe 13 (15,1 %) ; LVMH Perfumes & Cosmetics 11 (15,1 %) ; ASICS 6 (15 %) ; Diptyque paris 8 (14,5 %) ; Audemars Piguet 14 (14,4 %) ; Breitling 7 (14,3 %) ; Sisley 7 (14,3 %) ; Givenchy 6 (14,3 %) ; Rimowa 18 (14,1 %) ; ONIVERSE 15 (13,8 %) ; Cheval Blanc 27 (13,6 %) ; Nuuly 7 (13,5 %) ; Swatch 13 (13,3 %) ; Parfums Christian Dior 39 (13,2 %) ; Shiseido 28 (12,8 %) ; American Vintage 12 (12,8 %) ; 1630 Swarovski Canada Limited 10 (12,3 %) ; LUSH | 45 (12,3 %) ; Sézane 17 (12,1 %) ; NIKE Retail UK 6 (11,8 %) ; Armand Thiery 26 (11,6 %) ; ETA 6 (11,5 %) ; Groupe Rocher 15 (11,3 %) ; Tom Ford 8 (11,1 %) ; Free People 33 (11 %) ; Avolta 28 (10,7 %) ; MS Mode 6 (10 %) ; Douglas 34 (9,7 %) ; 1151 Swarovski Retail Ventures 32 (9,5 %) ; Jules 8 (8,9 %) ; Fursac 5 (8,6 %) ; Max Mara Fashion Group 17 (7,9 %) ; ROLEX SA 19 (7,9 %) ; Guerlain 12 (7,8 %) ; Swarovski 8 (7,3 %) ; Suitsupply 13 (7,2 %) ; FP Movement 13 (7,1 %) ; LVMH 6 (6,7 %) ; Sandro 9 (6,3 %) ; MAC 26 (6 %) ; Van Cleef & Arpels 16 (6 %) ; Beauty Success 6 (5,8 %) ; Mejuri 8 (5,7 %) ; Psycho Bunny 9 (5,7 %) ; Balenciaga 8 (5,7 %) ; Aroma-Zone 10 (5,6 %) ; Estée Lauder Companies 23 (4,9 %) ; NIKE 19 (4,9 %) ; Normal 20 (4,8 %) ; Chalhoub Group 7 (4,8 %) ; Bobbi Brown Cosmetics 6 (4,8 %) ; Jo Malone London 10 (4,5 %) ; Neiman Marcus 21 (4,4 %) ; Clinique 8 (4,3 %) ; Lacoste 22 (4,1 %) ; Cartier 5 (3,9 %) ; Richemont 26 (3,7 %) ; Tiffany & Co. 18 (3,5 %) ; Bottega Veneta 5 (3,5 %) ; MECCA 5 (3,3 %) ; Saint Laurent 7 (3,2 %) ; Gucci 8 (3,1 %) ; VF Corporation 27 (3,1 %) ; Chanel 34 (3 %) ; JD Sports 5 (2,5 %) ; Michael Kors 7 (2,1 %) ; Pierre Fabre 5 (2 %) ; La casa de las Carcasas 11 (1,6 %) ; Madewell Stores Madewell, Inc. 5 (1,5 %) ; Foot Locker 11 (0,5 %) | Marchés : États-Unis 4 168 (10,3 %) ; France 1 662 (12,2 %) ; Royaume-Uni 705 (16,3 %) ; Canada 634 (18,2 %) ; Italie 361 (12,4 %) ; Allemagne 360 (10 %) ; Espagne 282 (12,5 %) ; Pays-Bas 234 (11,9 %) ; Suisse 173 (13,1 %) ; Australie 94 (6,3 %) ; Belgique 78 (10,9 %) ; Afrique du Sud 70 (38,7 %) ; Corée du Sud 64 (11,8 %) ; Chine 63 (5,1 %) ; Singapour 60 (11,6 %) ; Brésil 56 (25,3 %) ; Pologne 49 (12,6 %) ; Japon 46 (7,5 %) ; Portugal 44 (9,9 %) ; Mexique 43 (8,4 %) ; Hongrie 40 (30,3 %) ; Grèce 39 (18,8 %) ; R.A.S. chinoise de Hong Kong 39 (10,8 %) ; Suède 39 (13,9 %) ; Tchéquie 38 (29,5 %) ; Turquie 35 (13,6 %) ; Danemark 32 (9,2 %) ; Nouvelle-Zélande 29 (13,2 %) ; Roumanie 27 (27,6 %) ; Malaisie 26 (8,9 %) ; Viêt Nam 24 (13,1 %) ; Taïwan 22 (10,6 %) ; Norvège 18 (8,5 %) ; Émirats arabes unis 12 (4,5 %) ; Arabie saoudite 11 (10,9 %) ; Pérou 10 (5,8 %) ; Thaïlande 10 (3,4 %) ; Chili 6 (1,9 %) ; Philippines 6 (8,3 %) | Sources : lvmh 1 515 (20,2 %) ; wttj-sector 439 (17 %) ; urbn-hub 234 (13,4 %) ; estee-lauder-companies 103 (5,2 %) ; element-6 74 (18 %) ; swarovski 71 (9,1 %) ; swatch-group 66 (16,9 %) ; courir 57 (13 %) ; maison-margiela 57 (28,9 %) ; beiersdorf 55 (25,5 %) ; richemont-workday 48 (3,4 %) ; kering 36 (3,2 %) ; douglas-sf 35 (10 %) ; nike 33 (3,9 %) ; eram-3 26 (24,3 %) ; saks 22 (2,6 %) ; normal 21 (4,8 %) ; richemont 16 (28,1 %) ; foot-locker-france 14 (0,5 %) ; hugo-boss-phenom 14 (1,8 %) ; capri-michael-kors 12 (2,3 %) ; puma 11 (1,6 %) ; knitwell-us-corporate 9 (9,1 %) | Source : lvmh (1 473) ; vérifier sur son site que ces offres n’y sont plus ; plan : availability --dry-run | Source : ulta-jibe (1 220) ; vérifier sur son site que ces offres n’y sont plus ; plan : availability --dry-run | Source : hm-group (904) ; vérifier sur son site que ces offres n’y sont plus ; plan : availability --dry-run | Source : sephora-france (605) ; vérifier sur son site que ces offres n’y sont plus ; plan : availability --dry-run | Source : primark (590) ; vérifier sur son site que ces offres n’y sont plus ; plan : availability --dry-run
- [INFORMATION] Source Ralph Lauren · non servie · pause ou retrait de la source décidé · nouvelle | 1 160 offres lues à la dernière qualification, aucune servie

## 02/10, le même masquage avec 7 RUN d’habitude (si l’historique existait)
référence : 7 RUN ; alertes qui réveillent : 9 (nouvelles 9, à réparer 8, à vérifier 1) ; pour information : 25
- [A_REPARER] Maison Coach · perte · collecte en échec ou incomplète (de notre côté) · nouvelle | 129 offres servies en moins (6,7 %) : 1 798 contre 1 927 avant ce RUN | Source à réparer : tapestry (129) ; relancer : ingest --source=tapestry
- [A_REPARER] Maison AKIRA · perte · aucune cause trouvée · nouvelle | 73 offres servies en moins (43,5 %) : 95 contre 168 d’habitude | dont 58 fermeture prouvée par la source ; 15 aucune cause trouvée | Instruire : aucune sortie connue n’explique 73 offres ; rejouer avec la commande coverage.
- [A_REPARER] Maison Kate Spade · perte · collecte en échec ou incomplète (de notre côté) · nouvelle | 50 offres servies en moins (8,3 %) : 556 contre 606 avant ce RUN | Source à réparer : tapestry (50) ; relancer : ingest --source=tapestry
- [A_REPARER] Maison Nocibé · perte · collecte en échec ou incomplète (de notre côté) · nouvelle | 22 offres servies en moins (8,6 %) : 235 contre 257 avant ce RUN | Source à réparer : nocibe-eqwa (22) ; relancer : ingest --source=nocibe-eqwa
- [A_REPARER] Maison Tapestry · perte · collecte en échec ou incomplète (de notre côté) · nouvelle | 7 offres servies en moins (7,9 %) : 82 contre 89 avant ce RUN | Source à réparer : tapestry (7) ; relancer : ingest --source=tapestry
- [A_REPARER] Maison PICARD · perte · collecte en échec ou incomplète (de notre côté) · nouvelle | 6 offres servies en moins (100 %) : 0 contre 6 avant ce RUN | Source à réparer : picard (6) ; relancer : ingest --source=picard
- [A_REPARER] Maison Gemmyo · perte · collecte en échec ou incomplète (de notre côté) · nouvelle | 5 offres servies en moins (45,5 %) : 6 contre 11 avant ce RUN | Source à réparer : gemmyo (5) ; relancer : ingest --source=gemmyo
- [A_REPARER] Source L'Oréal (toutes Maisons) · non servie · collecte en échec ou incomplète (de notre côté) · nouvelle | 1 716 offres lues à la dernière qualification, aucune servie | Source à réparer : l-oreal-professionnel (1 716 ; ACTIVE) ; relancer : ingest --source=l-oreal-professionnel
- [A_VERIFIER] Catalogue · événement de masse · masquée : une collecte crédible ne la liste plus · nouvel | 8 476 offres servies en moins dans 163 Maisons (16,5 % de leurs offres) : 43 040 contre 51 516 | Maisons : Sephora 1 425 (24,6 %) ; Ulta Beauty 1 220 (10,9 %) ; H&M Group 904 (31,8 %) ; Primark 590 (39,4 %) ; adidas 269 (18,4 %) ; Bloomingdale's 224 (18,6 %) ; Hermès 215 (24,2 %) ; Louis Vuitton 160 (20 %) ; Pandora 150 (12,8 %) ; Intersport 148 (15,4 %) ; Crocs, Inc. 116 (18,1 %) ; Reitmans (Canada) Ltée/Ltd 103 (24 %) ; Tommy Hilfiger 98 (11,2 %) ; Rituals 95 (9,5 %) ; Christian Dior Couture 89 (16,3 %) ; Anthropologie 80 (14,8 %) ; Kiabi 76 (15,4 %) ; Calvin Klein 70 (12,2 %) ; Puig 64 (24,1 %) ; Groupe Courir 56 (13,8 %) ; Prada Group 54 (18,1 %) ; Urban Outfitters 50 (12,7 %) ; Salomon 49 (38 %) ; Maje 48 (17,7 %) ; Aptar Group 46 (18 %) ; Burberry 46 (26,1 %) ; LUSH | 45 (12,3 %) ; ba&sh 43 (32,3 %) ; On 39 (37,5 %) ; Parfums Christian Dior 39 (13,2 %) | Et les 133 autres Maisons, par part perdue : Meco 6 (100 %) ; Marni 10 (71,4 %) ; Beiersdorf S.A. 5 (50 %) ; Puig France 7 (43,8 %) ; Brilliant Earth 22 (42,3 %) ; Blancpain 5 (41,7 %) ; NIVEA India Pvt. Ltd. 5 (41,7 %) ; Maison Margiela 16 (40 %) ; ILIA 7 (38,9 %) ; Gymshark 13 (37,1 %) ; A.P.C. 7 (36,8 %) ; Funky Buddha 13 (36,1 %) ; Aeropostale 9 (36 %) ; LuxExperience 27 (34,6 %) ; B&S International 26 (33,8 %) ; Gémo 12 (33,3 %) ; Jil Sander 5 (33,3 %) ; Petit Bateau 22 (32,8 %) ; Skin Laundry 19 (32,8 %) ; Magazine zum Globus AG 12 (32,4 %) ; OTB 5 (31,3 %) ; Fashion Group 8 (29,6 %) ; Groupe Clarins 5 (29,4 %) ; VEJA 5 (29,4 %) ; Menus and Venues 14 (28 %) ; Club Monaco 7 (28 %) ; Make Up For Ever 7 (28 %) ; Mellow Yellow 5 (27,8 %) ; Respire 5 (27,8 %) ; Promod 15 (26,3 %) ; Charlotte Tilbury 5 (26,3 %) ; Cache Cache 16 (26,2 %) ; URBN 29 (26,1 %) ; Bonobo 12 (26,1 %) ; Jonak 8 (25,8 %) ; Everlane 13 (25,5 %) ; CLARINS 28 (25,5 %) ; Le Bon Marché 19 (25,3 %) ; Faguo 6 (25 %) ; Kendo 8 (24,2 %) ; Beiersdorf AG 7 (24,1 %) ; 1590 Swarovski France S.A. 6 (24 %) ; Valentino 22 (23,2 %) ; Celine 35 (22,3 %) ; Boardriders 19 (22,1 %) ; Reformation 27 (22 %) ; Chaumet 9 (22 %) ; Fendi 23 (21,7 %) ; Fenwick 10 (21,3 %) ; ASOS 19 (21,1 %) ; Bulgari 32 (20,6 %) ; LVMH Fragrance Brands 13 (20,6 %) ; Acne Studios 8 (20,5 %) ; Quince 30 (20,1 %) ; Eric Bompard 19 (20 %) ; SMCP 7 (20 %) ; Diesel 20 (19,4 %) ; Moët Hennessy 29 (19,3 %) ; Loro Piana 32 (18,9 %) ; Adopt Parfums 29 (18,8 %) ; BeneFit Cosmetics 6 (18,8 %) ; PVH 22 (18,6 %) ; Berluti 8 (18,6 %) ; Toscane 5 (18,5 %) ; Clarkson Eyecare 33 (18,4 %) ; Maison Francis Kurkdjian 9 (18,4 %) ; Fresh 9 (18 %) ; Printemps 10 (17,9 %) ; La Senza 6 (17,6 %) ; Kenzo 7 (17,5 %) ; Dolce & Gabbana S.r.l. 18 (17,3 %) ; La Halle 11 (17,2 %) ; L’Occitane 13 (16,9 %) ; Blackstore 14 (16,7 %) ; Vib's 6 (16,7 %) ; Histoire d'Or 11 (16,4 %) ; Swatch Group 7 (16,3 %) ; Claudie Pierlot 20 (16,3 %) ; Tissus des Ursules - TDU Group 6 (16,2 %) ; Fusalp 5 (16,1 %) ; Dr. Martens 36 (16,1 %) ; Omega 8 (16 %) ; Morgan 9 (15,5 %) ; Coty 32 (15,5 %) ; Loewe 13 (15,1 %) ; LVMH Perfumes & Cosmetics 11 (15,1 %) ; ASICS 6 (15 %) ; Diptyque paris 8 (14,5 %) ; Audemars Piguet 14 (14,4 %) ; Breitling 7 (14,3 %) ; Sisley 7 (14,3 %) ; Givenchy 6 (14,3 %) ; Rimowa 18 (14,1 %) ; ONIVERSE 15 (13,8 %) ; Cheval Blanc 27 (13,6 %) ; Nuuly 7 (13,5 %) ; Swatch 13 (13,3 %) ; Shiseido 28 (12,8 %) ; American Vintage 12 (12,8 %) ; Sézane 17 (12,1 %) ; Armand Thiery 26 (11,6 %) ; ETA 6 (11,5 %) ; Tom Ford 8 (11,1 %) ; Free People 33 (11 %) ; Avolta 28 (10,7 %) ; Douglas 34 (9,7 %) ; Jules 8 (8,9 %) ; Fursac 5 (8,6 %) ; Max Mara Fashion Group 17 (7,9 %) ; ROLEX SA 19 (7,9 %) ; Guerlain 12 (7,8 %) ; Swarovski 8 (7,3 %) ; Suitsupply 13 (7,2 %) ; LVMH 6 (6,7 %) ; Sandro 9 (6,3 %) ; MAC 26 (6 %) ; Beauty Success 6 (5,8 %) ; Mejuri 8 (5,7 %) ; Psycho Bunny 9 (5,7 %) ; Balenciaga 8 (5,7 %) ; Estée Lauder Companies 23 (4,9 %) ; Normal 20 (4,8 %) ; Bobbi Brown Cosmetics 6 (4,8 %) ; Jo Malone London 10 (4,5 %) ; Neiman Marcus 21 (4,4 %) ; Clinique 8 (4,3 %) ; Tiffany & Co. 18 (3,5 %) ; Bottega Veneta 5 (3,5 %) ; Saint Laurent 7 (3,2 %) ; Gucci 8 (3,1 %) ; VF Corporation 27 (3,1 %) ; Chanel 34 (3 %) ; JD Sports 5 (2,5 %) | Marchés : États-Unis 4 168 (10,3 %) ; France 1 662 (12,2 %) ; Royaume-Uni 705 (16,3 %) ; Canada 634 (18,2 %) ; Italie 361 (12,4 %) ; Allemagne 360 (10 %) ; Espagne 282 (12,5 %) ; Pays-Bas 234 (11,9 %) ; Suisse 173 (13,1 %) ; Australie 94 (6,3 %) ; Belgique 78 (10,9 %) ; Afrique du Sud 70 (38,7 %) ; Corée du Sud 64 (11,8 %) ; Chine 63 (5,1 %) ; Singapour 60 (11,6 %) ; Brésil 56 (25,3 %) ; Pologne 49 (12,6 %) ; Japon 46 (7,5 %) ; Portugal 44 (9,9 %) ; Mexique 43 (8,4 %) ; Hongrie 40 (30,3 %) ; Grèce 39 (18,8 %) ; R.A.S. chinoise de Hong Kong 39 (10,8 %) ; Suède 39 (13,9 %) ; Tchéquie 38 (29,5 %) ; Turquie 35 (13,6 %) ; Danemark 32 (9,2 %) ; Nouvelle-Zélande 29 (13,2 %) ; Roumanie 27 (27,6 %) ; Malaisie 26 (8,9 %) ; Viêt Nam 24 (13,1 %) ; Taïwan 22 (10,6 %) ; Arabie saoudite 11 (10,9 %) ; Pérou 10 (5,8 %) ; Thaïlande 10 (3,4 %) ; Chili 6 (1,9 %) ; Philippines 6 (8,3 %) | Sources : lvmh 1 515 (20,2 %) ; wttj-sector 439 (17 %) ; urbn-hub 234 (13,4 %) ; estee-lauder-companies 103 (5,2 %) ; element-6 74 (18 %) ; swatch-group 66 (16,9 %) ; courir 57 (13 %) ; maison-margiela 57 (28,9 %) ; beiersdorf 55 (25,5 %) ; kering 36 (3,2 %) ; douglas-sf 35 (10 %) ; nike 33 (3,9 %) ; eram-3 26 (24,3 %) ; saks 22 (2,6 %) ; normal 21 (4,8 %) ; richemont 16 (28,1 %) ; hugo-boss-phenom 14 (1,8 %) ; dr-pierre-ricaud 12 (14,1 %) ; knitwell-us-corporate 9 (9,1 %) | Source : lvmh (1 473) ; vérifier sur son site que ces offres n’y sont plus ; plan : availability --dry-run | Source : ulta-jibe (1 220) ; vérifier sur son site que ces offres n’y sont plus ; plan : availability --dry-run | Source : hm-group (904) ; vérifier sur son site que ces offres n’y sont plus ; plan : availability --dry-run | Source : sephora-france (605) ; vérifier sur son site que ces offres n’y sont plus ; plan : availability --dry-run | Source : primark (590) ; vérifier sur son site que ces offres n’y sont plus ; plan : availability --dry-run
- [INFORMATION] Maison NIKE Retail UK · perte · fermeture prouvée par la source · nouvelle | 8 offres servies en moins (15,1 %) : 45 contre 53 d’habitude | dont 5 fermeture prouvée par la source ; 3 masquée : une collecte crédible ne la liste plus
- [INFORMATION] Maison Orchestra · perte · fermeture prouvée par la source · nouvelle | 5 offres servies en moins (6 %) : 78 contre 83 d’habitude | dont 4 fermeture prouvée par la source ; 1 masquée : une collecte crédible ne la liste plus
- [INFORMATION] Maison Multiópticas · perte · fermeture prouvée par la source · nouvelle | 5 offres servies en moins (5,8 %) : 81 contre 86 d’habitude
- [INFORMATION] Maison Michael Kors (Italy) srl con socio unico · perte · fermeture prouvée par la source · nouvelle | 5 offres servies en moins (38,5 %) : 8 contre 13 d’habitude | dont 4 fermeture prouvée par la source ; 1 masquée : une collecte crédible ne la liste plus
- [INFORMATION] Maison HUGO BOSS México S.A. de C.V. · perte · fermeture prouvée par la source · nouvelle | 5 offres servies en moins (10 %) : 45 contre 50 d’habitude | dont 4 masquée : une collecte crédible ne la liste plus ; 1 fermeture prouvée par la source
- [INFORMATION] Maison HUGO BOSS Australia Pty Ltd · perte · fermeture prouvée par la source · nouvelle | 5 offres servies en moins (100 %) : 0 contre 5 d’habitude | dont 4 fermeture prouvée par la source ; 1 masquée : une collecte crédible ne la liste plus
- [INFORMATION] Source Ralph Lauren · non servie · pause ou retrait de la source décidé · nouvelle | 1 160 offres lues à la dernière qualification, aucune servie
- [INFORMATION] Maison Aigle · perte · fermeture prouvée par la source · en cours | 59 offres servies en moins (48 %) : 64 contre 123 d’habitude
- [INFORMATION] Maison Aroma-Zone · perte · fermeture prouvée par la source · en cours | 52 offres servies en moins (23,5 %) : 169 contre 221 d’habitude | dont 45 fermeture prouvée par la source ; 7 masquée : une collecte crédible ne la liste plus
- [INFORMATION] Source foot-locker-france · perte · fermeture prouvée par la source · en cours | 28 offres servies en moins (0,9 %) : 2 998 contre 3 026 d’habitude | dont 24 fermeture prouvée par la source ; 4 masquée : une collecte crédible ne la liste plus
- [INFORMATION] Source capri-michael-kors · perte · fermeture prouvée par la source · en cours | 16 offres servies en moins (3,1 %) : 507 contre 523 d’habitude | dont 14 fermeture prouvée par la source ; 2 masquée : une collecte crédible ne la liste plus
- [INFORMATION] Source conde-nast-france · perte · fermeture prouvée par la source · en cours | 16 offres servies en moins (11,3 %) : 125 contre 141 d’habitude | dont 14 fermeture prouvée par la source ; 2 masquée : une collecte crédible ne la liste plus
- [INFORMATION] Maison The Kooples · perte · fermeture prouvée par la source · en cours | 12 offres servies en moins (16 %) : 63 contre 75 d’habitude
- [INFORMATION] Maison 30000 The Condé Nast Publications Limited · perte · fermeture prouvée par la source · en cours | 12 offres servies en moins (40 %) : 18 contre 30 d’habitude
- [INFORMATION] Maison United States of Aritzia Inc. · perte · fermeture prouvée par la source · en cours | 10 offres servies en moins (3,1 %) : 313 contre 323 d’habitude | dont 9 fermeture prouvée par la source ; 1 masquée : une collecte crédible ne la liste plus
- [INFORMATION] Maison Aritzia LP · perte · fermeture prouvée par la source · en cours | 9 offres servies en moins (4,1 %) : 208 contre 217 d’habitude
- [INFORMATION] Source browns · perte · fermeture prouvée par la source · en cours | 7 offres servies en moins (14 %) : 43 contre 50 d’habitude | dont 6 fermeture prouvée par la source ; 1 masquée : une collecte crédible ne la liste plus
- [INFORMATION] Maison Glitter · perte · fermeture prouvée par la source · en cours | 7 offres servies en moins (25,9 %) : 20 contre 27 d’habitude | dont 6 fermeture prouvée par la source ; 1 masquée : une collecte crédible ne la liste plus
- [INFORMATION] Maison LAGER 157 · perte · fermeture prouvée par la source · en cours | 7 offres servies en moins (17,5 %) : 33 contre 40 d’habitude | dont 6 fermeture prouvée par la source ; 1 masquée : une collecte crédible ne la liste plus
- [INFORMATION] Maison NIKE Retail Italy · perte · fermeture prouvée par la source · en cours | 7 offres servies en moins (21,2 %) : 26 contre 33 d’habitude
- [INFORMATION] Maison Good American · perte · fermeture prouvée par la source · en cours | 6 offres servies en moins (40 %) : 9 contre 15 d’habitude
- [INFORMATION] Maison Kids Foot Locker · perte · fermeture prouvée par la source · en cours | 6 offres servies en moins (1,4 %) : 432 contre 438 d’habitude | dont 5 fermeture prouvée par la source ; 1 masquée : une collecte crédible ne la liste plus
- [INFORMATION] Maison The Dune Group · perte · fermeture prouvée par la source · en cours | 6 offres servies en moins (28,6 %) : 15 contre 21 d’habitude
- [INFORMATION] Maison GANNI · perte · fermeture prouvée par la source · en cours | 5 offres servies en moins (38,5 %) : 8 contre 13 d’habitude
- [INFORMATION] Maison Nike Sports (China) Co. · perte · fermeture prouvée par la source · en cours | 5 offres servies en moins (6,5 %) : 72 contre 77 d’habitude

## 02/10 + 68 fermetures Swatch (D-508 §6)
référence : 7 RUN ; alertes qui réveillent : 0 (nouvelles 0, à réparer 0, à vérifier 0) ; pour information : 22
- [INFORMATION] Maison Swatch · perte · fermeture prouvée par la source · nouvelle | 13 offres servies en moins (13,3 %) : 85 contre 98 avant ce RUN
- [INFORMATION] Maison Omega · perte · fermeture prouvée par la source · nouvelle | 8 offres servies en moins (16 %) : 42 contre 50 avant ce RUN
- [INFORMATION] Maison Swatch Group · perte · fermeture prouvée par la source · nouvelle | 8 offres servies en moins (18,6 %) : 35 contre 43 avant ce RUN
- [INFORMATION] Maison ETA · perte · fermeture prouvée par la source · nouvelle | 6 offres servies en moins (11,5 %) : 46 contre 52 avant ce RUN
- [INFORMATION] Maison Meco · perte · fermeture prouvée par la source · nouvelle | 6 offres servies en moins (100 %) : 0 contre 6 avant ce RUN
- [INFORMATION] Maison Blancpain · perte · fermeture prouvée par la source · nouvelle | 5 offres servies en moins (41,7 %) : 7 contre 12 avant ce RUN
- [INFORMATION] Maison Aigle · perte · fermeture prouvée par la source · en cours | 59 offres servies en moins (48 %) : 64 contre 123 d’habitude
- [INFORMATION] Maison AKIRA · perte · fermeture prouvée par la source · en cours | 54 offres servies en moins (32,1 %) : 114 contre 168 d’habitude
- [INFORMATION] Maison Aroma-Zone · perte · fermeture prouvée par la source · en cours | 42 offres servies en moins (19 %) : 179 contre 221 d’habitude
- [INFORMATION] Maison Normal · perte · fermeture prouvée par la source · en cours | 31 offres servies en moins (6,8 %) : 424 contre 455 d’habitude

## Cas attendus
{
 "diptyque": "A_REPARER",
 "browns": "A_REPARER",
 "loreal": "A_REPARER",
 "ralph": "INFORMATION",
 "synthesis": "A_VERIFIER, 188 Maisons, 9193 offres",
 "hermes": "rang 8",
 "lv": "rang 9",
 "dior": "rang 16",
 "swatchWaking": 0
}

## Bruit, 7 derniers RUN quotidiens (nouvelles alertes qui réveillent)
RUN 2026-09-25 02ce57f9 (FAILED) : 0 nouvelles (aucune) ; 0 qui réveillent ; 5 pour information
RUN 2026-09-26 966e9549 (FAILED) : 0 nouvelles (aucune) ; 0 qui réveillent ; 10 pour information
RUN 2026-09-27 403eadd0 (FAILED) : 1 nouvelles (MENACE everything-but-water) ; 1 qui réveillent ; 8 pour information
RUN 2026-09-28 da0587ac (FAILED) : 3 nouvelles (MENACE ulta-jibe ; MENACE sephora-france ; MENACE selfridges) ; 3 qui réveillent ; 5 pour information
RUN 2026-09-29 12f79076 (FAILED) : 15 nouvelles (MENACE therealreal ; MENACE uniqlo-au-stores ; MENACE everything-but-water ; MENACE boardriders ; MENACE breitling-sf ; MENACE capri-jimmy-choo ; MENACE nars ; MENACE marc-o-polo ; MENACE naos ; MENACE aeropostale ; MENACE goyard-successfactors ; MENACE balmain ; MENACE groupe-chantelle ; MENACE uniqlo-headquarters ; MENACE patek-philippe) ; 17 qui réveillent ; 14 pour information
RUN 2026-09-30 0f7fb086 (FAILED) : 2 nouvelles (MENACE urbn-hub ; MENACE swatch-group) ; 2 qui réveillent ; 22 pour information
RUN 2026-10-01 b4e6b708 (FAILED) : 3 nouvelles (MENACE diptyque-workday ; MENACE browns-shoes ; MENACE ganni-talentrecruiter) ; 3 qui réveillent ; 36 pour information
moyenne 3.4 par jour (version précédente : 3,4)

## Calibrage (bruit = nouvelles alertes qui réveillent, 7 derniers RUN ; premier RUN de r6 = table vide)
k | plancher | masse | bruit/jour | par RUN | Diptyque | Browns | L’Oréal Pro | synthèse r6 | Hermès | LV | Dior Couture | autres alertes r6 | Swatch qui réveille
2 | 5 | 40 | 3.4 | 0,0,1,3,15,2,3 | A_REPARER | A_REPARER | A_REPARER | A_VERIFIER, 188 Maisons, 9193 offres | rang 8 | rang 9 | rang 16 | 7 | 0
2 | 10 | 40 | 3.3 | 0,0,1,3,15,2,2 | A_REPARER | A_REPARER | A_REPARER | A_VERIFIER, 118 Maisons, 8728 offres | rang 8 | rang 9 | rang 16 | 5 | 0
2 | 15 | 40 | 3.3 | 0,0,1,3,15,2,2 | A_REPARER | A_REPARER | A_REPARER | A_VERIFIER, 89 Maisons, 8380 offres | rang 8 | rang 9 | rang 16 | 5 | 0
2 | 20 | 40 | 2.7 | 0,0,1,3,11,2,2 | A_REPARER | A_REPARER | A_REPARER | A_VERIFIER, 71 Maisons, 8066 offres | rang 8 | rang 9 | rang 16 | 5 | 0
2 | 30 | 40 | 2.3 | 0,0,1,3,8,2,2 | A_REPARER | A_REPARER | A_REPARER | A_VERIFIER, 46 Maisons, 7446 offres | rang 8 | rang 9 | rang 16 | 4 | 0
3 | 5 | 40 | 3.4 | 0,0,1,3,15,2,3 | A_REPARER | A_REPARER | A_REPARER | A_VERIFIER, 188 Maisons, 9193 offres | rang 8 | rang 9 | rang 16 | 7 | 0
3 | 10 | 40 | 3.3 | 0,0,1,3,15,2,2 | A_REPARER | A_REPARER | A_REPARER | A_VERIFIER, 118 Maisons, 8728 offres | rang 8 | rang 9 | rang 16 | 5 | 0
3 | 15 | 40 | 3.3 | 0,0,1,3,15,2,2 | A_REPARER | A_REPARER | A_REPARER | A_VERIFIER, 89 Maisons, 8380 offres | rang 8 | rang 9 | rang 16 | 5 | 0
3 | 20 | 40 | 2.7 | 0,0,1,3,11,2,2 | A_REPARER | A_REPARER | A_REPARER | A_VERIFIER, 71 Maisons, 8066 offres | rang 8 | rang 9 | rang 16 | 5 | 0
3 | 30 | 40 | 2.3 | 0,0,1,3,8,2,2 | A_REPARER | A_REPARER | A_REPARER | A_VERIFIER, 46 Maisons, 7446 offres | rang 8 | rang 9 | rang 16 | 4 | 0
4 | 5 | 40 | 3.4 | 0,0,1,3,15,2,3 | A_REPARER | A_REPARER | A_REPARER | A_VERIFIER, 188 Maisons, 9193 offres | rang 8 | rang 9 | rang 16 | 7 | 0
4 | 10 | 40 | 3.3 | 0,0,1,3,15,2,2 | A_REPARER | A_REPARER | A_REPARER | A_VERIFIER, 118 Maisons, 8728 offres | rang 8 | rang 9 | rang 16 | 5 | 0
4 | 15 | 40 | 3.3 | 0,0,1,3,15,2,2 | A_REPARER | A_REPARER | A_REPARER | A_VERIFIER, 89 Maisons, 8380 offres | rang 8 | rang 9 | rang 16 | 5 | 0
4 | 20 | 40 | 2.7 | 0,0,1,3,11,2,2 | A_REPARER | A_REPARER | A_REPARER | A_VERIFIER, 71 Maisons, 8066 offres | rang 8 | rang 9 | rang 16 | 5 | 0
4 | 30 | 40 | 2.3 | 0,0,1,3,8,2,2 | A_REPARER | A_REPARER | A_REPARER | A_VERIFIER, 46 Maisons, 7446 offres | rang 8 | rang 9 | rang 16 | 4 | 0
5 | 5 | 40 | 3.4 | 0,0,1,3,15,2,3 | A_REPARER | A_REPARER | A_REPARER | A_VERIFIER, 188 Maisons, 9193 offres | rang 8 | rang 9 | rang 16 | 7 | 0
5 | 10 | 40 | 3.3 | 0,0,1,3,15,2,2 | A_REPARER | A_REPARER | A_REPARER | A_VERIFIER, 118 Maisons, 8728 offres | rang 8 | rang 9 | rang 16 | 5 | 0
5 | 15 | 40 | 3.3 | 0,0,1,3,15,2,2 | A_REPARER | A_REPARER | A_REPARER | A_VERIFIER, 89 Maisons, 8380 offres | rang 8 | rang 9 | rang 16 | 5 | 0
5 | 20 | 40 | 2.7 | 0,0,1,3,11,2,2 | A_REPARER | A_REPARER | A_REPARER | A_VERIFIER, 71 Maisons, 8066 offres | rang 8 | rang 9 | rang 16 | 5 | 0
5 | 30 | 40 | 2.3 | 0,0,1,3,8,2,2 | A_REPARER | A_REPARER | A_REPARER | A_VERIFIER, 46 Maisons, 7446 offres | rang 8 | rang 9 | rang 16 | 4 | 0

## Seuil de masse : nombre de Maisons anormales pour une même cause, par RUN (règle retenue, sans synthèse)
masse 5 : synthèses sur les 7 derniers RUN 0,1,1,0,1,1,1 ; premier RUN de r6 COLLECTE 6, NON_REVUE 188 ; bruit/jour 3.4
masse 10 : synthèses sur les 7 derniers RUN 0,0,0,0,1,1,1 ; premier RUN de r6 NON_REVUE 188 ; bruit/jour 3.4
masse 20 : synthèses sur les 7 derniers RUN 0,0,0,0,0,0,1 ; premier RUN de r6 NON_REVUE 188 ; bruit/jour 3.4
masse 40 : synthèses sur les 7 derniers RUN 0,0,0,0,0,0,0 ; premier RUN de r6 NON_REVUE 188 ; bruit/jour 3.4
sans synthèse : Maisons anormales par cause, 7 derniers RUN : [FERMETURE_SOURCE 4] [FERMETURE_SOURCE 9] [FERMETURE_SOURCE 7] [FERMETURE_SOURCE 4] [FERMETURE_SOURCE 11] [FERMETURE_SOURCE 15] [FERMETURE_SOURCE 25] ; premier RUN de r6 : [COLLECTE 6, NON_REVUE 188]

## Sensibilité à k (plancher retenu) : pertes anormales par RUN, toutes gravités, 7 derniers RUN ; masquage avec habitude
k = 1 : pertes 26,36,33,14,38,45,48 (moyenne 34.3) ; bruit/jour 3.4 ; masquage avec habitude : 188 Maisons dans la synthèse (Hermès oui, LV oui, Dior oui)
k = 2 : pertes 13,20,16,11,20,44,54 (moyenne 25.4) ; bruit/jour 3.4 ; masquage avec habitude : 179 Maisons dans la synthèse (Hermès oui, LV oui, Dior oui)
k = 3 : pertes 9,12,8,7,16,29,44 (moyenne 17.9) ; bruit/jour 3.4 ; masquage avec habitude : 173 Maisons dans la synthèse (Hermès oui, LV oui, Dior oui)
k = 4 : pertes 5,10,8,5,14,22,36 (moyenne 14.3) ; bruit/jour 3.4 ; masquage avec habitude : 163 Maisons dans la synthèse (Hermès oui, LV oui, Dior oui)
k = 5 : pertes 3,9,7,5,10,16,31 (moyenne 11.6) ; bruit/jour 3.4 ; masquage avec habitude : 158 Maisons dans la synthèse (Hermès oui, LV oui, Dior oui)
k = 6 : pertes 3,7,3,2,7,12,25 (moyenne 8.4) ; bruit/jour 3.4 ; masquage avec habitude : 152 Maisons dans la synthèse (Hermès oui, LV oui, Dior oui)
k = 7 : pertes 3,6,2,2,6,9,22 (moyenne 7.1) ; bruit/jour 3.4 ; masquage avec habitude : 145 Maisons dans la synthèse (Hermès NON, LV oui, Dior oui)
k = 8 : pertes 1,5,2,2,4,9,20 (moyenne 6.1) ; bruit/jour 3.4 ; masquage avec habitude : 140 Maisons dans la synthèse (Hermès NON, LV oui, Dior oui)

## Variation habituelle mesurée au 01/10 (fenêtre de 7 RUN)
Maisons de 1 à 4 offres : 398 Maisons, 831 offres (1 %) ; variation médiane p50 0, p90 0, max 0.5
Maisons de 5 à 9 offres : 157 Maisons, 1064 offres (1.2 %) ; variation médiane p50 0, p90 0.5, max 1
Maisons de 10 à 19 offres : 140 Maisons, 1983 offres (2.3 %) ; variation médiane p50 0, p90 0.5, max 2
Maisons de 20 à 99 offres : 221 Maisons, 9868 offres (11.4 %) ; variation médiane p50 0, p90 2, max 4
Maisons de 100 à 999 offres : 127 Maisons, 35246 offres (40.8 %) ; variation médiane p50 2, p90 9.5, max 32.5
Maisons de 1000 à ∞ offres : 15 Maisons, 37492 offres (43.4 %) ; variation médiane p50 30, p90 86.5, max 106.5
MARCHE:US : 40556 offres, variation habituelle 609.5
MARCHE:FR : 13582 offres, variation habituelle 208
MARCHE:GB : 4328 offres, variation habituelle 104
MARCHE:HU : 132 offres, variation habituelle 3.5
MARCHE:ZA : 182 offres, variation habituelle 7.5
Hermès : 889 offres, variation habituelle 32.5 ; seuil d'anomalie 131
Louis Vuitton : 800 offres, variation habituelle 10 ; seuil d'anomalie 41
Christian Dior Couture : 546 offres, variation habituelle 3 ; seuil d'anomalie 13
Ulta Beauty : 11115 offres, variation habituelle 79.5 ; seuil d'anomalie 319
Sephora : 5768 offres, variation habituelle 63 ; seuil d'anomalie 253
H&M Group : 2839 offres, variation habituelle 106.5 ; seuil d'anomalie 427

## Plancher : ce que 5 ajoute à 10, et 10 à 20, sur les 7 derniers RUN (nouvelles alertes) et au premier RUN de r6
5 au lieu de 10, premier RUN de r6 : PERTE Tapestry (7) ; PERTE PICARD (6) ; PERTE Gemmyo (5)
5 au lieu de 10, RUN 2026-10-01 b4e6b708 (FAILED) : MENACE ganni-talentrecruiter (5)
10 au lieu de 20, premier RUN de r6 : rien
10 au lieu de 20, RUN 2026-09-29 12f79076 (FAILED) : MENACE balmain (17) ; MENACE groupe-chantelle (17) ; MENACE uniqlo-headquarters (17) ; MENACE patek-philippe (15)
