src|sourceKey|cles|lieu_brut|faits_lieu|cles_faits
adidas|adidas|id,path,slug,source,postingEvidence,successfactorsDetail|||salary,version,education,inputHash,locations,workplace,sourceType
balmain|balmain|id,rss,path,cells,title|||salary,version,education,inputHash,locations,workplace,sourceType
bash-talents|bash-talents|source,detailUrl,detailHtml,experience,listingBlock|||salary,version,education,inputHash,locations,workplace,sourceType
bellroy|bellroy|id,title,content,offices,language,location,metadata,updated_at,departments,absolute_url,company_name,ai_disclaimer,requisition_id,data_compliance,first_published,internal_job_id,application_deadline,include_ai_disclaimer,ai_opt_out_request_url|{"location": "{\"name\": \"Remote\"}"}||salary,version,education,inputHash,locations,workplace,sourceType
bernadette|bernadette|id,title,content,offices,language,location,metadata,updated_at,departments,absolute_url,company_name,ai_disclaimer,requisition_id,data_compliance,first_published,internal_job_id,application_deadline,include_ai_disclaimer,ai_opt_out_request_url|{"location": "{\"name\": \"London\"}"}||salary,version,education,inputHash,locations,workplace,sourceType
bespoke-post|bespoke-post|id,text,lists,country,opening,applyUrl,createdAt,hostedUrl,additional,categories,description,salaryRange,openingPlain,workplaceType,additionalPlain,descriptionBody,descriptionPlain,descriptionBodyPlain|{"country": "null", "workplaceType": "\"hybrid\""}||salary,version,education,inputHash,locations,workplace,sourceType
boots|boots|url,@type,title,@context,baseSalary,datePosted,identifier,description,directApply,jobLocation,validThrough,employmentType,catwalksPageUrl,hiringOrganization|{"jobLocation": "{\"geo\": {\"@type\": \"GeoCoordinates\", \"latitude\": \"52.302220\", \"longitude\": \"-0.622268\"}, \"@type\": \"Place\", \"address\": {\"@type\": \"PostalAddress\", \"postalCode\": \"-"}||salary,version,education,inputHash,locations,workplace,sourceType
brilliant-earth|brilliant-earth|id,title,content,offices,language,location,metadata,education,updated_at,departments,absolute_url,company_name,ai_disclaimer,requisition_id,data_compliance,first_published,internal_job_id,application_deadline,include_ai_disclaimer,ai_opt_out_request_url|{"location": "{\"name\": \"San Jose, CA\"}"}||salary,version,education,inputHash,locations,workplace,sourceType
brown-thomas-taleo|brown-thomas-taleo|source,detailUrl,detailHtml,listingHtml|||salary,version,education,inputHash,locations,workplace,sourceType
bzb|bzb|id,url,title,_jobposting,content_html,date_published|||salary,version,education,inputHash,locations,workplace,sourceType
camper|camper|id,url,title,_jobposting,content_html,date_published|||salary,version,education,inputHash,locations,workplace,sourceType
catbird|catbird|id,text,lists,country,opening,applyUrl,createdAt,hostedUrl,additional,categories,description,salaryRange,openingPlain,workplaceType,additionalPlain,descriptionBody,descriptionPlain,salaryDescription,descriptionBodyPlain,salaryDescriptionPlain|{"country": "null", "workplaceType": "\"onsite\""}||salary,version,education,inputHash,locations,workplace,sourceType
caudalie|caudalie|source,listing,pageUrl,detailHtml|||salary,version,education,inputHash,locations,workplace,sourceType
celio|celio|id,url,title,_jobposting,content_html,date_published|||salary,version,education,inputHash,locations,workplace,sourceType
city-beauty|city-beauty|id,title,content,offices,language,location,metadata,updated_at,departments,absolute_url,company_name,ai_disclaimer,requisition_id,data_compliance,first_published,internal_job_id,application_deadline,include_ai_disclaimer,ai_opt_out_request_url|{"location": "{\"name\": \"Burbank, CA\"}"}||salary,version,education,inputHash,locations,workplace,sourceType
cuyana|cuyana|id,title,content,offices,language,location,metadata,updated_at,departments,absolute_url,company_name,ai_disclaimer,requisition_id,data_compliance,first_published,internal_job_id,application_deadline,include_ai_disclaimer,ai_opt_out_request_url|{"location": "{\"name\": \"Venice, CA \"}"}||salary,version,education,inputHash,locations,workplace,sourceType
damiani|damiani|id,path,slug,source,postingEvidence,successfactorsDetail|||salary,version,education,inputHash,locations,workplace,sourceType
deckers|deckers|title,detail,postedOn,bulletFields,externalPath|||salary,version,education,inputHash,locations,workplace,sourceType
estee-lauder-companies|estee-lauder-companies|id,name,isHot,stars,atsJobId,postedTs,locations,solrScore,creationTs,department,positionUrl,displayJobId,eightfoldDetail,workLocationOption,locationFlexibility,standardizedLocations|{"locations": "[\"Sydney,NZ-AUK,New Zealand\"]", "workLocationOption": "\"onsite\"", "locationFlexibility": "null", "standardizedLocations": "[\"Sydney, NSW, AU\"]"}||salary,version,education,inputHash,locations,workplace,sourceType
everlane|everlane|id,title,content,offices,language,location,metadata,updated_at,departments,absolute_url,company_name,ai_disclaimer,requisition_id,data_compliance,first_published,internal_job_id,application_deadline,include_ai_disclaimer,ai_opt_out_request_url|{"location": "{\"name\": \"King of Prussia, PA\"}"}||salary,version,education,inputHash,locations,workplace,sourceType
fastrack|fastrack|id,url,title,_jobposting,content_html,date_published|||salary,version,education,inputHash,locations,workplace,sourceType
figs|figs|id,title,content,offices,language,location,metadata,education,updated_at,departments,absolute_url,company_name,ai_disclaimer,requisition_id,data_compliance,first_published,internal_job_id,application_deadline,include_ai_disclaimer,ai_opt_out_request_url|{"location": "{\"name\": \"Chicago, IL\"}"}||salary,version,education,inputHash,locations,workplace,sourceType
filson|filson|id,title,content,offices,language,location,metadata,updated_at,departments,absolute_url,company_name,ai_disclaimer,requisition_id,data_compliance,first_published,internal_job_id,application_deadline,include_ai_disclaimer,ai_opt_out_request_url|{"location": "{\"name\": \"Filson\"}"}||salary,version,education,inputHash,locations,workplace,sourceType
foot-locker-france|foot-locker-france|slug,tags1,tags2,tags3,tags4,title,req_id,ats_code,category,external,internal,language,latitude,apply_url,applyable,languages,longitude,meta_data,categories,searchable,create_date,description,posted_date,update_date,full_location,location_type,isApplyFlowJob,qualifications,short_location,employment_type,promotion_value,isFrontLineAIJob,responsibilities,li_easy_applyable,multipleLocations,hiring_organization|{"latitude": "0", "longitude": "0", "full_location": "\"\"", "location_type": "\"LAT_LNG\"", "short_location": "\"\"", "multipleLocations": "false"}||salary,version,education,inputHash,locations,workplace,sourceType
frank-darling|frank-darling|id,url,title,_jobposting,content_html,date_published|||salary,version,education,inputHash,locations,workplace,sourceType
galeries-lafayette|galeries-lafayette|id,url,title,_jobposting,content_html,date_published|||salary,version,education,inputHash,locations,workplace,sourceType
ganni-talentrecruiter|ganni-talentrecruiter|position,fieldEvidence,publicationPath|||salary,version,education,inputHash,locations,workplace,sourceType
g-label-by-goop|g-label-by-goop|id,title,content,offices,language,location,metadata,updated_at,departments,absolute_url,company_name,ai_disclaimer,requisition_id,data_compliance,first_published,internal_job_id,application_deadline,include_ai_disclaimer,ai_opt_out_request_url|{"location": "{\"name\": \"Remote\"}"}||salary,version,education,inputHash,locations,workplace,sourceType
go-outdoors|go-outdoors|id,title,content,offices,language,location,metadata,updated_at,departments,absolute_url,company_name,ai_disclaimer,requisition_id,data_compliance,first_published,internal_job_id,application_deadline,include_ai_disclaimer,ai_opt_out_request_url|{"location": "{\"name\": \"GO 2 - North East & West\"}"}||salary,version,education,inputHash,locations,workplace,sourceType
gorjana|gorjana|id,title,content,offices,language,location,metadata,updated_at,departments,absolute_url,company_name,ai_disclaimer,requisition_id,data_compliance,first_published,internal_job_id,application_deadline,include_ai_disclaimer,ai_opt_out_request_url|{"location": "{\"name\": \"Boulder, CO\"}"}||salary,version,education,inputHash,locations,workplace,sourceType
groupe-chantelle|groupe-chantelle|id,path,cells,title,talentsoftDetail|||salary,version,education,inputHash,locations,workplace,sourceType
groupe-printemps|groupe-printemps|id,path,cells,title,talentsoftDetail|||salary,version,education,inputHash,locations,workplace,sourceType
gu-hk-headquarters|gu-hk-headquarters|title,detail,postedOn,timeType,bulletFields,externalPath|||salary,version,education,inputHash,locations,workplace,sourceType
gymshark|gymshark|id,title,content,offices,language,location,metadata,updated_at,departments,absolute_url,company_name,ai_disclaimer,requisition_id,data_compliance,first_published,internal_job_id,application_deadline,include_ai_disclaimer,ai_opt_out_request_url|{"location": "{\"name\": \"London\"}"}||salary,version,education,inputHash,locations,workplace,sourceType
herschel-supply-co|herschel-supply-co|id,title,content,offices,language,location,metadata,updated_at,departments,absolute_url,company_name,ai_disclaimer,requisition_id,data_compliance,first_published,internal_job_id,application_deadline,include_ai_disclaimer,ai_opt_out_request_url|{"location": "{\"name\": \"Vancouver\"}"}||salary,version,education,inputHash,locations,workplace,sourceType
hoff|hoff|id,url,title,_jobposting,content_html,date_published|||salary,version,education,inputHash,locations,workplace,sourceType
horace|horace|id,url,title,_jobposting,content_html,date_published|||salary,version,education,inputHash,locations,workplace,sourceType
hot-topic|hot-topic|id,text,lists,country,opening,applyUrl,createdAt,hostedUrl,additional,categories,description,salaryRange,openingPlain,workplaceType,additionalPlain,descriptionBody,descriptionPlain,descriptionBodyPlain|{"country": "null", "workplaceType": "\"onsite\""}||salary,version,education,inputHash,locations,workplace,sourceType
ilia|ilia|id,title,content,offices,language,location,metadata,updated_at,departments,absolute_url,company_name,ai_disclaimer,requisition_id,data_compliance,first_published,internal_job_id,application_deadline,include_ai_disclaimer,ai_opt_out_request_url|{"location": "{\"name\": \"São Paulo - BR\"}"}||salary,version,education,inputHash,locations,workplace,sourceType
intersport-france|intersport-france|post,board,fieldEvidence,listingEvidence,geographyEvidence,applicationEvidence|{"geographyEvidence": "{\"url\": \"https://geo.api.gouv.fr/communes?lat=37.9575&lon=-121.975&fields=nom,code,codesPostaux,region,departement&format=json\", \"communes\": [], \"postalLookup\":"}||salary,version,education,inputHash,locations,workplace,sourceType
jd-sports|jd-sports|id,title,content,offices,language,location,metadata,updated_at,departments,absolute_url,company_name,ai_disclaimer,requisition_id,data_compliance,first_published,internal_job_id,application_deadline,include_ai_disclaimer,ai_opt_out_request_url|{"location": "{\"name\": \"BRUXELLES\"}"}||salary,version,education,inputHash,locations,workplace,sourceType
j-lindeberg|j-lindeberg|id,url,title,_jobposting,content_html,date_published|||salary,version,education,inputHash,locations,workplace,sourceType
jonsson-workwear|jonsson-workwear|id,title,content,offices,language,location,metadata,updated_at,departments,absolute_url,company_name,ai_disclaimer,requisition_id,data_compliance,first_published,internal_job_id,application_deadline,include_ai_disclaimer,ai_opt_out_request_url|{"location": "{\"name\": \"Gauteng\"}"}||salary,version,education,inputHash,locations,workplace,sourceType
kering|kering|id,name,isHot,stars,atsJobId,postedTs,locations,solrScore,creationTs,department,positionUrl,displayJobId,eightfoldDetail,workLocationOption,locationFlexibility,standardizedLocations|{"locations": "[]", "workLocationOption": "\"onsite\"", "locationFlexibility": "null", "standardizedLocations": "[]"}||salary,version,education,inputHash,locations,workplace,sourceType
kicks|kicks|id,url,title,_jobposting,content_html,date_published|||salary,version,education,inputHash,locations,workplace,sourceType
la-casa-de-las-carcasas|la-casa-de-las-carcasas|id,url,title,_jobposting,content_html,date_published|||salary,version,education,inputHash,locations,workplace,sourceType
lagardere-duty-free|lagardere-duty-free|id,rss,path,cells,title|||salary,version,education,inputHash,locations,workplace,sourceType
lagardere-travel-retail|lagardere-travel-retail|id,path,cells,title,talentsoftDetail|||salary,version,education,inputHash,locations,workplace,sourceType
lagardere-travel-retail-de|lagardere-travel-retail-de|id,rss,path,cells,title|||salary,version,education,inputHash,locations,workplace,sourceType
la-senza|la-senza|id,title,content,offices,language,location,metadata,updated_at,departments,absolute_url,company_name,ai_disclaimer,requisition_id,data_compliance,first_published,internal_job_id,application_deadline,include_ai_disclaimer,ai_opt_out_request_url|{"location": "{\"name\": \"McArthur Glen\"}"}||salary,version,education,inputHash,locations,workplace,sourceType
longchamp|longchamp|id,path,cells,title,talentsoftDetail|||salary,version,education,inputHash,locations,workplace,sourceType
lounge|lounge|id,url,title,_jobposting,content_html,date_published|||salary,version,education,inputHash,locations,workplace,sourceType
lovable|lovable|id,title,content,offices,language,location,metadata,education,updated_at,departments,absolute_url,company_name,ai_disclaimer,requisition_id,data_compliance,first_published,internal_job_id,application_deadline,include_ai_disclaimer,ai_opt_out_request_url|{"location": "{\"name\": \"Grassobbio\"}"}||salary,version,education,inputHash,locations,workplace,sourceType
luhta|luhta|id,url,title,_jobposting,content_html,date_published|||salary,version,education,inputHash,locations,workplace,sourceType
lush|lush|id,title,content,offices,language,location,metadata,updated_at,departments,absolute_url,company_name,ai_disclaimer,requisition_id,data_compliance,first_published,internal_job_id,application_deadline,include_ai_disclaimer,ai_opt_out_request_url|{"location": "{\"name\": \"Remote - North America\"}"}||salary,version,education,inputHash,locations,workplace,sourceType
luxexperience|luxexperience|@type,title,@context,datePosted,identifier,description,directApply,jobLocation,employmentType,catwalksPageUrl,hiringOrganization|{"jobLocation": "{\"@type\": \"Place\", \"address\": {\"@type\": \"PostalAddress\", \"addressLocality\": \"Miami\"}}"}||salary,version,education,inputHash,locations,workplace,sourceType
marc-o-polo|marc-o-polo|@type,title,@context,datePosted,description,directApply,jobLocation,employmentType,catwalksPageUrl,hiringOrganization|{"jobLocation": "{\"@type\": \"Place\", \"address\": {\"postalCode\": \"7302 \", \"addressRegion\": \"Grisons\", \"streetAddress\": \"Alpenblick 5, 7302  Landquart\", \"addressLocality\": \"Landquar"}||salary,version,education,inputHash,locations,workplace,sourceType
mecca|mecca|title,detail,postedOn,bulletFields,externalPath|||salary,version,education,inputHash,locations,workplace,sourceType
mejuri|mejuri|id,title,content,offices,language,location,metadata,updated_at,departments,absolute_url,company_name,ai_disclaimer,requisition_id,data_compliance,first_published,internal_job_id,application_deadline,include_ai_disclaimer,ai_opt_out_request_url|{"location": "{\"name\": \"Abbot Kinney, Los Angeles\"}"}||salary,version,education,inputHash,locations,workplace,sourceType
molton-brown|molton-brown|id,title,content,offices,language,location,metadata,updated_at,departments,absolute_url,company_name,ai_disclaimer,requisition_id,data_compliance,first_published,internal_job_id,application_deadline,include_ai_disclaimer,ai_opt_out_request_url|{"location": "{\"name\": \"York\"}"}||salary,version,education,inputHash,locations,workplace,sourceType
multiopticas|multiopticas|id,url,title,_jobposting,content_html,date_published|||salary,version,education,inputHash,locations,workplace,sourceType
naos|naos|id,path,slug,source,postingEvidence,successfactorsDetail|||salary,version,education,inputHash,locations,workplace,sourceType
nocibe-eqwa|nocibe-eqwa|url,city,title,region,contract,postedAt,detailUrl,detailHtml,externalId,postalCode|{"city": "\"BOURGES\"", "region": "\"Centre-Val de Loire\""}||salary,version,education,inputHash,locations,workplace,sourceType
nude-project|nude-project|id,url,title,_jobposting,content_html,date_published|||salary,version,education,inputHash,locations,workplace,sourceType
nutrafol|nutrafol|id,title,content,offices,language,location,metadata,updated_at,departments,absolute_url,company_name,ai_disclaimer,requisition_id,data_compliance,first_published,internal_job_id,application_deadline,include_ai_disclaimer,ai_opt_out_request_url|{"location": "{\"name\": \"Remote\"}"}||salary,version,education,inputHash,locations,workplace,sourceType
nutrire|nutrire|id,url,title,_jobposting,content_html,date_published|||salary,version,education,inputHash,locations,workplace,sourceType
oak-essentials|oak-essentials|id,title,content,offices,language,location,metadata,updated_at,departments,absolute_url,company_name,ai_disclaimer,requisition_id,data_compliance,first_published,internal_job_id,application_deadline,include_ai_disclaimer,ai_opt_out_request_url|{"location": "{\"name\": \"Los Angeles \"}"}||salary,version,education,inputHash,locations,workplace,sourceType
oh-my-cream|oh-my-cream|id,url,title,_jobposting,content_html,date_published|||salary,version,education,inputHash,locations,workplace,sourceType
olaplex|olaplex|id,title,content,offices,language,location,metadata,updated_at,departments,absolute_url,company_name,ai_disclaimer,requisition_id,data_compliance,first_published,internal_job_id,application_deadline,include_ai_disclaimer,ai_opt_out_request_url|{"location": "{\"name\": \"Texas \"}"}||salary,version,education,inputHash,locations,workplace,sourceType
on-running|on-running|id,title,content,offices,language,location,metadata,updated_at,departments,absolute_url,company_name,ai_disclaimer,requisition_id,data_compliance,first_published,internal_job_id,application_deadline,include_ai_disclaimer,ai_opt_out_request_url|{"location": "{\"name\": \"Seattle\"}"}||salary,version,education,inputHash,locations,workplace,sourceType
orlebar-brown|orlebar-brown|id,url,title,_jobposting,content_html,date_published|||salary,version,education,inputHash,locations,workplace,sourceType
ounass|ounass|id,url,title,_jobposting,content_html,date_published|||salary,version,education,inputHash,locations,workplace,sourceType
parfums-chanel|parfums-chanel|title,detail,postedOn,bulletFields,externalPath|||salary,version,education,inputHash,locations,workplace,sourceType
peak-performance|peak-performance|id,url,title,_jobposting,content_html,date_published|||salary,version,education,inputHash,locations,workplace,sourceType
picard|picard|feedItem|||salary,version,education,inputHash,locations,workplace,sourceType
pvh|pvh|city,type,badge,brand,jobId,reqId,state,title,locale,address,company,country,applyUrl,category,jobSeqNo,latitude,location,siteType,cityState,longitude,ml_skills,postedDate,dateCreated,externalApply,jobVisibility,ml_job_parser,workplaceType,multi_category,visibilityType,isMultiCategory,isMultiLocation,postingEvidence,cityStateCountry,descriptionTeaser,multi_category_array|{"city": "\"\"", "state": "\"\"", "address": "\"\"", "country": "\"\"", "latitude": "\"0.0\"", "location": "\"\"", "siteType": "\"external\"", "cityState": "\"\"", "longitude": "\"0.0\"", "workplaceType": "\"Retail\"", "isMultiLocation": "false", "cityStateCountry": "\"\""}||salary,version,education,inputHash,locations,workplace,sourceType
quince|quince|id,title,content,offices,language,location,metadata,updated_at,departments,absolute_url,company_name,ai_disclaimer,requisition_id,data_compliance,first_published,internal_job_id,application_deadline,include_ai_disclaimer,ai_opt_out_request_url|{"location": "{\"name\": \"Germany - Berlin\"}"}||salary,version,education,inputHash,locations,workplace,sourceType
rebag|rebag|id,title,content,offices,language,location,metadata,updated_at,departments,absolute_url,company_name,ai_disclaimer,requisition_id,data_compliance,first_published,internal_job_id,application_deadline,include_ai_disclaimer,ai_opt_out_request_url|{"location": "{\"name\": \"Orlando\"}"}||salary,version,education,inputHash,locations,workplace,sourceType
reformation|reformation|id,title,content,offices,language,location,metadata,updated_at,departments,absolute_url,company_name,ai_disclaimer,requisition_id,data_compliance,first_published,internal_job_id,application_deadline,include_ai_disclaimer,ai_opt_out_request_url|{"location": "{\"name\": \"New York City\"}"}||salary,version,education,inputHash,locations,workplace,sourceType
rivoli-typesense|rivoli-typesense|id,url,title,nav_trail,department,_department,description,page_locale,public_date,job_location,site_tree_id,_job_location,display_order,vacancyDetail,page_index_content,public_date_time_stamp|{"job_location": "[\"Dubai\"]", "site_tree_id": "2", "_job_location": "[\"دبي\"]"}||salary,version,education,inputHash,locations,workplace,sourceType
sephora-france|sephora-france|id,path,slug,source,postingEvidence,successfactorsDetail|||salary,version,education,inputHash,locations,workplace,sourceType
shinola|shinola|id,title,content,offices,language,location,metadata,updated_at,departments,absolute_url,company_name,ai_disclaimer,requisition_id,data_compliance,first_published,internal_job_id,application_deadline,include_ai_disclaimer,ai_opt_out_request_url|{"location": "{\"name\": \"Los Angeles, CA\"}"}||salary,version,education,inputHash,locations,workplace,sourceType
shinola-retail|shinola-retail|id,title,content,offices,language,location,metadata,updated_at,departments,absolute_url,company_name,ai_disclaimer,requisition_id,data_compliance,first_published,internal_job_id,application_deadline,include_ai_disclaimer,ai_opt_out_request_url|{"location": "{\"name\": \"Tysons Corner, VA\"}"}||salary,version,education,inputHash,locations,workplace,sourceType
showroomprive|showroomprive|id,url,title,_jobposting,content_html,date_published|||salary,version,education,inputHash,locations,workplace,sourceType
singularu|singularu|id,url,title,_jobposting,content_html,date_published|||salary,version,education,inputHash,locations,workplace,sourceType
skin-laundry|skin-laundry|id,title,content,offices,language,location,metadata,updated_at,departments,absolute_url,company_name,ai_disclaimer,requisition_id,data_compliance,first_published,internal_job_id,application_deadline,include_ai_disclaimer,ai_opt_out_request_url|{"location": "{\"name\": \"Del Mar Highlands\"}"}||salary,version,education,inputHash,locations,workplace,sourceType
subset|subset|id,url,title,_jobposting,content_html,date_published|||salary,version,education,inputHash,locations,workplace,sourceType
swarovski|swarovski|title,detail,postedOn,bulletFields,externalPath|||salary,version,education,inputHash,locations,workplace,sourceType
swatch-group|swatch-group|url,city,logo,title,jsonLd,source,company,applyUrl,language,location,postedAt,postalCode,description,legalEntity|{"city": "\"La Chaux-de-Fonds\"", "location": "\"2300 La Chaux-de-Fonds\""}||salary,version,education,inputHash,locations,workplace,sourceType
thirdlove|thirdlove|id,title,content,offices,language,location,metadata,updated_at,departments,absolute_url,company_name,ai_disclaimer,requisition_id,data_compliance,first_published,internal_job_id,application_deadline,include_ai_disclaimer,ai_opt_out_request_url|{"location": "{\"name\": \"Remote\"}"}||salary,version,education,inputHash,locations,workplace,sourceType
trussardi|trussardi|id,url,title,_jobposting,content_html,date_published|||salary,version,education,inputHash,locations,workplace,sourceType
veronica-beard|veronica-beard|id,title,content,offices,language,location,metadata,updated_at,departments,absolute_url,company_name,ai_disclaimer,requisition_id,data_compliance,first_published,internal_job_id,application_deadline,include_ai_disclaimer,ai_opt_out_request_url|{"location": "{\"name\": \"Pennsylvania\"}"}||salary,version,education,inputHash,locations,workplace,sourceType
vivienne-westwood|vivienne-westwood|id,url,title,_jobposting,content_html,date_published|||salary,version,education,inputHash,locations,workplace,sourceType
white-stuff|white-stuff|id,url,title,_jobposting,content_html,date_published|||salary,version,education,inputHash,locations,workplace,sourceType
(94 rows)
