src|faits|natif
adidas|{"value": null, "issues": ["LOCATION_READER_NOT_QUALIFIED"], "status": "UNINTERPRETED", "evidence": []}|
balmain|{"value": null, "issues": ["LOCATION_READER_NOT_QUALIFIED"], "status": "UNINTERPRETED", "evidence": []}|["Réf. : 2026-864", "17/09/2026", "Leccio"]
bash-talents|{"value": null, "issues": ["LOCATION_READER_NOT_QUALIFIED"], "status": "UNINTERPRETED", "evidence": []}|
bellroy|{"value": [{"city": null, "path": "/location", "label": "Remote", "issues": [], "region": null, "country": null, "latitude": null, "longitude": null, "postalCode": null, "coordinateStatus": "NOT_OBSERVED"}], "issues": [], "status": "DECLARED", "evidence": [{"path": "/offices/0/location", "value": null}, {"path": "/location/name", "value": "Remote"}]}|[{"id": 66731, "name": "Remote", "location": null, "child_ids": [], "parent_id": null}]
bernadette|{"value": [{"city": null, "path": "/location", "label": "London", "issues": [], "region": null, "country": null, "latitude": null, "longitude": null, "postalCode": null, "coordinateStatus": "NOT_OBSERVED"}], "issues": [], "status": "DECLARED", "evidence": [{"path": "/offices/0/location", "value": null}, {"path": "/location/name", "value": "London"}]}|[{"id": 4032978101, "name": "UK", "location": null, "child_ids": [4032979101, 4033739101, 4033740101], "parent_id": null}]
bespoke-post|{"value": [{"city": null, "path": "/categories/allLocations/0", "label": "New York", "issues": [], "region": null, "country": null, "latitude": null, "longitude": null, "postalCode": null, "coordinateStatus": "NOT_OBSERVED"}], "issues": [], "status": "DECLARED", "evidence": [{"path": "/categories/allLocations/0", "value": "New York"}]}|
boots|{"value": [{"city": "-", "path": "/jobLocation", "label": null, "issues": [], "region": "-", "country": null, "latitude": 52.30222, "longitude": -0.622268, "postalCode": "-", "coordinateStatus": "DECLARED"}], "issues": [], "status": "DECLARED", "evidence": [{"path": "/jobLocation/address/addressLocality", "value": "-"}, {"path": "/jobLocation/address/addressRegion", "value": "-"}, {"path": "/jobLocation/address/postalCode", "value": "-"}, {"path": "/jobLocation/geo/latitude", "value": "52.302220"}, {"path": "/jobLocation/geo/longitude", "value": "-0.622268"}]}|{"geo": {"@type": "GeoCoordinates", "latitude": "52.302220", "longitude": "-0.622268"}, "@type": "Place", "address": {"@type": "PostalAddress", "postalCode": "-", "addressRegion": "-", "streetAddress": "Rushden, Rushden Lakes Shopping Park", "addressLocality": "-"}}
brilliant-earth|{"value": [{"city": null, "path": "/offices/0", "label": "San Jose, CA", "issues": [], "region": null, "country": null, "latitude": null, "longitude": null, "postalCode": null, "coordinateStatus": "NOT_OBSERVED"}], "issues": [], "status": "DECLARED", "evidence": [{"path": "/offices/0/location", "value": "San Jose, CA"}]}|[{"id": 4041508009, "name": "San Jose", "location": "San Jose, CA", "child_ids": [], "parent_id": 4029305009}]
brown-thomas-taleo|{"value": null, "issues": ["LOCATION_READER_NOT_QUALIFIED"], "status": "UNINTERPRETED", "evidence": []}|
bzb|{"value": null, "issues": [], "status": "NOT_OBSERVED", "evidence": []}|
camper|{"value": null, "issues": [], "status": "NOT_OBSERVED", "evidence": []}|
catbird|{"value": [{"city": null, "path": "/categories/allLocations/0", "label": "Boston, MA", "issues": [], "region": null, "country": null, "latitude": null, "longitude": null, "postalCode": null, "coordinateStatus": "NOT_OBSERVED"}], "issues": [], "status": "DECLARED", "evidence": [{"path": "/categories/allLocations/0", "value": "Boston, MA"}]}|
caudalie|{"value": null, "issues": [], "status": "NOT_OBSERVED", "evidence": []}|{"slug": "NBKQ3J", "title": "Gebietsverkaufsleitung im Außendienst (m/w/d) für das Verkaufsgebiet Nürnberg", "is_new": false, "location": "Europe (sauf France)", "contract_type": "Emploi à durée indéterminée"}
celio|{"value": null, "issues": [], "status": "NOT_OBSERVED", "evidence": []}|
city-beauty|{"value": [{"city": null, "path": "/location", "label": "Burbank, CA", "issues": [], "region": null, "country": null, "latitude": null, "longitude": null, "postalCode": null, "coordinateStatus": "NOT_OBSERVED"}], "issues": [], "status": "DECLARED", "evidence": [{"path": "/offices/0/location", "value": null}, {"path": "/location/name", "value": "Burbank, CA"}]}|[{"id": 4003669005, "name": "City Beauty", "location": null, "child_ids": [], "parent_id": null}]
cuyana|{"value": [{"city": null, "path": "/offices/0", "label": "Venice, California", "issues": [], "region": null, "country": null, "latitude": null, "longitude": null, "postalCode": null, "coordinateStatus": "NOT_OBSERVED"}], "issues": [], "status": "DECLARED", "evidence": [{"path": "/offices/0/location", "value": "Venice, California"}]}|[{"id": 8858, "name": "Venice", "location": "Venice, California", "child_ids": [], "parent_id": null}]
damiani|{"value": null, "issues": ["LOCATION_READER_NOT_QUALIFIED"], "status": "UNINTERPRETED", "evidence": []}|
deckers|{"value": null, "issues": [], "status": "NOT_OBSERVED", "evidence": [{"path": "/detail/jobPostingInfo/location", "value": ""}]}|["21597"]
estee-lauder-companies|{"value": [{"city": null, "path": "/locations/0", "label": "Sydney,NZ-AUK,New Zealand", "issues": [], "region": null, "country": null, "latitude": null, "longitude": null, "postalCode": null, "coordinateStatus": "NOT_OBSERVED"}], "issues": [], "status": "DECLARED", "evidence": [{"path": "/locations/0", "value": "Sydney,NZ-AUK,New Zealand"}]}|
everlane|{"value": [{"city": null, "path": "/location", "label": "King of Prussia, PA", "issues": [], "region": null, "country": null, "latitude": null, "longitude": null, "postalCode": null, "coordinateStatus": "NOT_OBSERVED"}], "issues": [], "status": "DECLARED", "evidence": [{"path": "/offices/0/location", "value": null}, {"path": "/location/name", "value": "King of Prussia, PA"}]}|[{"id": 4033887003, "name": "King of Prussia", "location": null, "child_ids": [], "parent_id": null}]
fastrack|{"value": null, "issues": [], "status": "NOT_OBSERVED", "evidence": []}|
figs|{"value": [{"city": null, "path": "/location", "label": "Chicago, IL", "issues": [], "region": null, "country": null, "latitude": null, "longitude": null, "postalCode": null, "coordinateStatus": "NOT_OBSERVED"}], "issues": [], "status": "DECLARED", "evidence": [{"path": "/offices/0/location", "value": null}, {"path": "/location/name", "value": "Chicago, IL"}]}|[{"id": 4110010002, "name": "West Loop", "location": null, "child_ids": [], "parent_id": null}]
filson|{"value": [{"city": null, "path": "/location", "label": "Filson", "issues": [], "region": null, "country": null, "latitude": null, "longitude": null, "postalCode": null, "coordinateStatus": "NOT_OBSERVED"}], "issues": [], "status": "DECLARED", "evidence": [{"path": "/location/name", "value": "Filson"}]}|[]
foot-locker-france|{"value": [{"city": null, "path": "", "label": null, "issues": ["ZERO_PAIR_REQUIRES_VERIFICATION"], "region": null, "country": null, "latitude": null, "longitude": null, "postalCode": null, "coordinateStatus": "UNINTERPRETED"}], "issues": [], "status": "DECLARED", "evidence": [{"path": "/full_location", "value": ""}, {"path": "/latitude", "value": 0}, {"path": "/longitude", "value": 0}]}|
frank-darling|{"value": null, "issues": [], "status": "NOT_OBSERVED", "evidence": []}|
galeries-lafayette|{"value": null, "issues": [], "status": "NOT_OBSERVED", "evidence": []}|
ganni-talentrecruiter|{"value": [{"city": null, "path": "/position", "label": null, "issues": ["UNINTERPRETED_COORDINATE_PAIR"], "region": null, "country": null, "latitude": null, "longitude": null, "postalCode": null, "coordinateStatus": "UNINTERPRETED"}], "issues": [], "status": "DECLARED", "evidence": [{"path": "/position/WorkPlace", "value": ""}, {"path": "/position/WorkPlaceCoordinates", "value": ""}]}|
g-label-by-goop|{"value": [{"city": null, "path": "/offices/0", "label": "Remote", "issues": [], "region": null, "country": null, "latitude": null, "longitude": null, "postalCode": null, "coordinateStatus": "NOT_OBSERVED"}], "issues": [], "status": "DECLARED", "evidence": [{"path": "/offices/0/location", "value": "Remote"}]}|[{"id": 4029040004, "name": "Remote", "location": "Remote", "child_ids": [], "parent_id": null}]
go-outdoors|{"value": [{"city": null, "path": "/location", "label": "GO 2 - North East & West", "issues": [], "region": null, "country": null, "latitude": null, "longitude": null, "postalCode": null, "coordinateStatus": "NOT_OBSERVED"}], "issues": [], "status": "DECLARED", "evidence": [{"path": "/location/name", "value": "GO 2 - North East & West"}]}|[]
gorjana|{"value": [{"city": null, "path": "/offices/0", "label": "Boulder", "issues": [], "region": null, "country": null, "latitude": null, "longitude": null, "postalCode": null, "coordinateStatus": "NOT_OBSERVED"}], "issues": [], "status": "DECLARED", "evidence": [{"path": "/offices/0/location", "value": "Boulder"}]}|[{"id": 4090223002, "name": "Boulder", "location": "Boulder", "child_ids": [], "parent_id": null}]
groupe-chantelle|{"value": null, "issues": ["LOCATION_READER_NOT_QUALIFIED"], "status": "UNINTERPRETED", "evidence": []}|["Réf. : 2026-2524", "27/08/2026", "CDD", "Vannes"]
groupe-printemps|{"value": null, "issues": ["LOCATION_READER_NOT_QUALIFIED"], "status": "UNINTERPRETED", "evidence": []}|["Réf. : 2025-5794", "09/12/2025"]
gu-hk-headquarters|{"value": null, "issues": [], "status": "NOT_OBSERVED", "evidence": [{"path": "/detail/jobPostingInfo/location", "value": ""}]}|["R00000004180839"]
gymshark|{"value": [{"city": null, "path": "/location", "label": "London", "issues": [], "region": null, "country": null, "latitude": null, "longitude": null, "postalCode": null, "coordinateStatus": "NOT_OBSERVED"}], "issues": [], "status": "DECLARED", "evidence": [{"path": "/offices/0/location", "value": null}, {"path": "/location/name", "value": "London"}]}|[{"id": 4033549101, "name": "London", "location": null, "child_ids": [4033553101, 4000397101, 4033552101, 4033554101], "parent_id": 4033532101}]
herschel-supply-co|{"value": [{"city": null, "path": "/location", "label": "Vancouver", "issues": [], "region": null, "country": null, "latitude": null, "longitude": null, "postalCode": null, "coordinateStatus": "NOT_OBSERVED"}], "issues": [], "status": "DECLARED", "evidence": [{"path": "/offices/0/location", "value": null}, {"path": "/location/name", "value": "Vancouver"}]}|[{"id": 4003746006, "name": "Corporate", "location": null, "child_ids": [4005046006, 4010819006, 4012723006, 4014418006, 4003748006], "parent_id": null}]
hoff|{"value": null, "issues": [], "status": "NOT_OBSERVED", "evidence": []}|
horace|{"value": null, "issues": [], "status": "NOT_OBSERVED", "evidence": []}|
hot-topic|{"value": [{"city": null, "path": "/categories/allLocations/0", "label": "La Vergne, Tennessee (TNDC)", "issues": [], "region": null, "country": null, "latitude": null, "longitude": null, "postalCode": null, "coordinateStatus": "NOT_OBSERVED"}], "issues": [], "status": "DECLARED", "evidence": [{"path": "/categories/allLocations/0", "value": "La Vergne, Tennessee (TNDC)"}]}|
ilia|{"value": [{"city": null, "path": "/location", "label": "São Paulo - BR", "issues": [], "region": null, "country": null, "latitude": null, "longitude": null, "postalCode": null, "coordinateStatus": "NOT_OBSERVED"}], "issues": [], "status": "DECLARED", "evidence": [{"path": "/offices/0/location", "value": null}, {"path": "/location/name", "value": "São Paulo - BR"}]}|[{"id": 4068689004, "name": "Híbrido", "location": null, "child_ids": [], "parent_id": null}]
intersport-france|{"value": [{"city": null, "path": "/board/row/attrs", "label": null, "issues": [], "region": null, "country": null, "latitude": 37.9575, "longitude": -121.975, "postalCode": null, "coordinateStatus": "DECLARED"}], "issues": [], "status": "DECLARED", "evidence": [{"path": "/board/row/attrs/data-latitude", "value": "37.9575"}, {"path": "/board/row/attrs/data-longitude", "value": "-121.975"}]}|
jd-sports|{"value": [{"city": null, "path": "/location", "label": "BRUXELLES", "issues": [], "region": null, "country": null, "latitude": null, "longitude": null, "postalCode": null, "coordinateStatus": "NOT_OBSERVED"}], "issues": [], "status": "DECLARED", "evidence": [{"path": "/offices/0/location", "value": null}, {"path": "/location/name", "value": "BRUXELLES"}]}|[{"id": 4010127101, "name": "48-50 Rue Neuve", "location": null, "child_ids": [], "parent_id": 4010126101}]
j-lindeberg|{"value": null, "issues": [], "status": "NOT_OBSERVED", "evidence": []}|
jonsson-workwear|{"value": [{"city": null, "path": "/location", "label": "Gauteng", "issues": [], "region": null, "country": null, "latitude": null, "longitude": null, "postalCode": null, "coordinateStatus": "NOT_OBSERVED"}], "issues": [], "status": "DECLARED", "evidence": [{"path": "/offices/0/location", "value": null}, {"path": "/location/name", "value": "Gauteng"}]}|[{"id": 4002873101, "name": "Gauteng", "location": null, "child_ids": [4002891101, 4002887101, 4002888101, 4002890101, 4002894101, 4002893101, 4002889101, 4002901101, 4003425101, 4015078101, 4009654101, 4010401101, 4010152101], "parent_id": 4002868101}]
kering|{"value": null, "issues": [], "status": "NOT_OBSERVED", "evidence": []}|
kicks|{"value": null, "issues": [], "status": "NOT_OBSERVED", "evidence": []}|
la-casa-de-las-carcasas|{"value": null, "issues": [], "status": "NOT_OBSERVED", "evidence": []}|
lagardere-duty-free|{"value": null, "issues": ["LOCATION_READER_NOT_QUALIFIED"], "status": "UNINTERPRETED", "evidence": []}|[]
lagardere-travel-retail|{"value": null, "issues": ["LOCATION_READER_NOT_QUALIFIED"], "status": "UNINTERPRETED", "evidence": []}|["Réf. : 2026-9999", "18/02/2026", "LEVALLOIS-PERRET"]
lagardere-travel-retail-de|{"value": null, "issues": ["LOCATION_READER_NOT_QUALIFIED"], "status": "UNINTERPRETED", "evidence": []}|["CDI", "Frankfurt Flughafen", "21/01/2026"]
la-senza|{"value": [{"city": null, "path": "/offices/0", "label": "3 Limited Parkway, Columbus, OH 43230", "issues": [], "region": null, "country": null, "latitude": null, "longitude": null, "postalCode": null, "coordinateStatus": "NOT_OBSERVED"}], "issues": [], "status": "DECLARED", "evidence": [{"path": "/offices/0/location", "value": "3 Limited Parkway, Columbus, OH 43230"}, {"path": "/offices/1/location", "value": null}]}|[{"id": 61339, "name": "La Senza", "location": "3 Limited Parkway, Columbus, OH 43230", "child_ids": [268995], "parent_id": null}, {"id": 268995, "name": "La Senza Canada", "location": null, "child_ids": [], "parent_id": 61339}]
longchamp|{"value": null, "issues": ["LOCATION_READER_NOT_QUALIFIED"], "status": "UNINTERPRETED", "evidence": []}|["Réf. : 2026-2733", "25/07/2026", "LONGCHAMP SEGRE", "Maine et Loire (49)"]
lounge|{"value": [{"city": "Retail", "path": "/_jobposting/jobLocation/0", "label": null, "issues": [], "region": null, "country": null, "latitude": null, "longitude": null, "postalCode": null, "coordinateStatus": "NOT_OBSERVED"}], "issues": [], "status": "DECLARED", "evidence": [{"path": "/_jobposting/jobLocation/0/address/addressLocality", "value": "Retail "}, {"path": "/_jobposting/jobLocation/0/address/addressRegion", "value": null}, {"path": "/_jobposting/jobLocation/0/address/postalCode", "value": null}, {"path": "/_jobposting/jobLocation/0/address/addressCountry", "value": null}]}|[{"@type": "Place", "address": {"@type": "PostalAddress", "postalCode": null, "addressRegion": null, "streetAddress": null, "addressCountry": null, "addressLocality": "Retail "}}]
lovable|{"value": [{"city": null, "path": "/location", "label": "Grassobbio", "issues": [], "region": null, "country": null, "latitude": null, "longitude": null, "postalCode": null, "coordinateStatus": "NOT_OBSERVED"}], "issues": [], "status": "DECLARED", "evidence": [{"path": "/offices/0/location", "value": null}, {"path": "/location/name", "value": "Grassobbio"}]}|[{"id": 84549, "name": "Lovable", "location": null, "child_ids": [], "parent_id": 84547}]
luhta|{"value": null, "issues": [], "status": "NOT_OBSERVED", "evidence": []}|
lush|{"value": [{"city": null, "path": "/location", "label": "Remote - North America", "issues": [], "region": null, "country": null, "latitude": null, "longitude": null, "postalCode": null, "coordinateStatus": "NOT_OBSERVED"}], "issues": [], "status": "DECLARED", "evidence": [{"path": "/location/name", "value": "Remote - North America"}]}|[]
luxexperience|{"value": [{"city": "Miami", "path": "/jobLocation", "label": null, "issues": [], "region": null, "country": null, "latitude": null, "longitude": null, "postalCode": null, "coordinateStatus": "NOT_OBSERVED"}], "issues": [], "status": "DECLARED", "evidence": [{"path": "/jobLocation/address/addressLocality", "value": "Miami"}]}|{"@type": "Place", "address": {"@type": "PostalAddress", "addressLocality": "Miami"}}
marc-o-polo|{"value": [{"city": "Landquart", "path": "/jobLocation", "label": null, "issues": [], "region": "Grisons", "country": null, "latitude": null, "longitude": null, "postalCode": "7302", "coordinateStatus": "NOT_OBSERVED"}], "issues": [], "status": "DECLARED", "evidence": [{"path": "/jobLocation/address/addressLocality", "value": "Landquart"}, {"path": "/jobLocation/address/addressRegion", "value": "Grisons"}, {"path": "/jobLocation/address/postalCode", "value": "7302 "}]}|{"@type": "Place", "address": {"postalCode": "7302 ", "addressRegion": "Grisons", "streetAddress": "Alpenblick 5, 7302  Landquart", "addressLocality": "Landquart"}}
mecca|{"value": null, "issues": [], "status": "NOT_OBSERVED", "evidence": [{"path": "/detail/jobPostingInfo/location", "value": ""}]}|["R014293"]
mejuri|{"value": [{"city": null, "path": "/location", "label": "Abbot Kinney, Los Angeles", "issues": [], "region": null, "country": null, "latitude": null, "longitude": null, "postalCode": null, "coordinateStatus": "NOT_OBSERVED"}], "issues": [], "status": "DECLARED", "evidence": [{"path": "/offices/0/location", "value": null}, {"path": "/location/name", "value": "Abbot Kinney, Los Angeles"}]}|[{"id": 4010069006, "name": "Abbot Kinney", "location": null, "child_ids": [], "parent_id": 4007098006}]
molton-brown|{"value": [{"city": null, "path": "/location", "label": "York", "issues": [], "region": null, "country": null, "latitude": null, "longitude": null, "postalCode": null, "coordinateStatus": "NOT_OBSERVED"}], "issues": [], "status": "DECLARED", "evidence": [{"path": "/offices/0/location", "value": null}, {"path": "/location/name", "value": "York"}]}|[{"id": 4010118006, "name": "United Kingdom", "location": null, "child_ids": [], "parent_id": 4007181006}]
multiopticas|{"value": null, "issues": [], "status": "NOT_OBSERVED", "evidence": []}|
naos|{"value": null, "issues": ["LOCATION_READER_NOT_QUALIFIED"], "status": "UNINTERPRETED", "evidence": []}|
nocibe-eqwa|{"value": null, "issues": ["LOCATION_READER_NOT_QUALIFIED"], "status": "UNINTERPRETED", "evidence": []}|
nude-project|{"value": null, "issues": [], "status": "NOT_OBSERVED", "evidence": []}|
nutrafol|{"value": [{"city": null, "path": "/location", "label": "Remote", "issues": [], "region": null, "country": null, "latitude": null, "longitude": null, "postalCode": null, "coordinateStatus": "NOT_OBSERVED"}], "issues": [], "status": "DECLARED", "evidence": [{"path": "/offices/0/location", "value": null}, {"path": "/location/name", "value": "Remote"}]}|[{"id": 4000652005, "name": "Remote (United States)", "location": null, "child_ids": [], "parent_id": null}]
nutrire|{"value": null, "issues": [], "status": "NOT_OBSERVED", "evidence": []}|
oak-essentials|{"value": [{"city": null, "path": "/location", "label": "Los Angeles", "issues": [], "region": null, "country": null, "latitude": null, "longitude": null, "postalCode": null, "coordinateStatus": "NOT_OBSERVED"}], "issues": [], "status": "DECLARED", "evidence": [{"path": "/offices/0/location", "value": null}, {"path": "/location/name", "value": "Los Angeles "}]}|[{"id": 4009261004, "name": "Corporate - Remote ", "location": null, "child_ids": [], "parent_id": null}]
oh-my-cream|{"value": null, "issues": [], "status": "NOT_OBSERVED", "evidence": []}|
olaplex|{"value": [{"city": null, "path": "/offices/0", "label": "Remote", "issues": [], "region": null, "country": null, "latitude": null, "longitude": null, "postalCode": null, "coordinateStatus": "NOT_OBSERVED"}], "issues": [], "status": "DECLARED", "evidence": [{"path": "/offices/0/location", "value": "Remote"}]}|[{"id": 4004802003, "name": "Remote", "location": "Remote", "child_ids": [], "parent_id": null}]
on-running|{"value": [{"city": null, "path": "/location", "label": "Seattle", "issues": [], "region": null, "country": null, "latitude": null, "longitude": null, "postalCode": null, "coordinateStatus": "NOT_OBSERVED"}], "issues": [], "status": "DECLARED", "evidence": [{"path": "/offices/0/location", "value": null}, {"path": "/location/name", "value": "Seattle"}]}|[{"id": 44234, "name": "United States", "location": null, "child_ids": [213701, 84318], "parent_id": null}]
orlebar-brown|{"value": null, "issues": [], "status": "NOT_OBSERVED", "evidence": []}|
ounass|{"value": null, "issues": [], "status": "NOT_OBSERVED", "evidence": []}|
parfums-chanel|{"value": null, "issues": [], "status": "NOT_OBSERVED", "evidence": [{"path": "/detail/jobPostingInfo/location", "value": ""}]}|["JOBREQ00054978_JCP"]
peak-performance|{"value": null, "issues": [], "status": "NOT_OBSERVED", "evidence": []}|
picard|{"value": null, "issues": [], "status": "NOT_OBSERVED", "evidence": []}|
pvh|{"value": [{"city": null, "path": "", "label": null, "issues": ["ZERO_PAIR_REQUIRES_VERIFICATION"], "region": null, "country": null, "latitude": null, "longitude": null, "postalCode": null, "coordinateStatus": "UNINTERPRETED"}], "issues": [], "status": "DECLARED", "evidence": [{"path": "/city", "value": ""}, {"path": "/state", "value": ""}, {"path": "/country", "value": ""}, {"path": "/latitude", "value": "0.0"}, {"path": "/longitude", "value": "0.0"}]}|
quince|{"value": [{"city": null, "path": "/location", "label": "Germany - Berlin", "issues": [], "region": null, "country": null, "latitude": null, "longitude": null, "postalCode": null, "coordinateStatus": "NOT_OBSERVED"}], "issues": [], "status": "DECLARED", "evidence": [{"path": "/offices/0/location", "value": null}, {"path": "/location/name", "value": "Germany - Berlin"}]}|[{"id": 4062459008, "name": "Germany - Berlin", "location": null, "child_ids": [], "parent_id": 4062458008}]
rebag|{"value": [{"city": null, "path": "/offices/0", "label": "Orlando", "issues": [], "region": null, "country": null, "latitude": null, "longitude": null, "postalCode": null, "coordinateStatus": "NOT_OBSERVED"}], "issues": [], "status": "DECLARED", "evidence": [{"path": "/offices/0/location", "value": "Orlando"}]}|[{"id": 4102376002, "name": "Orlando", "location": "Orlando", "child_ids": [], "parent_id": 4016060002}]
reformation|{"value": [{"city": null, "path": "/location", "label": "New York City", "issues": [], "region": null, "country": null, "latitude": null, "longitude": null, "postalCode": null, "coordinateStatus": "NOT_OBSERVED"}], "issues": [], "status": "DECLARED", "evidence": [{"path": "/offices/0/location", "value": null}, {"path": "/location/name", "value": "New York City"}]}|[{"id": 283119, "name": "SOHO (NY)", "location": null, "child_ids": [], "parent_id": 285665}]
rivoli-typesense|{"value": null, "issues": ["LOCATION_READER_NOT_QUALIFIED"], "status": "UNINTERPRETED", "evidence": []}|
sephora-france|{"value": null, "issues": ["LOCATION_READER_NOT_QUALIFIED"], "status": "UNINTERPRETED", "evidence": []}|
shinola|{"value": [{"city": null, "path": "/location", "label": "Los Angeles, CA", "issues": [], "region": null, "country": null, "latitude": null, "longitude": null, "postalCode": null, "coordinateStatus": "NOT_OBSERVED"}], "issues": [], "status": "DECLARED", "evidence": [{"path": "/offices/0/location", "value": null}, {"path": "/location/name", "value": "Los Angeles, CA"}]}|[{"id": 4095977002, "name": "Los Angeles", "location": null, "child_ids": [], "parent_id": 4095963002}]
shinola-retail|{"value": [{"city": null, "path": "/location", "label": "Tysons Corner, VA", "issues": [], "region": null, "country": null, "latitude": null, "longitude": null, "postalCode": null, "coordinateStatus": "NOT_OBSERVED"}], "issues": [], "status": "DECLARED", "evidence": [{"path": "/offices/0/location", "value": null}, {"path": "/location/name", "value": "Tysons Corner, VA"}]}|[{"id": 4095989002, "name": "Tysons Corner", "location": null, "child_ids": [], "parent_id": 4095973002}]
showroomprive|{"value": null, "issues": [], "status": "NOT_OBSERVED", "evidence": []}|
singularu|{"value": null, "issues": [], "status": "NOT_OBSERVED", "evidence": []}|
skin-laundry|{"value": [{"city": null, "path": "/location", "label": "Del Mar Highlands", "issues": [], "region": null, "country": null, "latitude": null, "longitude": null, "postalCode": null, "coordinateStatus": "NOT_OBSERVED"}], "issues": [], "status": "DECLARED", "evidence": [{"path": "/offices/0/location", "value": null}, {"path": "/location/name", "value": "Del Mar Highlands"}]}|[{"id": 4004250005, "name": "Del Mar Highlands", "location": null, "child_ids": [], "parent_id": 4049017005}]
subset|{"value": null, "issues": [], "status": "NOT_OBSERVED", "evidence": []}|
swarovski|{"value": null, "issues": [], "status": "NOT_OBSERVED", "evidence": [{"path": "/detail/jobPostingInfo/location", "value": ""}]}|["R-26847", "Sales (Monobrand/ Multibrand)"]
swatch-group|{"value": [{"city": null, "path": "/jsonLd/jobLocation", "label": null, "issues": [], "region": "2300 La Chaux-de-Fonds", "country": null, "latitude": null, "longitude": null, "postalCode": null, "coordinateStatus": "NOT_OBSERVED"}], "issues": [], "status": "DECLARED", "evidence": [{"path": "/jsonLd/jobLocation/address/addressRegion", "value": "2300 La Chaux-de-Fonds"}]}|
thirdlove|{"value": [{"city": null, "path": "/location", "label": "Remote", "issues": [], "region": null, "country": null, "latitude": null, "longitude": null, "postalCode": null, "coordinateStatus": "NOT_OBSERVED"}], "issues": [], "status": "DECLARED", "evidence": [{"path": "/offices/0/location", "value": null}, {"path": "/location/name", "value": "Remote"}]}|[{"id": 4038849002, "name": "Remote ", "location": null, "child_ids": [], "parent_id": null}]
trussardi|{"value": null, "issues": [], "status": "NOT_OBSERVED", "evidence": []}|
veronica-beard|{"value": [{"city": null, "path": "/location", "label": "Pennsylvania", "issues": [], "region": null, "country": null, "latitude": null, "longitude": null, "postalCode": null, "coordinateStatus": "NOT_OBSERVED"}], "issues": [], "status": "DECLARED", "evidence": [{"path": "/offices/0/location", "value": null}, {"path": "/location/name", "value": "Pennsylvania"}]}|[{"id": 4027517009, "name": "Walnut Street", "location": null, "child_ids": [], "parent_id": 4075049009}]
vivienne-westwood|{"value": null, "issues": [], "status": "NOT_OBSERVED", "evidence": []}|
white-stuff|{"value": null, "issues": [], "status": "NOT_OBSERVED", "evidence": []}|
(94 rows)
