key|kind|careersDomain|portalScope|status|pays_des_offres|config
adidas|successfactors|jobs.adidas-group.com|SINGLE_BRAND|ACTIVE|{"AE": 6, "AR": 1, "AT": 8, "AU": 78, "BE": 4, "BG": 5, "BR": 3, "CA": 41, "CH": 5, "CL": 1, "CN": 82, "CO": 52, "CZ": 2, "DE": 164, "EG": 5, "ES": 45, "FR": 60, "GB": 56, "GR": 11, "HK": 7, "HR": 2, "HU": 2, "ID": 12, "IE": 2, "IL": 5, "IN": 26, "IT": 26, "JO": 1, "JP": 17, "KH": 1, "KR": 9, "KZ": 2, "MA": 2, "MX": 5, "NL": 35, "NZ": 18, "PA": 5, "PE": 1, "PH": 19, "PK": 3, "PL": 14, "PT": 26, "RO": 7, "RS": 1, "SA": 8, "SE": 2, "SG": 6, "SV": 1, "TH": 4, "TR": 13, "TW": 9, "UA": 1, "US": 461, "VN": 38, "ZA": 42, "∅": 1}|{"origin": "https://jobs.adidas-group.com"}
balmain|talentsoft|balmain-career.talent-soft.com|SINGLE_BRAND|ACTIVE|{"FI": 2, "FR": 17, "∅": 3}|{"origin": "https://balmain-career.talent-soft.com"}
bash-talents|bashtalents|talents.ba-sh.com||ACTIVE|{"BE": 1, "ES": 3, "FR": 77, "GB": 8, "IE": 1, "PT": 1, "∅": 3}|{"locale": "fr-FR", "origin": "https://talents.ba-sh.com"}
bellroy|greenhouse|boards.greenhouse.io|SINGLE_BRAND|ACTIVE|{"AU": 11, "US": 1, "∅": 1}|{"board": "bellroy"}
bernadette|greenhouse|boards.greenhouse.io|SINGLE_BRAND|ACTIVE|{"∅": 1}|{"board": "bernadette"}
bespoke-post|lever|jobs.lever.co|SINGLE_BRAND|ACTIVE|{"∅": 3}|{"site": "bespokepost"}
boots|generic-listing|www.boots.jobs||ACTIVE|{"GG": 2, "IM": 2, "JE": 5, "NF": 3, "∅": 1973}|{"sitemapUrl": "https://www.boots.jobs/sitemap_index.xml", "concurrency": 4, "linkPattern": "/jobs/"}
brilliant-earth|greenhouse|boards.greenhouse.io|SINGLE_BRAND|ACTIVE|{"US": 52, "∅": 76}|{"board": "brilliantearth"}
brown-thomas-taleo|taleo|lde.tbe.taleo.net|SINGLE_BRAND|ACTIVE|{"∅": 99}|{"cws": [79, 70, 71, 72, 73, 74, 75, 76, 77, 78, 60, 61, 62, 63, 64, 66], "org": "ARNOTTS", "origin": "https://lde.tbe.taleo.net/lde02"}
bzb|teamtailor|bzb.teamtailor.com||ACTIVE|{"FR": 17, "∅": 1}|{"origin": "https://bzb.teamtailor.com"}
camper|teamtailor|careers.camper.com||ACTIVE|{"AU": 1, "BE": 1, "CA": 2, "DE": 2, "ES": 15, "FR": 4, "GB": 4, "GR": 3, "IT": 4, "MX": 1, "NL": 3, "US": 3, "∅": 3}|{"origin": "https://careers.camper.com"}
catbird|lever|www.catbirdnyc.com|SINGLE_BRAND|ACTIVE|{"US": 23, "∅": 2}|{"site": "Catbird"}
caudalie|generic-listing|caudalie.career|SINGLE_BRAND|ACTIVE|{"FR": 15, "∅": 33}|{"reader": "caudalie-ajax", "startUrl": "https://caudalie.career/home/our-job-offers", "listingUrl": "https://caudalie.career/"}
celio|teamtailor|celio.teamtailor.com||ACTIVE|{"FR": 13, "∅": 3}|{"origin": "https://celio.teamtailor.com"}
city-beauty|greenhouse|boards.greenhouse.io|SINGLE_BRAND|ACTIVE|{"∅": 1}|{"board": "citybeauty"}
cuyana|greenhouse|boards.greenhouse.io|SINGLE_BRAND|ACTIVE|{"∅": 1}|{"board": "cuyana"}
damiani|successfactors|careers.damianigroup.com||ACTIVE|{"HK": 2, "IT": 1, "∅": 26}|{"origin": "https://careers.damianigroup.com"}
deckers|workday|deckers.wd5.myworkdayjobs.com||ACTIVE|{"BE": 2, "CA": 16, "CH": 1, "CN": 14, "DE": 9, "ES": 3, "FR": 13, "GB": 22, "HK": 3, "ID": 1, "IT": 3, "JP": 3, "NL": 5, "US": 323, "∅": 1}|{"site": "Deckers", "origin": "https://deckers.wd5.myworkdayjobs.com", "tenant": "deckers"}
estee-lauder-companies|eightfold|careers.elcompanies.com|MULTI_BRAND|ACTIVE|{"AE": 5, "AR": 14, "AU": 59, "BE": 22, "BR": 15, "CA": 109, "CH": 23, "CL": 6, "CN": 5, "CO": 13, "CZ": 17, "DE": 10, "DK": 8, "ES": 36, "FR": 45, "GB": 437, "GR": 6, "HK": 5, "HU": 10, "ID": 2, "IE": 40, "IL": 29, "IN": 40, "IT": 25, "KR": 5, "MX": 76, "MY": 16, "NL": 20, "NO": 4, "NZ": 4, "PE": 1, "PH": 3, "PL": 14, "PT": 4, "RO": 6, "SA": 3, "SE": 2, "SG": 4, "TH": 2, "TR": 25, "TW": 18, "US": 739, "VN": 10, "ZA": 34, "∅": 2}|{"domain": "elcompanies.com", "origin": "https://elcompanies.eightfold.ai"}
everlane|greenhouse|boards.greenhouse.io|SINGLE_BRAND|ACTIVE|{"US": 51, "∅": 2}|{"board": "everlane"}
fastrack|phenom|careers.titan.in|MULTI_BRAND|PAUSED|{"ES": 13, "∅": 2}|{"origin": "https://careers.titan.in", "localePath": "/in/en"}
figs|greenhouse|www.wearfigs.com|SINGLE_BRAND|ACTIVE|{"US": 37, "∅": 3}|{"board": "figs15"}
filson|greenhouse|boards.greenhouse.io|SINGLE_BRAND|ACTIVE|{"US": 6, "∅": 1}|{"board": "filson"}
foot-locker-france|phenom|careers.footlocker.com||ACTIVE|{"AT": 8, "AU": 105, "BE": 35, "CA": 163, "CH": 10, "DE": 204, "ES": 65, "FR": 142, "GB": 18, "GU": 1, "HU": 5, "IT": 177, "LU": 12, "NL": 114, "NZ": 11, "PL": 11, "PR": 41, "PT": 9, "US": 1874, "VI": 8, "∅": 8}|{"origin": "https://careers.footlocker.com", "brandTag": "tags4"}
frank-darling|teamtailor|careers.frankdarling.com||ACTIVE|{"AM": 1, "CA": 1, "IN": 3, "MX": 1, "US": 12, "∅": 1}|{"origin": "https://careers.frankdarling.com"}
galeries-lafayette|teamtailor|carrieres.groupegalerieslafayette.com||ACTIVE|{"FR": 155, "∅": 4}|{"origin": "https://carrieres.groupegalerieslafayette.com"}
ganni-talentrecruiter|talentrecruiter|candidate.hr-manager.net||ACTIVE|{"DK": 2, "FR": 1, "GB": 1, "SE": 1, "US": 3, "∅": 4}|{"locale": "en", "customer": "ganni", "portalUrl": "https://candidate.hr-manager.net/vacancies/list.aspx?customer=ganni&uiculture=en"}
g-label-by-goop|greenhouse|goop.com|SINGLE_BRAND|ACTIVE|{"US": 3, "∅": 5}|{"board": "goop"}
go-outdoors|greenhouse|boards.greenhouse.io|SINGLE_BRAND|ACTIVE|{"GB": 3, "∅": 1}|{"board": "gooutdoors"}
gorjana|greenhouse|boards.greenhouse.io|SINGLE_BRAND|ACTIVE|{"US": 158, "∅": 12}|{"board": "gorjana"}
groupe-chantelle|talentsoft|groupechantelle-recrute.talent-soft.com|MULTI_BRAND|ACTIVE|{"FR": 13, "∅": 16}|{"origin": "https://groupechantelle-recrute.talent-soft.com", "employerFromDetail": true, "nativeEmployerRules": [{"id": "chantelle-native-group", "when": [{"path": "talentsoftDetail.entityDescription", "startsWith": "Nous sommes le Groupe Chantelle"}], "employer": {"name": "Groupe Chantelle", "role
groupe-printemps|talentsoft|printemps-career.talent-soft.com|SINGLE_BRAND|ACTIVE|{"FR": 56, "∅": 47}|{"origin": "https://printemps-career.talent-soft.com"}
gu-hk-headquarters|workday|fastretailing.wd3.myworkdayjobs.com||ACTIVE|{"HK": 1, "∅": 1}|{"site": "headquarters_hk_GU", "origin": "https://fastretailing.wd3.myworkdayjobs.com", "tenant": "fastretailing"}
gymshark|greenhouse|boards.greenhouse.io|SINGLE_BRAND|ACTIVE|{"GB": 28, "NL": 1, "US": 7, "∅": 1}|{"board": "gymshark"}
herschel-supply-co|greenhouse|boards.greenhouse.io|SINGLE_BRAND|ACTIVE|{"CA": 9, "∅": 2}|{"board": "herschelsupplyco"}
hoff|teamtailor|careers.thehoffbrand.com||ACTIVE|{"ES": 6, "FR": 1, "GB": 1, "NL": 1, "∅": 1}|{"origin": "https://careers.thehoffbrand.com"}
horace|teamtailor|horace.teamtailor.com||ACTIVE|{"FR": 18, "GB": 4, "∅": 2}|{"origin": "https://horace.teamtailor.com"}
hot-topic|lever|jobs.lever.co|SINGLE_BRAND|ACTIVE|{"US": 13, "∅": 6}|{"site": "hottopic"}
ilia|greenhouse|boards.greenhouse.io|SINGLE_BRAND|ACTIVE|{"BR": 18, "∅": 5}|{"board": "ilia"}
intersport-france|jobaffinity-wordpress|recrutement.intersport.fr||ACTIVE|{"FR": 977, "∅": 10}|{"brands": {"BlackStore": "Blackstore", "Intersport": "Intersport", "Intersport Outlet": "Intersport", "Intersport Montagne": "Intersport", "Intersport, Intersport Montagne": "Intersport"}, "employer": "Intersport", "listingUrl": "https://recrutement.intersport.fr/"}
jd-sports|greenhouse|boards.greenhouse.io|SINGLE_BRAND|ACTIVE|{"BE": 1, "IT": 201, "SG": 2, "∅": 16}|{"board": "jdsports"}
j-lindeberg|teamtailor|jlindeberg.teamtailor.com||ACTIVE|{"DE": 1, "SE": 9, "US": 1, "∅": 2}|{"origin": "https://jlindeberg.teamtailor.com"}
jonsson-workwear|greenhouse|boards.greenhouse.io|SINGLE_BRAND|ACTIVE|{"LS": 3, "SZ": 2, "ZA": 22, "∅": 2}|{"board": "jonssonworkwear"}
kering|eightfold|careers.kering.com||ACTIVE|{"AE": 15, "AT": 4, "AU": 17, "BE": 1, "BR": 6, "CA": 26, "CH": 3, "CL": 1, "CN": 63, "CZ": 1, "DE": 29, "DK": 1, "ES": 14, "FR": 223, "GB": 27, "HK": 32, "ID": 1, "IE": 1, "IN": 4, "IT": 228, "JP": 44, "KR": 64, "MC": 3, "MO": 2, "MX": 18, "MY": 12, "NL": 9, "NZ": 4, "PH": 1, "PT": 5, "QA": 3, "SA": 4, "SE": 1, "SG": 15, "TH": 8, "TW": 14, "US": 208, "ZA": 1, "∅": 3}|{"domain": "kering.com", "origin": "https://careers.kering.com"}
kicks|teamtailor|careers.kicks.se||ACTIVE|{"SE": 11, "∅": 1}|{"origin": "https://careers.kicks.se"}
la-casa-de-las-carcasas|teamtailor|lacasadelascarcasas.teamtailor.com||ACTIVE|{"CL": 155, "CO": 20, "ES": 177, "FR": 93, "GR": 71, "IT": 37, "MX": 20, "PE": 50, "PL": 14, "PT": 40, "RO": 12, "∅": 1}|{"origin": "https://lacasadelascarcasas.teamtailor.com"}
lagardere-duty-free|talentsoft|lagardere-travelretaildutyfreeglobal-recrute.talent-soft.com|SINGLE_BRAND|ACTIVE|{"FR": 6, "∅": 3}|{"origin": "https://lagardere-travelretaildutyfreeglobal-recrute.talent-soft.com"}
lagardere-travel-retail|talentsoft|lagardere-recrute.talent-soft.com|SINGLE_BRAND|ACTIVE|{"FR": 29, "MA": 1, "∅": 79}|{"origin": "https://lagardere-recrute.talent-soft.com"}
lagardere-travel-retail-de|talentsoft|lagardere-recrute-travelretailde.talent-soft.com|SINGLE_BRAND|ACTIVE|{"∅": 10}|{"origin": "https://lagardere-recrute-travelretailde.talent-soft.com"}
la-senza|greenhouse|boards.greenhouse.io|SINGLE_BRAND|ACTIVE|{"CA": 29, "US": 5, "∅": 27}|{"board": "lasenza"}
longchamp|talentsoft|longchamp-career.talent-soft.com|SINGLE_BRAND|ACTIVE|{"FR": 33, "∅": 12}|{"origin": "https://longchamp-career.talent-soft.com"}
lounge|teamtailor|careers.lounge.com||ACTIVE|{"DE": 4, "GB": 7, "NL": 1, "∅": 2}|{"origin": "https://careers.lounge.com"}
lovable|greenhouse|boards.greenhouse.io|SINGLE_BRAND|ACTIVE|{"BA": 1, "BS": 1, "FI": 1, "∅": 58}|{"board": "lovable"}
luhta|teamtailor|luhta.teamtailor.com||ACTIVE|{"FI": 3, "∅": 1}|{"origin": "https://luhta.teamtailor.com"}
lush|greenhouse|job-boards.greenhouse.io|SINGLE_BRAND|ACTIVE|{"CA": 85, "PR": 1, "US": 280, "∅": 3}|{"board": "lush"}
luxexperience|generic-listing|career.luxexperience.com||ACTIVE|{"DE": 37, "ES": 2, "GB": 16, "HK": 3, "IT": 10, "US": 10, "∅": 1}|{"maxPages": 40, "pageParam": "page", "pageStart": 1, "listingUrl": "https://career.luxexperience.com/open-positions", "linkPattern": "/open-positions/job-detail/"}
marc-o-polo|generic-listing|company.marc-o-polo.com||ACTIVE|{"CH": 2, "CZ": 1, "DE": 99, "DK": 1, "ES": 3, "FR": 2, "NL": 6, "PL": 2, "∅": 3}|{"apiUrl": "https://vhfco59ro6.execute-api.eu-central-1.amazonaws.com/production", "reader": "marc-o-polo-vacancies", "startUrl": "https://company.marc-o-polo.com/en/career/start-creating-with-us/our-jobs"}
mecca|workday|mecca.wd3.myworkdayjobs.com||ACTIVE|{"AU": 139, "NZ": 13, "∅": 10}|{"site": "careers", "origin": "https://mecca.wd3.myworkdayjobs.com", "tenant": "mecca"}
mejuri|greenhouse|boards.greenhouse.io|SINGLE_BRAND|ACTIVE|{"AU": 3, "CA": 32, "GB": 8, "US": 97, "∅": 32}|{"board": "mejuri"}
molton-brown|greenhouse|boards.greenhouse.io|SINGLE_BRAND|ACTIVE|{"US": 2, "∅": 27}|{"board": "moltonbrown"}
multiopticas|teamtailor|multiopticas.teamtailor.com||ACTIVE|{"ES": 82, "∅": 1}|{"origin": "https://multiopticas.teamtailor.com"}
naos|successfactors|careers.naos.com||ACTIVE|{"BR": 1, "CA": 1, "FR": 19, "IN": 2, "MX": 3, "US": 1, "∅": 6}|{"origin": "https://careers.naos.com"}
nocibe-eqwa|eqwa|recrutement-nocibe.fr|SINGLE_BRAND|ACTIVE|{"FR": 257, "∅": 47}|{"origin": "https://recrutement-nocibe.fr"}
nude-project|teamtailor|nudeproject.teamtailor.com||ACTIVE|{"ES": 8, "IT": 2, "PT": 2, "∅": 1}|{"origin": "https://nudeproject.teamtailor.com"}
nutrafol|greenhouse|boards.greenhouse.io|SINGLE_BRAND|ACTIVE|{"US": 11, "∅": 2}|{"board": "nutrafol"}
nutrire|teamtailor|careers.tricoci.com||ACTIVE|{"US": 50, "∅": 2}|{"origin": "https://careers.tricoci.com"}
oak-essentials|greenhouse|oakessentials.com|SINGLE_BRAND|ACTIVE|{"US": 14, "∅": 35}|{"board": "jennikayne"}
oh-my-cream|teamtailor|careers.ohmycream.com||ACTIVE|{"FR": 22, "∅": 2}|{"origin": "https://careers.ohmycream.com"}
olaplex|greenhouse|boards.greenhouse.io|SINGLE_BRAND|ACTIVE|{"SG": 2, "US": 2, "∅": 5}|{"board": "olaplexcareers"}
on-running|greenhouse|boards.greenhouse.io|SINGLE_BRAND|ACTIVE|{"CH": 57, "FR": 9, "GB": 10, "HK": 10, "MO": 2, "MX": 2, "US": 4, "VN": 10, "∅": 199}|{"board": "onrunning"}
orlebar-brown|teamtailor|careers.orlebarbrown.com||ACTIVE|{"AU": 2, "FR": 2, "GB": 5, "IT": 1, "US": 7, "∅": 2}|{"origin": "https://careers.orlebarbrown.com"}
ounass|teamtailor|careers.ounass.com||ACTIVE|{"AE": 26, "PL": 2, "TR": 2, "∅": 3}|{"origin": "https://careers.ounass.com"}
parfums-chanel|workday|cc.wd3.myworkdayjobs.com|SINGLE_BRAND|ACTIVE|{"AE": 15, "AT": 1, "AU": 5, "BE": 1, "BR": 4, "CA": 29, "CH": 34, "CN": 90, "CZ": 1, "DE": 11, "DK": 2, "ES": 12, "FR": 452, "GB": 62, "HK": 46, "IE": 3, "IT": 18, "JP": 39, "KR": 40, "LU": 2, "MC": 7, "MO": 12, "MX": 19, "MY": 10, "NL": 5, "PT": 1, "SE": 3, "SG": 30, "TH": 11, "TR": 3, "TW": 19, "US": 146, "VN": 9, "∅": 21}|{"site": "ChanelCareers", "origin": "https://cc.wd3.myworkdayjobs.com", "tenant": "cc"}
peak-performance|teamtailor|peakperformance.teamtailor.com||ACTIVE|{"CA": 4, "DE": 1, "DK": 1, "NO": 1, "SE": 8, "∅": 1}|{"origin": "https://peakperformance.teamtailor.com"}
picard|generic-listing|picard-fashion.com|SINGLE_BRAND|ACTIVE|{"DE": 6, "∅": 6}|{"feedUrl": "https://picard-fashion.com/blogs/karriere.atom", "startUrl": "https://picard-fashion.com/blogs/karriere"}
pvh|phenom|careers.pvh.com||ACTIVE|{"AT": 7, "AU": 94, "BD": 1, "BE": 16, "CA": 68, "CH": 9, "CN": 3, "CZ": 6, "DE": 142, "DK": 3, "FR": 92, "GB": 103, "HK": 17, "HR": 4, "IE": 29, "IN": 18, "IT": 120, "JP": 3, "KR": 1, "LK": 1, "LU": 1, "NL": 132, "NO": 7, "NZ": 30, "PL": 21, "PR": 3, "SE": 3, "TR": 37, "US": 597, "VN": 2, "∅": 35}|{"origin": "https://careers.pvh.com", "dialect": "CAREER_CONNECT_WIDGETS", "brandField": "brand", "localePath": "/us/en", "widgetsLang": "en_us", "widgetsCountry": "us"}
quince|greenhouse|boards.greenhouse.io|SINGLE_BRAND|ACTIVE|{"CA": 7, "CN": 25, "DE": 2, "GB": 13, "HK": 3, "ID": 1, "IN": 18, "MX": 1, "TR": 2, "US": 73, "VN": 4, "∅": 11}|{"board": "quince"}
rebag|greenhouse|job-boards.greenhouse.io|SINGLE_BRAND|ACTIVE|{"US": 16, "∅": 4}|{"board": "rebag"}
reformation|greenhouse|boards.greenhouse.io|SINGLE_BRAND|ACTIVE|{"CA": 2, "FR": 3, "GB": 4, "US": 114, "∅": 53}|{"board": "reformation"}
rivoli-typesense|typesense|www.rivoligroup.com|SINGLE_BRAND|ACTIVE|{"BH": 3, "OM": 2, "QA": 1, "∅": 40}|{"apiKey": "<masqué>", "origin": "https://www.rivoligroup.com", "collection": "vacancy", "typesenseOrigin": "https://typesense.rivoligroup.com"}
sephora-france|successfactors|jobs.sephora.com||ACTIVE|{"AE": 3, "AU": 54, "BE": 8, "BR": 22, "CA": 385, "CH": 16, "DE": 35, "DK": 3, "ES": 25, "FR": 192, "GB": 32, "GR": 1, "HR": 2, "IT": 175, "JE": 1, "KW": 2, "LU": 1, "MX": 3, "MY": 10, "NZ": 8, "PH": 1, "PL": 17, "QA": 4, "RO": 7, "SE": 1, "SG": 16, "TH": 1, "TR": 2, "US": 1651, "∅": 2}|{"origin": "https://jobs.sephora.com", "allLocales": true}
shinola|greenhouse|boards.greenhouse.io|SINGLE_BRAND|ACTIVE|{"US": 11, "∅": 2}|{"board": "shinola"}
shinola-retail|greenhouse|job-boards.greenhouse.io|SINGLE_BRAND|ACTIVE|{"US": 10, "∅": 5}|{"board": "shinolaretail"}
showroomprive|teamtailor|talents.showroomprivegroup.com||ACTIVE|{"FR": 27, "∅": 1}|{"origin": "https://talents.showroomprivegroup.com"}
singularu|teamtailor|singularu.teamtailor.com||ACTIVE|{"ES": 44, "∅": 3}|{"origin": "https://singularu.teamtailor.com"}
skin-laundry|greenhouse|boards.greenhouse.io|SINGLE_BRAND|ACTIVE|{"US": 58, "∅": 4}|{"board": "skinlaundry"}
subset|teamtailor|subset.teamtailor.com||ACTIVE|{"SE": 3, "∅": 1}|{"origin": "https://subset.teamtailor.com"}
swarovski|workday|swarovski.wd3.myworkdayjobs.com||ACTIVE|{"AT": 11, "AU": 42, "BE": 2, "BR": 7, "CA": 81, "CH": 14, "CZ": 10, "DE": 35, "ES": 8, "FR": 25, "GB": 47, "GR": 8, "HK": 2, "HU": 5, "IE": 1, "IN": 13, "IT": 14, "KR": 6, "MX": 33, "MY": 11, "NL": 10, "NZ": 4, "PL": 27, "PR": 2, "PT": 5, "RS": 2, "SG": 3, "TH": 5, "TR": 6, "US": 337, "VN": 3, "∅": 1}|{"site": "swarovski", "origin": "https://swarovski.wd3.myworkdayjobs.com", "tenant": "swarovski"}
swatch-group|swatchgroup|www.swatchgroup.com||ACTIVE|{"AT": 4, "AU": 18, "BE": 5, "CA": 25, "CH": 160, "DE": 23, "DK": 1, "ES": 3, "FR": 35, "GB": 3, "HK": 1, "IT": 23, "MO": 1, "MY": 2, "NL": 9, "SG": 3, "TH": 8, "US": 66, "∅": 8}|{"lang": "fr", "origin": "https://www.swatchgroup.com"}
thirdlove|greenhouse|boards.greenhouse.io|SINGLE_BRAND|ACTIVE|{"US": 22, "∅": 2}|{"board": "thirdlove"}
trussardi|teamtailor|trussardi.teamtailor.com||ACTIVE|{"IT": 14, "∅": 1}|{"origin": "https://trussardi.teamtailor.com"}
veronica-beard|greenhouse|boards.greenhouse.io|SINGLE_BRAND|ACTIVE|{"FR": 1, "GE": 2, "US": 21, "∅": 49}|{"board": "veronicabeard"}
vivienne-westwood|teamtailor|viviennewestwood.teamtailor.com||ACTIVE|{"GB": 9, "US": 2, "∅": 1}|{"origin": "https://viviennewestwood.teamtailor.com"}
white-stuff|teamtailor|whitestuff.teamtailor.com||ACTIVE|{"GB": 174, "GG": 5, "IE": 5, "∅": 1}|{"origin": "https://whitestuff.teamtailor.com"}
(94 rows)
