Timing is on.
SET
Time: 106.567 ms
default_transaction_read_only
on
(1 row)
Time: 17.730 ms
A1 offres dont une representation officielle a une fin prouvee et qu une representation de rang inferieur garde ouverte (avant arbitrage)
fermee_par | garde | offres | servies
richemont-workday | richemont | 16 | 16
(1 row)
Time: 195.125 ms
A1b dont celles que la regle construite ferme : aucune representation officielle (rang 0-2) n est encore disponible
fermee_par | garde | offres | servies
(0 rows)
Time: 178.452 ms
A2 offres de A1 a echeance seulement (sans preuve d absence)
count
0
(1 row)
Time: 117.463 ms
A3 jumeaux WTTJ hors regroupement (Q16 de comparaison-indeed) : hors de la regle, faute d identite commune
wttj_servies | jumeau_officiel_ferme_seulement
2601 | 14
(1 row)
Time: 12747.624 ms (00:12.748)
