sourceKey|lot|debut|sous_decision|status|requetes|duree_s|req_par_s|pic300|r406|r403|premier_406|n_precedente|min_apres_precedente
l-oreal-professionnel|12fc18af|09-19 09:28|f||192|192|1.00||0|0|||
l-oreal-professionnel|4a6daa36|09-19 10:11|f||234|186|1.26|226|0|0||192|39
l-oreal-professionnel|396c9237|09-19 11:49|f|EXTRACTED|1788|552|3.24|1299|224|0|1561|234|96
l-oreal-professionnel|fdaa1837|09-19 14:16|f|EXTRACTED|1780|555|3.21|1254|0|0||1788|138
l-oreal-professionnel|3c4052c5|09-19 15:12|f|EXTRACTED|1779|537|3.32|1344|193|0|1583|1780|46
l-oreal-professionnel|da8bee7a|09-19 15:35|f|EXTRACTED|1779|563|3.16|1233|0|0||1779|14
l-oreal-professionnel|1af9a9f5|09-20 07:25|f|EXTRACTED|1764|539|3.27|1283|85|0|1676|1779|941
l-oreal-professionnel|757535e0|09-20 07:38|t|FAILED|3|2|1.45||3|0|0|1764|4
l-oreal-professionnel|5f1d4b31|09-23 08:41|f|EXTRACTED|1778|588|3.03|1296|406|0|1369|3|4383
l-oreal-professionnel|5c076d91|09-23 08:53|t|FAILED|3|2|1.61||3|0|0|1778|3
l-oreal-professionnel|c868ccaa|09-23 16:16|f|EXTRACTED|1753|582|3.01|1304|375|0|1375|3|443
l-oreal-professionnel|e2bbb625|09-23 16:26|t|FAILED|3|2|1.70||3|0|0|1753|0
l-oreal-professionnel|eb45ec7d|09-23 21:22|f|EXTRACTED|1752|565|3.10|1224|0|0||3|296
l-oreal-professionnel|6ae9ce8d|09-23 21:32|t|FAILED|3|2|1.67||3|0|0|1752|1
l-oreal-professionnel|adbce9fa|09-24 16:04|f|EXTRACTED|1778|604|2.94|1286|403|0|1372|3|1112
l-oreal-professionnel|52c860fe|09-24 16:16|t|FAILED|3|2|1.54||3|0|0|1778|2
l-oreal-professionnel|0ed1e828|09-25 16:02|f|EXTRACTED|1775|603|2.94|1281|363|0|1410|3|1426
l-oreal-professionnel|5bf542b3|09-25 16:13|t|FAILED|3|2|1.66||3|0|0|1775|1
l-oreal-professionnel|752e5bbe|09-26 16:02|f|EXTRACTED|1773|577|3.07|1229|126|0|1644|3|1429
l-oreal-professionnel|b09aadec|09-26 16:12|t|FAILED|3|2|1.61||3|0|0|1773|1
l-oreal-professionnel|53d41bce|09-27 16:05|f|EXTRACTED|1753|639|2.74|1177|0|0||3|1433
l-oreal-professionnel|45498331|09-27 16:16|t|FAILED|3|2|1.69||3|0|0|1753|0
l-oreal-professionnel|b621eb55|09-28 16:03|f|EXTRACTED|1804|668|2.70|1282|540|0|1262|3|1428
l-oreal-professionnel|f8acfe18|09-28 16:17|t|FAILED|3|2|1.62||3|0|0|1804|2
l-oreal-professionnel|0a99bc83|09-29 16:11|f|EXTRACTED|1823|639|2.85|1387|633|0|1187|3|1434
l-oreal-professionnel|d3e7fef8|09-29 16:22|t|FAILED|3|2|1.35||3|0|0|1823|0
l-oreal-professionnel|570be3f1|09-30 16:00|f|EXTRACTED|1797|842|2.13|962|318|0|1479|3|1418
l-oreal-professionnel|eebb10b5|09-30 16:16|t|FAILED|66|177|0.37||3|0|63|1797|3
l-oreal-professionnel|f700a47d|10-01 16:03|f|EXTRACTED|1804|757|2.38|997|222|0|1579|66|1424
l-oreal-professionnel|edd62949|10-01 16:16|t|FAILED|3|2|1.58||3|0|0|1804|1
ralph-lauren-avature|55847bbb|09-19 10:14|f|FAILED|5|10|0.48||0|3|||
ralph-lauren-avature|7b16d898|09-19 12:33|f|EXTRACTED|1324|448|2.96|1182|319|0|1003|5|139
ralph-lauren-avature|abe33bc1|09-19 14:28|f|FAILED|2|5|0.38||1|0|1|1324|108
ralph-lauren-avature|91d405f9|09-20 07:38|f|FAILED|1|0|||0|0||2|1029
ralph-lauren-avature|f30dd051|09-23 09:10|f|FAILED|3|2|1.28||0|0||1|4412
ralph-lauren-avature|8baceb2d|09-23 16:30|f|FAILED|3|2|1.24||0|0||3|440
ralph-lauren-avature|c799e945|09-24 16:14|f|FAILED|3|2|1.23||0|0||3|1424
ralph-lauren-avature|ca716c17|09-25 16:11|f|FAILED|3|2|1.26||0|0||3|1437
ralph-lauren-avature|32496a40|09-26 16:11|f|FAILED|3|2|1.28||0|0||3|1440
ralph-lauren-avature|706548db|09-27 16:14|f|FAILED|3|2|1.34||0|0||3|1443
ralph-lauren-avature|923b652c|09-28 16:13|f|FAILED|3|3|1.18||0|0||3|1439
ralph-lauren-avature|255a3166|09-29 16:20|f|FAILED|3|2|1.38||0|0||3|1446
ralph-lauren-avature|da424ede|10-02 09:56|f|EXTRACTED|1362|538|2.53|1160|0|0||3|3936
ralph-lauren-avature|c81e14a5|10-02 10:05|t|FAILED|9|8|1.14||1|0|8|1362|1
