id|purpose|startedAt|status|transportCoverage|extractedCount|failure|sous_decision|captures|navigateur|premiere|derniere
da424ede-87b3-4130-9b09-3b77ec75bfd6|JOBS|2026-10-02 09:56:05.669|EXTRACTED|HTTP_WITH_WAF_BOOTSTRAP|1160||f|1362|5|2026-10-02 09:56:05.777|2026-10-02 10:05:03.508
c81e14a5-2156-4828-bd0d-0cc51144baae|JOBS|2026-10-02 10:05:34.208|FAILED||0|HttpStatusError|t|9|5|2026-10-02 10:05:35.148|2026-10-02 10:05:43.048
lot|sequence|format|status|heure|s_depuis_amorcage|hote|chemin|waf_action|serveur|type_contenu|amzn|x_cache|cookieNames|failure
c81e14a5|0|HTTP_RESPONSE|202|10:05:35.148||careers.ralphlauren.com|/en_US/CareersCorporate/SearchJobsCorporate/?jobOffset=%5BVALUE+OMITTED%5D&listFilterMode=%5BVALUE+OMITTED%5D|challenge||text/html; charset=UTF-8|f||[]|
c81e14a5|1|BROWSER_RESPONSE|202|10:05:35.980|0.0|careers.ralphlauren.com|/en_US/CareersCorporate/SearchJobsCorporate/?jobOffset=%5BVALUE+OMITTED%5D&listFilterMode=%5BVALUE+OMITTED%5D|challenge||text/html; charset=UTF-8|f||[]|
c81e14a5|2|BROWSER_RESPONSE|200|10:05:36.780|0.0|7d6e0277a337.42c8209d.us-east-1.token.awswaf.com|/7d6e0277a337/580a42a23f40/39f553e05fca/challenge.js|||text/javascript|f||[]|
c81e14a5|3|BROWSER_RESPONSE|200|10:05:37.055|0.0|7d6e0277a337.42c8209d.us-east-1.token.awswaf.com|/7d6e0277a337/580a42a23f40/39f553e05fca/inputs?client=%5BVALUE+OMITTED%5D|||application/json|f||[]|CredentialNotArchived
c81e14a5|4|BROWSER_RESPONSE|200|10:05:37.382|0.0|7d6e0277a337.42c8209d.us-east-1.token.awswaf.com|/7d6e0277a337/580a42a23f40/39f553e05fca/mp_verify?region=%5BVALUE+OMITTED%5D|||application/json|f||[]|CredentialNotArchived
c81e14a5|5|BROWSER_RESPONSE|200|10:05:38.806|0.0|careers.ralphlauren.com|/en_US/CareersCorporate/SearchJobsCorporate/?jobOffset=%5BVALUE+OMITTED%5D&listFilterMode=%5BVALUE+OMITTED%5D|||text/html;charset=UTF-8|f||[]|
c81e14a5|6|HTTP_RESPONSE|200|10:05:41.425|2.6|careers.ralphlauren.com|/en_US/CareersCorporate/SearchJobsCorporate/?jobOffset=%5BVALUE+OMITTED%5D&listFilterMode=%5BVALUE+OMITTED%5D|||text/html;charset=UTF-8|f||["ScustomPortal-47", "portalLanguage-47"]|
c81e14a5|7|HTTP_RESPONSE|200|10:05:42.921|4.1|careers.ralphlauren.com|/en_US/CareersCorporate/SearchJobsCorporate/?jobOffset=%5BVALUE+OMITTED%5D&listFilterMode=%5BVALUE+OMITTED%5D|||text/html;charset=UTF-8|f||["ScustomPortal-47", "portalLanguage-47"]|
c81e14a5|8|HTTP_RESPONSE|406|10:05:43.048|4.2|careers.ralphlauren.com|/en_US/CareersCorporate/SearchJobsCorporate/?jobOffset=%5BVALUE+OMITTED%5D&listFilterMode=%5BVALUE+OMITTED%5D|||text/html|f||[]|
da424ede|0|HTTP_RESPONSE|202|09:56:05.777||careers.ralphlauren.com|/en_US/CareersCorporate/SearchJobsCorporate/?jobOffset=%5BVALUE+OMITTED%5D&listFilterMode=%5BVALUE+OMITTED%5D|challenge||text/html; charset=UTF-8|f||[]|
da424ede|1|BROWSER_RESPONSE|202|09:56:06.667|0.0|careers.ralphlauren.com|/en_US/CareersCorporate/SearchJobsCorporate/?jobOffset=%5BVALUE+OMITTED%5D&listFilterMode=%5BVALUE+OMITTED%5D|challenge||text/html; charset=UTF-8|f||[]|
da424ede|2|BROWSER_RESPONSE|200|09:56:07.501|0.0|7d6e0277a337.42c8209d.us-east-1.token.awswaf.com|/7d6e0277a337/580a42a23f40/39f553e05fca/challenge.js|||text/javascript|f||[]|
da424ede|3|BROWSER_RESPONSE|200|09:56:07.800|0.0|7d6e0277a337.42c8209d.us-east-1.token.awswaf.com|/7d6e0277a337/580a42a23f40/39f553e05fca/inputs?client=%5BVALUE+OMITTED%5D|||application/json|f||[]|CredentialNotArchived
da424ede|4|BROWSER_RESPONSE|200|09:56:08.349|0.0|7d6e0277a337.42c8209d.us-east-1.token.awswaf.com|/7d6e0277a337/580a42a23f40/39f553e05fca/mp_verify?region=%5BVALUE+OMITTED%5D|||application/json|f||[]|CredentialNotArchived
da424ede|5|BROWSER_RESPONSE|200|09:56:09.717|0.0|careers.ralphlauren.com|/en_US/CareersCorporate/SearchJobsCorporate/?jobOffset=%5BVALUE+OMITTED%5D&listFilterMode=%5BVALUE+OMITTED%5D|||text/html;charset=UTF-8|f||[]|
da424ede|6|HTTP_RESPONSE|200|09:56:11.978|2.3|careers.ralphlauren.com|/en_US/CareersCorporate/SearchJobsCorporate/?jobOffset=%5BVALUE+OMITTED%5D&listFilterMode=%5BVALUE+OMITTED%5D|||text/html;charset=UTF-8|f||["ScustomPortal-47", "portalLanguage-47"]|
da424ede|7|HTTP_RESPONSE|200|09:56:13.189|3.5|careers.ralphlauren.com|/en_US/CareersCorporate/SearchJobsCorporate/?jobOffset=%5BVALUE+OMITTED%5D&listFilterMode=%5BVALUE+OMITTED%5D|||text/html;charset=UTF-8|f||["ScustomPortal-47", "portalLanguage-47"]|
da424ede|8|HTTP_RESPONSE|200|09:56:14.363|4.6|careers.ralphlauren.com|/en_US/CareersCorporate/SearchJobsCorporate/?jobOffset=%5BVALUE+OMITTED%5D&listFilterMode=%5BVALUE+OMITTED%5D|||text/html;charset=UTF-8|f||["ScustomPortal-47", "portalLanguage-47"]|
da424ede|9|HTTP_RESPONSE|200|09:56:15.560|5.8|careers.ralphlauren.com|/en_US/CareersCorporate/SearchJobsCorporate/?jobOffset=%5BVALUE+OMITTED%5D&listFilterMode=%5BVALUE+OMITTED%5D|||text/html;charset=UTF-8|f||["ScustomPortal-47", "portalLanguage-47"]|
da424ede|10|HTTP_RESPONSE|200|09:56:16.882|7.2|careers.ralphlauren.com|/en_US/CareersCorporate/SearchJobsCorporate/?jobOffset=%5BVALUE+OMITTED%5D&listFilterMode=%5BVALUE+OMITTED%5D|||text/html;charset=UTF-8|f||["ScustomPortal-47", "portalLanguage-47"]|
da424ede|1359|HTTP_RESPONSE|200|10:05:02.889|533.2|careers.ralphlauren.com|/en_US/CareersCorporate/JobDetailRetail?jobId=%5BVALUE+OMITTED%5D|||text/html;charset=UTF-8|f||["ScustomPortal-47", "portalLanguage-47"]|
da424ede|1360|HTTP_RESPONSE|200|10:05:03.004|533.3|careers.ralphlauren.com|/en_US/CareersCorporate/JobDetailRetail?jobId=%5BVALUE+OMITTED%5D|||text/html;charset=UTF-8|f||["ScustomPortal-47", "portalLanguage-47"]|
da424ede|1361|HTTP_RESPONSE|200|10:05:03.508|533.8|careers.ralphlauren.com|/en_US/CareersCorporate/JobDetailRetail?jobId=%5BVALUE+OMITTED%5D|||text/html;charset=UTF-8|f||["ScustomPortal-47", "portalLanguage-47"]|
