sourceKey|lot|debut|rang_premier_406|s_depuis_debut|req_60s|req_300s|apres|apres_406|apres_200
l-oreal-professionnel|396c9237|09-19 11:49|1561|534|231|1149|226|223|3
ralph-lauren-avature|7b16d898|09-19 12:33|1003|422|254|905|320|318|2
ralph-lauren-avature|abe33bc1|09-19 14:28|1|5|2|2|0|0|0
l-oreal-professionnel|3c4052c5|09-19 15:12|1583|521|245|1211|195|192|3
l-oreal-professionnel|1af9a9f5|09-20 07:25|1676|532|251|1233|87|84|3
l-oreal-professionnel|757535e0|09-20 07:38|0|0|1|1|2|2|0
l-oreal-professionnel|5f1d4b31|09-23 08:41|1369|555|203|1003|408|405|3
l-oreal-professionnel|5c076d91|09-23 08:53|0|0|1|1|2|2|0
l-oreal-professionnel|c868ccaa|09-23 16:16|1375|552|195|1032|377|374|3
l-oreal-professionnel|e2bbb625|09-23 16:26|0|0|1|1|2|2|0
l-oreal-professionnel|6ae9ce8d|09-23 21:32|0|0|1|1|2|2|0
l-oreal-professionnel|adbce9fa|09-24 16:04|1372|570|201|998|405|402|3
l-oreal-professionnel|52c860fe|09-24 16:16|0|0|1|1|2|2|0
l-oreal-professionnel|0ed1e828|09-25 16:02|1410|569|206|1058|364|362|2
l-oreal-professionnel|5bf542b3|09-25 16:13|0|0|1|1|2|2|0
l-oreal-professionnel|752e5bbe|09-26 16:02|1644|567|226|1155|128|125|3
l-oreal-professionnel|b09aadec|09-26 16:12|0|0|1|1|2|2|0
l-oreal-professionnel|45498331|09-27 16:16|0|0|1|1|2|2|0
l-oreal-professionnel|b621eb55|09-28 16:03|1262|619|173|890|541|539|2
l-oreal-professionnel|f8acfe18|09-28 16:17|0|0|1|1|2|2|0
l-oreal-professionnel|0a99bc83|09-29 16:11|1187|588|176|909|635|632|3
l-oreal-professionnel|d3e7fef8|09-29 16:22|0|0|1|1|2|2|0
l-oreal-professionnel|570be3f1|09-30 16:00|1479|811|158|748|317|317|0
l-oreal-professionnel|eebb10b5|09-30 16:16|63|175|23|64|2|2|0
l-oreal-professionnel|f700a47d|10-01 16:03|1579|739|159|832|224|221|3
l-oreal-professionnel|edd62949|10-01 16:16|0|0|1|1|2|2|0
ralph-lauren-avature|c81e14a5|10-02 10:05|8|8|9|9|0|0|0
