SET
SET
externalId|deactivated|job_active
Assistant-Manager-ANN_R-2030382|2026-09-30|f
Assistant-Manager-ANN_R-2032710|2026-09-27|f
Assistant-Manager-ANN_R-2033712-1|2026-09-30|f
Assistant-Manager-ANN_R-2036144|2026-09-30|f
Assistant-Manager-ANN_R-2036759|2026-09-30|f
Assistant-Manager-ANN_R-2037222|2026-09-30|f
Assistant-Manager-ANN_R-2037579|2026-10-01|f
Assistant-Manager-ANN_R-2037851|2026-09-30|f
Assistant-Manager-Coconut-Point_R-2034742|2026-09-30|f
Assistant-Manager_R-2033138|2026-09-30|f
Assistant-Manager_R-2033210|2026-09-30|f
Assistant-Manager_R-2033458-1|2026-09-30|f
Assistant-Manager_R-2033643|2026-09-30|f
Assistant-Manager_R-2034290|2026-09-27|f
Assistant-Manager_R-2034347-1|2026-09-30|f
Assistant-Manager_R-2036430|2026-09-27|f
Assistant-Manager_R-2036486|2026-09-27|f
Assistant-Manager_R-2036682|2026-09-30|f
Assistant-Manager_R-2036912-1|2026-09-30|f
Assistant-Manager_R-2037003-1|2026-09-27|f
Assistant-Manager--The-Palms-at-Town-and-Country_R-2033330|2026-09-30|f
Assistant-Manager--White-House-Black-Market-at-Southpark_R-2033684|2026-09-30|f
Assistant-Manager-Wrentham-Premium-Outlet_R-2036475|2026-09-27|f
Assistant-Store-Manager--Mall-at-Millenia_R-2035297-1|2026-09-30|f
Associate--Cranberry_R-2030391|2026-09-30|f
Associate--Glendale-Plaza_R-2033621|2026-09-30|f
Associate--Lane-Bryant_R-2032713|2026-09-27|f
Associate--SAPT--Lane-Bryant_R-2023834|2026-09-30|f
Associate--SAPT--Lane-Bryant_R-2031249|2026-09-30|f
Associate--SAPT--Lane-Bryant_R-2031721|2026-09-27|f
Associate--SAPT--Lane-Bryant_R-2033173|2026-09-30|f
Associate--SAPT--Lane-Bryant_R-2033366|2026-09-30|f
Associate--SAPT--Lane-Bryant_R-2034487-1|2026-09-27|f
Associate--SAPT--Lane-Bryant_R-2035415|2026-09-27|f
Associate--SAPT--Lane-Bryant_R-2036219|2026-09-30|f
Associate--SAPT--Lane-Bryant_R-2036360|2026-09-30|f
Associate--SAPT--Lane-Bryant_R-2036443|2026-09-30|f
Associate--SAPT--Lane-Bryant_R-2037650|2026-09-30|f
Associate--Settlers-Ridge_R-2032878|2026-09-27|f
Associate---The-Mall-at-Partridge-Creek_R-2035487|2026-09-27|f
Associate--The-Shops-at-Rockvale_R-2036926-1|2026-09-30|f
Associate--Ward-Parkway--SAPT--Lane-Bryant_R-2034538-1|2026-09-27|f
Asst-Sales-Mgr--Outlet--Johnson-Creek-Premium-Outlets_R-2033715|2026-09-30|f
Back-of-house-support-Sales-Associate-ANN_R-2033338|2026-09-30|f
Client-Specialist--Haverford-Square_R-2037137|2026-09-27|f
Client-Specialist-Key_R-2032431|2026-09-27|f
Client-Specialist-Key_R-2033498|2026-09-30|f
Client-Specialist_R-2036263|2026-09-27|f
Client-Specialist_R-2037294|2026-09-30|f
Client-Specialist--Utica-Square_R-2033453|2026-09-30|f
Daytime-Sales-Associate-LOFT-Quakerbridge-Mall_R-2036243|2026-09-30|f
FT-Assistant-Manager-Short-Hills-Mall_R-2033278|2026-09-30|f
Fulfillment---Stock-Associate_R-2034969|2026-09-30|f
Haven-Well-Within---Sales-Associate-Keyholder---Garden-City_R-2034371|2026-09-30|f
Merchandising-Manager---Cool-Springs-Galleria_R-2033446|2026-09-30|f
Milford-Market-Place_R-2033274-1|2026-09-30|f
Operations-Manager--Pinecrest-Plaza_R-2033229|2026-09-30|f
Part-Time-Manager--LOFT--Legacy-Village_R-2034683|2026-09-27|f
Part-Time-Sales-Associate-LOFT_R-2033370|2026-09-30|f
Part-Time-Sales-Lead--Market-Street-at-Heath-Brook_R-2036415|2026-09-30|f
Part-Time-Stylist---LOFT--Legacy-Village_R-2034684|2026-09-27|f
P-T-Sales-Lead-Ann-Taylor-Bluffton-SC_R-2032504-1|2026-09-27|f
Sales-Associate---5th-Ave-Naples--FL_R-2033668|2026-09-30|f
Sales-Associate-Allen-Outlet-Center_R-2034548|2026-09-30|f
Sales-Associate-ANN--Cincinnati-Premium-Outlets_R-2030574|2026-09-27|f
Sales-Associate-ANN_R-2028036-1|2026-09-30|f
Sales-Associate-ANN_R-2028574|2026-09-30|f
Sales-Associate-ANN_R-2030347|2026-09-30|f
Sales-Associate-ANN_R-2031456|2026-09-30|f
Sales-Associate-ANN_R-2031728|2026-09-27|f
Sales-Associate-ANN_R-2031888|2026-09-30|f
Sales-Associate-ANN_R-2032760-1|2026-09-30|f
Sales-Associate-ANN_R-2033107|2026-09-27|f
Sales-Associate-ANN_R-2033115|2026-09-30|f
Sales-Associate-ANN_R-2033293-1|2026-09-30|f
Sales-Associate-ANN_R-2033304|2026-09-30|f
Sales-Associate-ANN_R-2033467|2026-09-30|f
Sales-Associate-ANN_R-2033609|2026-09-30|f
Sales-Associate-ANN_R-2033667|2026-09-30|f
Sales-Associate-ANN_R-2033703|2026-09-27|f
Sales-Associate-ANN_R-2033750|2026-09-30|f
Sales-Associate-ANN_R-2034640-1|2026-09-27|f
Sales-Associate-ANN_R-2034691-1|2026-09-30|f
Sales-Associate-ANN_R-2035049|2026-09-27|f
Sales-Associate-ANN_R-2035916-1|2026-09-27|f
Sales-Associate-ANN_R-2035962|2026-09-30|f
Sales-Associate-ANN_R-2035963|2026-09-30|f
Sales-Associate-ANN_R-2036092|2026-09-30|f
Sales-Associate-ANN_R-2036145|2026-09-30|f
Sales-Associate-ANN_R-2036227|2026-09-30|f
Sales-Associate-ANN_R-2036329-1|2026-09-30|f
Sales-Associate-ANN_R-2036382|2026-09-27|f
Sales-Associate-ANN_R-2036533|2026-09-30|f
Sales-Associate-ANN_R-2036726|2026-09-30|f
Sales-Associate-ANN_R-2036752|2026-09-30|f
Sales-Associate-ANN_R-2037237|2026-09-30|f
Sales-Associate-ANN_R-2037355|2026-09-30|f
Sales-Associate-ANN_R-2037547|2026-09-30|f
Sales-Associate-ANN_R-2037574-1|2026-09-30|f
Sales-Associate-ANN_R-2037701|2026-09-30|f
Sales-Associate-ANN-Woodbridge-Center_R-2036808|2026-09-30|f
Sales-Associate--Arboretum-at-Great-Hills_R-2032660|2026-09-27|f
Sales-Associate-Birch-Run-Premium-Outlets_R-2032383|2026-09-27|f
Sales-Associate--Birkdale-Village_R-2034367|2026-09-30|f
Sales-Associate---Cherry-Hill-Mall_R-2033513|2026-09-30|f
Sales-Associate--Chestnut-Hill_R-2035023|2026-09-27|f
Sales-Associate--Clay-Terrace_R-2032865|2026-09-27|f
Sales-Associate--Cool-Springs-Galleria_R-2032959|2026-09-27|f
Sales-Associate---Cool-Springs-Galleria_R-2033511|2026-09-30|f
Sales-Associate--Corona-Del-Mar-Plaza_R-2032995|2026-09-27|f
Sales-Associate--Dana-Park-Village-Square_R-2033071|2026-09-27|f
Sales-Associate--Deer-Park-Town-Center_R-2032941|2026-09-27|f
Sales-Associate--Delray-Beach-Market-Place_R-2033237-1|2026-09-30|f
Sales-Associate--Eastview-Mall_R-2032722|2026-09-27|f
Sales-Associate---Evenings---Weekends_R-2032365|2026-09-30|f
Sales-Associate--Fair-Oaks-Mall_R-2033124|2026-09-30|f
Sales-Associate--Fashion-Mall-at-Keystone_R-2032754|2026-09-27|f
Sales-Associate-First---Main--Hudson-OH_R-2032502|2026-09-27|f
Sales-Associate---Flat-Irons-Mall_R-2032417-1|2026-09-27|f
Sales-Associate--Fox-River-Mall_R-2032919|2026-09-27|f
Sales-Associate-Jersey-Shore-Premium-Outlets_R-2032902|2026-09-27|f
Sales-Associate-Key_R-2033095-1|2026-09-30|f
Sales-Associate-Key_R-2033525-1|2026-09-30|f
Sales-Associate-Key_R-2034231|2026-09-27|f
Sales-Associate-Key_R-2035700|2026-09-27|f
Sales-Associate-Key_R-2036460|2026-09-27|f
Sales-Associate--Kingwood-Commons_R-2032600|2026-09-30|f
Sales-Associate--Leawood-Town-Center_R-2028546|2026-09-30|f
Sales-Associate---LOFT-International-Plaza_R-2033075|2026-09-30|f
Sales-Associate--Loft-Outlet-Freeport-Maine_R-2029845|2026-09-30|f
Sales-Associate-Loft-Outlet-Outlets-of-Des-Moines_R-2036206|2026-09-27|f
Sales-Associate-Loft-Outlet_R-2033706|2026-09-30|f
Sales-Associate-LOFT_R-2036888|2026-09-27|f
Sales-Associate--Loft--Westmoreland-Mall_R-2036388|2026-09-30|f
Sales-Associate--Mall-at-Millenia_R-2032900|2026-09-30|f
Sales-Associate---Miami-Dadeland_R-2033564|2026-09-30|f
Sales-Associate--Montgomery-Village_R-2033461|2026-09-30|f
Sales-Associate-Oak-Park-Mall_R-2032927|2026-09-30|f
Sales-Associate--Oak-Park-Mall_R-2036249|2026-09-30|f
Sales-Associate--Old-Farm-Shoppes--Champaign_R-2036354|2026-09-30|f
Sales-Associate--Old-Town-Alexandria_R-2036925-1|2026-09-30|f
Sales-Associate---Orland-Park-Crossing_R-2035341|2026-09-30|f
Sales-Associate--Outlets-at-San-Clemente_R-2033478-1|2026-09-30|f
Sales-Associate--Paddock-Shops_R-2032617|2026-09-27|f
Sales-Associate--Park-City-Center_R-2033168|2026-09-30|f
Sales-Associate--Potomac-Mills-Mall_R-2030572|2026-09-30|f
Sales-Associate---Princeton-Market-Fair_R-2033268|2026-09-30|f
Sales-Associate--Providence-Marketplace_R-2033349|2026-09-30|f
Sales-Associate_R-2032181|2026-09-30|f
Sales-Associate_R-2032242|2026-09-27|f
Sales-Associate_R-2032372|2026-09-27|f
Sales-Associate_R-2032410-1|2026-09-30|f
Sales-Associate_R-2032419|2026-09-27|f
Sales-Associate_R-2032446-1|2026-09-27|f
Sales-Associate_R-2032457|2026-09-27|f
Sales-Associate_R-2032458|2026-09-27|f
Sales-Associate_R-2032459-1|2026-09-27|f
Sales-Associate_R-2032481-1|2026-09-27|f
Sales-Associate_R-2032487|2026-09-27|f
Sales-Associate_R-2032505|2026-09-27|f
Sales-Associate_R-2032519|2026-09-27|f
Sales-Associate_R-2032523|2026-09-30|f
Sales-Associate_R-2032549|2026-09-27|f
Sales-Associate_R-2032558|2026-09-27|f
Sales-Associate_R-2032566|2026-09-27|f
Sales-Associate_R-2032568|2026-09-27|f
Sales-Associate_R-2032575-1|2026-09-27|f
Sales-Associate_R-2032610|2026-09-27|f
Sales-Associate_R-2032620-1|2026-09-27|f
Sales-Associate_R-2032629-1|2026-09-27|f
Sales-Associate_R-2032631-1|2026-09-27|f
Sales-Associate_R-2032637|2026-09-30|f
Sales-Associate_R-2032642|2026-09-27|f
Sales-Associate_R-2032645|2026-09-27|f
Sales-Associate_R-2032646|2026-09-27|f
Sales-Associate_R-2032652|2026-09-27|f
Sales-Associate_R-2032676|2026-09-27|f
Sales-Associate_R-2032689-1|2026-09-27|f
Sales-Associate_R-2032721|2026-09-27|f
Sales-Associate_R-2032731-1|2026-09-27|f
Sales-Associate_R-2032755-1|2026-09-27|f
Sales-Associate_R-2032772|2026-09-27|f
Sales-Associate_R-2032773|2026-09-27|f
Sales-Associate_R-2032776|2026-09-27|f
Sales-Associate_R-2032780|2026-09-27|f
Sales-Associate_R-2032788-1|2026-09-30|f
Sales-Associate_R-2032825|2026-09-27|f
Sales-Associate_R-2032885-1|2026-09-27|f
Sales-Associate_R-2032909|2026-09-27|f
Sales-Associate_R-2032928|2026-09-27|f
Sales-Associate_R-2032975|2026-09-27|f
Sales-Associate_R-2032981|2026-09-27|f
Sales-Associate_R-2032986|2026-09-27|f
Sales-Associate_R-2032989|2026-09-27|f
Sales-Associate_R-2032992|2026-09-30|f
Sales-Associate_R-2033017|2026-09-27|f
Sales-Associate_R-2033018|2026-09-27|f
Sales-Associate_R-2033027|2026-09-30|f
Sales-Associate_R-2033038|2026-09-30|f
Sales-Associate_R-2033039|2026-09-30|f
Sales-Associate_R-2033042|2026-09-30|f
Sales-Associate_R-2033048-1|2026-09-30|f
Sales-Associate_R-2033061|2026-09-30|f
Sales-Associate_R-2033066|2026-09-30|f
Sales-Associate_R-2033067|2026-09-30|f
Sales-Associate_R-2033079-1|2026-09-30|f
Sales-Associate_R-2033080|2026-09-30|f
Sales-Associate_R-2033088|2026-09-30|f
Sales-Associate_R-2033105-1|2026-09-30|f
Sales-Associate_R-2033112|2026-09-30|f
Sales-Associate_R-2033139-1|2026-09-27|f
Sales-Associate_R-2033183|2026-09-30|f
Sales-Associate_R-2033188-1|2026-09-30|f
Sales-Associate_R-2033191|2026-09-30|f
Sales-Associate_R-2033194|2026-09-30|f
Sales-Associate_R-2033204|2026-09-30|f
Sales-Associate_R-2033213|2026-09-30|f
Sales-Associate_R-2033221-1|2026-09-30|f
Sales-Associate_R-2033240|2026-09-30|f
Sales-Associate_R-2033246-1|2026-09-30|f
Sales-Associate_R-2033256|2026-09-30|f
Sales-Associate_R-2033263|2026-09-30|f
Sales-Associate_R-2033266|2026-09-30|f
Sales-Associate_R-2033286|2026-09-30|f
Sales-Associate_R-2033295|2026-09-30|f
Sales-Associate_R-2033302|2026-09-30|f
Sales-Associate_R-2033322-1|2026-09-30|f
Sales-Associate_R-2033382|2026-09-30|f
Sales-Associate_R-2033383|2026-09-30|f
Sales-Associate_R-2033384|2026-09-27|f
Sales-Associate_R-2033398-6|2026-09-30|f
Sales-Associate_R-2033408|2026-09-30|f
Sales-Associate_R-2033434|2026-09-30|f
Sales-Associate_R-2033442|2026-09-30|f
Sales-Associate_R-2033447|2026-09-30|f
Sales-Associate_R-2033503|2026-09-30|f
Sales-Associate_R-2033510-1|2026-10-01|f
Sales-Associate_R-2033542-1|2026-09-30|f
Sales-Associate_R-2033544|2026-09-30|f
Sales-Associate_R-2033554|2026-09-30|f
Sales-Associate_R-2033555|2026-09-30|f
Sales-Associate_R-2033567|2026-09-30|f
Sales-Associate_R-2033573|2026-09-30|f
Sales-Associate_R-2033574|2026-09-30|f
Sales-Associate_R-2033577|2026-09-30|f
Sales-Associate_R-2033583|2026-09-30|f
Sales-Associate_R-2033598-1|2026-09-30|f
Sales-Associate_R-2033638|2026-09-30|t
Sales-Associate_R-2033646|2026-09-30|f
Sales-Associate_R-2033651-1|2026-09-30|f
Sales-Associate_R-2033661|2026-09-30|f
Sales-Associate_R-2033662|2026-09-27|f
Sales-Associate_R-2033663|2026-09-30|f
Sales-Associate_R-2033682|2026-09-30|f
Sales-Associate_R-2033686|2026-09-30|f
Sales-Associate_R-2033688-1|2026-09-30|f
Sales-Associate_R-2033690|2026-09-30|f
Sales-Associate_R-2033699|2026-09-30|f
Sales-Associate_R-2033733|2026-09-30|f
Sales-Associate_R-2033739|2026-09-30|f
Sales-Associate_R-2033745|2026-09-27|f
Sales-Associate_R-2033931-1|2026-09-30|f
Sales-Associate_R-2034193|2026-09-27|f
Sales-Associate_R-2034214|2026-09-30|f
Sales-Associate_R-2034473|2026-09-27|f
Sales-Associate_R-2034504|2026-09-30|f
Sales-Associate_R-2034583-1|2026-09-27|f
Sales-Associate_R-2034749|2026-09-30|f
Sales-Associate_R-2035096|2026-10-01|f
Sales-Associate_R-2035224|2026-09-27|f
Sales-Associate_R-2035236|2026-09-27|f
Sales-Associate_R-2035248|2026-09-30|f
Sales-Associate_R-2035315|2026-09-27|f
Sales-Associate_R-2036518|2026-09-27|f
Sales-Associate_R-2036621|2026-09-27|f
Sales-Associate_R-2036844|2026-09-30|f
Sales-Associate_R-2036885|2026-09-27|f
Sales-Associate_R-2037128|2026-09-27|f
Sales-Associate_R-2037395|2026-09-30|f
Sales-Associate_R-2037407|2026-09-27|f
Sales-Associate_R-2037789-1|2026-09-30|f
Sales-Associate-Shops-at-Long-Wharf_R-2033914|2026-09-27|f
Sales-Associate---Short-Pump-TC_R-2032434|2026-09-27|f
Sales-Associate-SOMA_R-2032366-1|2026-09-30|f
Sales-Associate--St-John-s-Town-Center_R-2033468|2026-09-30|f
Sales-Associate--Stonebridge-at-Potomac-Town-Center_R-2032702|2026-09-30|f
Sales-Associate--Stony-Point-Fashion-Park_R-2033716|2026-09-30|f
Sales-Associate-Summit-Fair_R-2032944|2026-09-27|f
Sales-Associate-Talbots-Merchants-Square_R-2033719|2026-09-30|f
Sales-Associate--The-Fashion-Show_R-2033052|2026-09-30|f
Sales-Associate--The-Florida-Mall_R-2032957|2026-09-30|f
Sales-Associate--The-Fountains-Roseville_R-2033394|2026-09-30|f
Sales-Associate--The-Grove-At-Shrewsbury_R-2035637|2026-09-27|f
Sales-Associate--The-Mall-at-Partridge-Creek_R-2032793|2026-09-27|f
Sales-Associate--The-Mall-At-Short-Hills_R-2036806|2026-09-27|f
Sales-Associate--The-Mall-At-Short-Hills_R-2037494|2026-09-30|f
Sales-Associate-The-Oaks-Mall_R-2032547|2026-09-27|f
Sales-Associate---The-Promenade-Shops-at-Centerra_R-2032484|2026-09-27|f
Sales-Associate--The-Promenade-Shops-at-Centerra_R-2037138|2026-09-27|f
Sales-Associate--The-Quarter-at-Tropicana_R-2034355|2026-09-30|f
Sales-Associate--The-Shoppes-at-College-Hills_R-2032937|2026-09-27|f
Sales-Associate-The-Shoppes-at-Grand-Prairie_R-2033114|2026-09-30|f
Sales-Associate--The-Shoppes-at-Susquehanna-Marketplace_R-2033198|2026-09-30|f
Sales-Associate--The-Shops-at-Valley-Square_R-2032322|2026-09-30|f
Sales-Associate--The-Somerset-Collection_R-2037104-1|2026-09-30|f
Sales-Associate--The-Woodlands-Mall_R-2032512|2026-09-27|f
Sales-Associate--The-Woodlands_R-2033233-1|2026-09-30|f
Sales-Associate-Town-and-Country_R-2032591|2026-09-27|f
Sales-Associate-Tulsa-Premium-Outlets_R-2035440|2026-09-27|f
Sales-Associate-Twin-Cities-Premium-Outlets_R-2033515|2026-09-30|f
Sales-Associate--Valencia-Town-Center_R-2033606-1|2026-09-30|f
Sales-Associate-Victoria-Gardens-Rancho-Cucamonga--CA_R-2032996|2026-09-27|f
Sales-Associate--Village-Pointe_R-2032525|2026-09-27|f
Sales-Associate-Weekends_R-2034561|2026-09-27|f
Sales-Associate--White-House-Black-Market-at-Southpark_R-2033679|2026-09-30|f
Sales-Lead-Allen-Premium-Outlets_R-2034549-1|2026-09-30|f
Sales-Lead-ANN-Key-Holder_R-2030961-1|2026-09-27|f
Sales-Lead-ANN--Leawood-Town-Center_R-2028442|2026-09-30|f
Sales-Lead-ANN_R-2024468|2026-09-30|f
Sales-Lead-ANN_R-2029434|2026-09-27|f
Sales-Lead-ANN_R-2029958|2026-09-30|f
Sales-Lead-ANN_R-2030883-1|2026-09-30|f
Sales-Lead-ANN_R-2031509|2026-09-30|f
Sales-Lead-ANN_R-2031725|2026-09-30|f
Sales-Lead-ANN_R-2032707|2026-09-27|f
Sales-Lead-ANN_R-2033298|2026-09-30|f
Sales-Lead-ANN_R-2033610|2026-09-30|f
Sales-Lead-ANN_R-2034034|2026-10-01|f
Sales-Lead-ANN_R-2034639-1|2026-09-27|f
Sales-Lead-ANN_R-2035271|2026-09-30|f
Sales-Lead-ANN_R-2036235-1|2026-09-30|f
Sales-Lead-ANN_R-2036400|2026-09-30|f
Sales-Lead-ANN_R-2036442|2026-09-30|f
Sales-Lead-ANN_R-2036449|2026-09-30|f
Sales-Lead-ANN_R-2036662|2026-09-27|f
Sales-Lead-ANN_R-2036751|2026-09-30|f
Sales-Lead-ANN_R-2036980|2026-09-27|f
Sales-Lead-ANN_R-2037134|2026-09-30|f
Sales-Lead-ANN_R-2037174|2026-09-27|f
Sales-Lead-ANN_R-2037351|2026-09-30|f
Sales-Lead-ANN_R-2037497-1|2026-09-30|f
Sales-Lead-ANN_R-2037831|2026-09-30|f
Sales-Lead-at-the-Avenue-in-Murfreesboro_R-2033536|2026-09-30|f
Sales-Lead-Burlington-Mall_R-2034714|2026-09-27|f
Sales-Lead--Carlsbad-Premium-Outlets_R-2033486|2026-09-30|f
Sales-Lead---Cherry-Hill-Mall_R-2033496|2026-09-30|f
Sales-Lead--Clay-Terrace_R-2032934|2026-09-30|f
Sales-Lead--Coligny-Shopping-Plaza_R-2033436|2026-09-30|f
Sales-Lead--Cool-Springs-Galleria_R-2032938|2026-09-27|f
Sales-Lead--Corona-Del-Mar-Plaza_R-2033002|2026-09-27|f
Sales-Lead--Cranberry_R-2030396-1|2026-09-30|f
Sales-Lead--Dana-Park-Village-Square_R-2033070|2026-09-30|f
Sales-Lead--Delray-Market-Place_R-2033741|2026-09-30|f
Sales-Lead-Dulaney-Plaza_R-2032630|2026-09-27|f
Sales-Lead--Fair-Oaks-Mall_R-2033129|2026-09-30|f
Sales-Lead--Fashion-Mall-at-Keystone_R-2032818|2026-09-27|f
Sales-Lead--Fashion-Place-Mall-_R-2033055|2026-09-30|f
Sales-Lead--Fashion-Valley_R-2036375|2026-09-27|f
Sales-Lead--Houston-Galleria_R-2033332|2026-09-30|f
Sales-Lead--Miracle-Mile-Shops_R-2032521|2026-09-27|f
Sales-Lead-Montgomery-village_R-2032491|2026-09-30|f
Sales-Lead--Oak-Park-Mall_R-2036247|2026-09-30|f
Sales-Lead--Orchard-Town-Center_R-2033041|2026-09-27|f
Sales-Lead--Paddock-Mall_R-2035577|2026-09-30|f
Sales-Lead-Palladio-at-Broadstone_R-2032973|2026-09-27|f
Sales-Lead--Park-City-Center_R-2033170|2026-09-30|f
Sales-Lead--Part-Time_R-2033043|2026-09-30|f
Sales-Lead---Promenade-Brentwood_R-2031402|2026-09-30|f
Sales-Lead--Providence-Marketplace_R-2033378-1|2026-09-30|f
Sales-Lead_R-2032391|2026-09-27|f
Sales-Lead_R-2032402|2026-09-27|f
Sales-Lead_R-2032425-1|2026-09-27|f
Sales-Lead_R-2032430|2026-09-27|f
Sales-Lead_R-2032432|2026-09-27|f
Sales-Lead_R-2032452|2026-09-27|f
Sales-Lead_R-2032470|2026-09-27|f
Sales-Lead_R-2032472|2026-09-27|f
Sales-Lead_R-2032515|2026-09-27|f
Sales-Lead_R-2032520|2026-09-27|f
Sales-Lead_R-2032529-1|2026-09-27|f
Sales-Lead_R-2032584|2026-09-27|f
Sales-Lead_R-2032599|2026-09-27|f
Sales-Lead_R-2032618|2026-09-27|f
Sales-Lead_R-2032623|2026-09-27|f
Sales-Lead_R-2032627|2026-09-27|f
Sales-Lead_R-2032638|2026-09-27|f
Sales-Lead_R-2032661|2026-09-27|f
Sales-Lead_R-2032672|2026-09-27|f
Sales-Lead_R-2032682|2026-09-27|f
Sales-Lead_R-2032693|2026-09-27|f
Sales-Lead_R-2032740|2026-09-30|f
Sales-Lead_R-2032741|2026-09-27|f
Sales-Lead_R-2032746|2026-09-27|f
Sales-Lead_R-2032756|2026-09-27|f
Sales-Lead_R-2032791|2026-09-27|f
Sales-Lead_R-2032812-1|2026-09-27|f
Sales-Lead_R-2032819-1|2026-09-27|f
Sales-Lead_R-2032869-1|2026-09-30|f
Sales-Lead_R-2032873-1|2026-09-30|f
Sales-Lead_R-2032918|2026-09-27|f
Sales-Lead_R-2032924|2026-09-27|f
Sales-Lead_R-2032945|2026-09-27|f
Sales-Lead_R-2032965|2026-09-27|f
Sales-Lead_R-2032984|2026-09-30|f
Sales-Lead_R-2032993|2026-09-27|f
Sales-Lead_R-2033019|2026-09-30|f
Sales-Lead_R-2033029|2026-09-30|f
Sales-Lead_R-2033082|2026-09-30|f
Sales-Lead_R-2033097|2026-09-27|f
Sales-Lead_R-2033123|2026-09-30|f
Sales-Lead_R-2033141|2026-09-30|f
Sales-Lead_R-2033189|2026-09-30|f
Sales-Lead_R-2033216|2026-09-30|f
Sales-Lead_R-2033225|2026-09-30|f
Sales-Lead_R-2033267|2026-09-30|f
Sales-Lead_R-2033310|2026-09-30|f
Sales-Lead_R-2033312-1|2026-09-27|f
Sales-Lead_R-2033314|2026-09-30|f
Sales-Lead_R-2033381-1|2026-09-30|f
Sales-Lead_R-2033389-6|2026-09-30|f
Sales-Lead_R-2033390|2026-09-30|f
Sales-Lead_R-2033414-1|2026-09-30|f
Sales-Lead_R-2033418|2026-09-30|f
Sales-Lead_R-2033435|2026-09-30|f
Sales-Lead_R-2033462|2026-09-30|f
Sales-Lead_R-2033512-1|2026-09-30|f
Sales-Lead_R-2033550|2026-09-30|f
Sales-Lead_R-2033560|2026-09-30|f
Sales-Lead_R-2033572|2026-09-30|f
Sales-Lead_R-2033587|2026-09-30|f
Sales-Lead_R-2033611|2026-09-30|f
Sales-Lead_R-2033620|2026-09-27|f
Sales-Lead_R-2033635|2026-09-30|f
Sales-Lead_R-2033644|2026-09-30|f
Sales-Lead_R-2033660|2026-09-30|f
Sales-Lead_R-2033669|2026-09-27|f
Sales-Lead_R-2033694|2026-09-30|f
Sales-Lead_R-2033695|2026-09-30|f
Sales-Lead_R-2034174|2026-09-30|f
Sales-Lead_R-2034217|2026-09-30|f
Sales-Lead_R-2034348|2026-09-27|f
Sales-Lead_R-2034451-1|2026-09-27|f
Sales-Lead_R-2034505|2026-09-27|f
Sales-Lead_R-2034651-1|2026-09-30|f
Sales-Lead_R-2034696|2026-09-30|f
Sales-Lead_R-2034870-1|2026-09-30|f
Sales-Lead_R-2035011|2026-09-27|f
Sales-Lead_R-2035838|2026-09-27|f
Sales-Lead_R-2036481-1|2026-10-01|f
Sales-Lead_R-2036546|2026-09-27|f
Sales-Lead_R-2036653|2026-09-27|f
Sales-Lead_R-2036760|2026-09-27|f
Sales-Lead_R-2037083|2026-09-27|f
Sales-Lead_R-2037084|2026-10-01|f
Sales-Lead_R-2037172|2026-09-27|f
Sales-Lead_R-2037396|2026-09-30|f
Sales-Lead_R-2037540|2026-09-30|f
Sales-Lead--San-Francisco-Premium-at-Livermore-Outlet_R-2036233|2026-10-01|f
Sales-Lead--Shoppes-at-College-Hills_R-2032896|2026-09-27|f
Sales-Lead--SLPT---Lane-Bryant_R-2031849|2026-09-27|f
Sales-Lead--SLPT---Lane-Bryant_R-2033373|2026-09-30|f
Sales-Lead--SLPT---Lane-Bryant_R-2036597|2026-09-30|f
Sales-Lead--SLPT--Oakleaf-Twn--Ctr_R-2036992|2026-09-29|f
Sales-Lead-St-Louis-Galleria_R-2035446|2026-09-27|f
Sales-Lead--Stonebridge-at-Potomac-town-center_R-2033551|2026-09-30|f
Sales-Lead-The-Mall-at-Robinson_R-2036287|2026-09-27|f
Sales-Lead-The-Shoppes-at-Arbor-Lakes--Lane-Bryant_R-2032435-1|2026-09-27|f
Sales-Lead-The-Shoppes-at-Grand-Prairie_R-2033092|2026-09-30|f
Sales-Lead--The-Shops-at-Rockvale_R-2036924-1|2026-09-30|f
Sales-Lead--The-Summit_R-2036652|2026-09-30|f
Sales-Lead---The-Tower-Shops-Pinnacle_R-2037322|2026-09-27|f
Sales-Lead--The-Woodlands-Mall_R-2032982|2026-09-27|f
Sales-Lead-Tice-s-Corner-woodcliff-lake_R-2032820-1|2026-09-27|f
Sales-Lead-Twin-Cities-Premium-Outlets_R-2033502|2026-09-30|f
Sales-Lead--village-of-Rochester-Hills_R-2033443|2026-09-30|f
Sales-Lead--White-House-Black-Market-at-Southpark_R-2033681-1|2026-09-30|f
Sales-Manager---Cool-Springs-Galleria_R-2033449|2026-09-30|f
Sales-Manager-Eastview-Mall_R-2030767|2026-09-27|f
Sales-Manager_R-2032141|2026-09-27|f
Sales-Manager_R-2033257|2026-09-30|f
Sales-Manager_R-2033653|2026-09-30|f
Sales-Manager--Spring-Creek-Plaza_R-2034064|2026-09-30|f
Sales-Manager--Traverse-City_R-2033421|2026-09-30|f
Sales-Mgr-ANN_R-2036591|2026-09-30|f
Stock-Associate-ANN_R-2033495|2026-09-30|f
Stock-Associate-ANN_R-2033702|2026-09-30|f
Stock-Associate-ANN_R-2036753|2026-09-27|f
Stock-Associate-Loft-Legacy-Place_R-2033850|2026-09-30|f
Store-Manager--Cape-Cod-Mall_R-2035454|2026-09-30|f
Store-Manager--Copley-Center_R-2033342|2026-09-30|f
Store-Manager--Legends-at-Village-West_R-2031356|2026-09-27|f
Store-Manager--Oakridge-Mall-San-Jose_R-2033077|2026-09-30|f
Store-Manager--Orchard-Shops-at-Riverside-Plaza_R-2032413|2026-09-27|f
Store-Manager--The-Forum-Shops-at-Roanoke_R-2033652|2026-09-27|f
Store-Manager--Traverse-City_R-2036434|2026-09-30|f
Store-Manager--Woodburn_R-2028491|2026-09-27|f
Stylist--Fair-Oaks-Mall_R-2033135|2026-09-30|f
Stylist-PT-ANN_R-2036599-1|2026-09-30|f
Stylist-PT-ANN-Rosedale_R-2034719|2026-09-30|f
Stylist--Regency_R-2032747|2026-09-27|f
Stylist--Tysons-Corner-Center_R-2034426|2026-09-30|f
Support-Associate_R-2032701-1|2026-09-27|f
Support-Associate_R-2033260|2026-09-30|f
Support-Associate_R-2033321|2026-09-30|f
Support-Associate--White-House-Black-Market-at-Southpark_R-2033680|2026-09-30|f
