# témoins du lot lancés sur 5536c1d (code d'avant le lot), fichiers de test seuls copiés
     × lit chaque valeur de la facette sous le plafond : 2 100 offres sur 2 100, comptes concordants, preuve ADOPTÉE (D-520 §4 a), aucun employeur tiré de la facette
     × la lecture prouvée est probante pour le refresh ; la lecture non prouvée ne l’est jamais
     × condition 2, une valeur NON LUE EN ENTIER : son tableau annonce 601 offres et en sert 600 — aucune absence attestée
     × condition 2, une valeur lue AU PLAFOND : son tableau annonce 2 000 et la page au-delà ne dit rien — aucune absence attestée
     × toutes les conditions : adoptée
     × 1 : une offre du site plafonné absente des valeurs
     × 1 : une seule facette à ce total
     × 1 : une facette compte davantage
     × 1 : une offre lue sous deux valeurs
     × 2 : un tableau non prouvé
     × 2 : un tableau au plafond
     × 2 : les totaux des tableaux ne font pas le compte de la facette
     × 2 : aucune valeur lue
     × 3 : l’union lue ne fait pas la somme des comptes
     × 3 : les lignes sans chemin comptent dans l’union
     × picard — a careers Atom feed announces no extent
     × attaquer — a start-page link crawl names its missing proof and saw no cut
     × collecte puis rejeu : 2 100 offres sur 2 100, preuve adoptée, résultat identique, archive consommée, aucun appel réseau
     × lumentee, listing not provable: non-blocking, named by its decision, never among proven publisher outages
     × D-520 : la troncature et la retenue à instruire ne sont plus lues « volume anormal » ; la limite de la famille a sa classe
     × trente RUN de suite : toujours DEGRADEE sur décision, sans échéance ni escalade, et le verdict reste vert au-delà de 14 jours
     × le bilan ne compte pas la limite parmi les causes inconnues à instruire
⎯⎯⎯⎯⎯⎯ Failed Tests 22 ⎯⎯⎯⎯⎯⎯⎯
 Test Files  6 failed (6)
      Tests  22 failed | 114 passed (136)
