M0 RUN quotidiens des 7 derniers jours : durée et statut
debut|fin|status|minutes|cpu_user_s|connexions_pic
09-25 16:01|09-25 18:09|FAILED|127|4959|20
09-26 16:02|09-26 18:04|FAILED|122|4823|14
09-27 16:04|09-27 17:41|FAILED|97|3842|24
09-28 16:02|09-28 20:15|FAILED|253|12611|20
09-29 16:10|09-29 17:41|FAILED|91|3615|20
09-30 16:00|09-30 20:08|FAILED|248|12754|20
10-01 16:03|10-01 18:25|FAILED|142|5166|33
(7 rows)
M1 par source ACTIVE, sur les RUN des 7 derniers jours (events source_sync_completed)
key|kind|tier|runs|dur_med_s|dur_max_s|fetch_med_s|upsert_med_s|req_med|offres_lues_med|creees_7j|toujours_complete|lastRunStatus
hm-group|smartrecruiters-whitelabel|GROUP_OFFICIAL|7|479.7|1121|165.7|142.9|3815|1923|894||OK
knitwell-us-retail|workday|GROUP_OFFICIAL|7|982.9|2008|458.8|222.3|4200|1999|619|f|DEGRADED
lvmh|lvmh_algolia|EMPLOYER_DIRECT|7|592.1|1985|43.3|542.8|128|6240|608||DEGRADED
rituals|rituals|EMPLOYER_DIRECT|7|76.0|327|7.6|61.5|63|860|464|t|OK
nordstrom|workday|ATS_OFFICIAL|7|668.8|1184|310.2|111.1|2759|1316|439|f|DEGRADED
wttj-sector|wttj-sector|SPECIALIST_JOBBOARD|7|834.9|2009|206.7|379.8|4449|2122|428||OK
boots|generic-listing|EMPLOYER_DIRECT|7|472.9|956|144.8|108.7|2996|1485|407|t|OK
ulta-jibe|jibe|EMPLOYER_DIRECT|6|982.9|2550|117.2|762.3|153|9974|394|f|OK
tapestry|workday|GROUP_OFFICIAL|7|1051.2|2104|373.2|189.8|5115|2335|364|f|DEGRADED
lovisa|teamtailor|EMPLOYER_DIRECT|7|127.2|599|16.4|103.5|27|1309|355|t|OK
primark|smartrecruiters-whitelabel|ATS_OFFICIAL|7|257.5|493|84.2|67.6|1839|911|353||OK
skechers-phenom|phenom|EMPLOYER_DIRECT|7|1536.3|2525|759.1|189.2|3216|1607|248|f|OK
swarovski|workday|ATS_OFFICIAL|7|295.7|785|139.0|50.0|1301|667|229|t|DEGRADED
mango|workday|ATS_OFFICIAL|7|650.9|1358|267.2|119.0|3494|1652|187|f|DEGRADED
nike|workday|ATS_OFFICIAL|7|421.3|666|179.0|62.2|1719|839|185|t|DEGRADED
urbn-hub|icims|GROUP_OFFICIAL|7|852.6|2109|405.3|108.6|3024|1489|185|t|OK
adidas|successfactors|EMPLOYER_DIRECT|7|361.6|882|117.6|90.0|2532|1257|180|t|OK
sephora-france|successfactors|EMPLOYER_DIRECT|7|837.9|1725|234.2|188.4|4668|2218|169|f|DEGRADED
bloomingdales-oracle|oraclehcm|EMPLOYER_DIRECT|7|328.0|772|112.3|81.9|2003|996|167||OK
monoprix|digitalrecruiters|EMPLOYER_DIRECT|7|251.3|594|101.7|48.1|1503|742|121|t|OK
white-stuff|teamtailor|EMPLOYER_DIRECT|7|10.9|57|0.9|8.2|4|90|113|t|OK
normal|teamtailor|EMPLOYER_DIRECT|7|35.6|145|1.7|29.5|11|462|107|t|OK
estee-lauder-companies|eightfold|GROUP_OFFICIAL|2|1647.1|1963|845.9|351.7|3147|1902|101|t|DEGRADED
crocs|successfactors|EMPLOYER_DIRECT|7|181.4|387|61.8|43.0|1087|518|98|f|DEGRADED
saks|workday|GROUP_OFFICIAL|7|349.9|616|147.0|56.5|1718|818|98|t|OK
penningtons|smartrecruiters-whitelabel|EMPLOYER_DIRECT|7|97.5|244|30.9|28.0|661|326|94||OK
richemont-workday|workday|GROUP_OFFICIAL|7|587.6|1052|225.7|114.6|2902|1399|93|t|DEGRADED
foot-locker-france|phenom|EMPLOYER_DIRECT|7|334.4|1075|48.2|293.9|63|3022|88|f|OK
capri-michael-kors|workday|ATS_OFFICIAL|7|198.3|407|88.6|46.3|1067|508|87|t|OK
intersport-france|jobaffinity-wordpress|ATS_OFFICIAL|7|360.0|753|139.0|61.0|2877|957|83|t|DEGRADED
sandro|smartrecruiters-whitelabel|EMPLOYER_DIRECT|7|148.8|338|51.1|42.6|1091|539|82||OK
la-casa-de-las-carcasas|teamtailor|EMPLOYER_DIRECT|7|51.1|241|5.6|42.8|16|666|79|t|OK
nike-nke2|workday|ATS_OFFICIAL|7|149.9|266|58.9|5.3|649|308|73|t|DEGRADED
swatch-group|swatchgroup|GROUP_OFFICIAL|6|117.4|236|34.3|28.3|550|320|71|f|DEGRADED
pandora-talenthub|generic-listing|EMPLOYER_DIRECT|7|896.7|1288|368.7|74.8|2075|931|70|f|OK
parfums-chanel|workday|ATS_OFFICIAL|7|516.6|1071|177.1|106.5|2426|1148|65|t|OK
puma|workday|EMPLOYER_DIRECT|7|251.3|621|99.8|56.5|1374|652|65|t|DEGRADED
hugo-boss-phenom|phenom|EMPLOYER_DIRECT|7|242.4|692|99.1|50.6|1287|683|63|f|OK
madewell|workday|ATS_OFFICIAL|7|133.7|252|58.2|24.8|735|349|62|t|OK
prada-group|successfactors|GROUP_OFFICIAL|7|92.0|261|30.5|20.8|547|234|62|t|OK
lacoste|digitalrecruiters|EMPLOYER_DIRECT|7|145.3|321|55.0|31.8|930|467|57|t|OK
kering|eightfold|EMPLOYER_DIRECT|7|1226.0|1264|432.9|220.8|2352|0|54|t|OK
lush|greenhouse|ATS_OFFICIAL|7|27.1|142|1.9|24.8|3|316|52|t|OK
deckers|workday|GROUP_OFFICIAL|7|204.6|341|79.3|30.6|877|417|45|t|OK
space-nk|teamtailor|EMPLOYER_DIRECT|7|20.7|57|1.4|17.4|6|161|45|t|OK
drunk-elephant-2|successfactors|GROUP_OFFICIAL|7|54.8|153|17.7|12.4|359|179|43|t|OK
richemont|workday|ATS_OFFICIAL|7|212.7|412|85.6|44.6|1034|494|43|t|DEGRADED
bash-talents|bashtalents|EMPLOYER_DIRECT|7|39.7|54|12.7|9.7|103|50|42||OK
kiabi|smartrecruiters-whitelabel|EMPLOYER_DIRECT|7|81.7|156|19.3|39.7|393|194|42||OK
vf-corporation|workday|GROUP_OFFICIAL|7|786.5|1247|378.3|67.5|2899|1381|41|t|DEGRADED
a-derma-4|workday|ATS_OFFICIAL|7|100.2|225|41.0|25.0|473|224|40|t|OK
pvh|phenom|GROUP_OFFICIAL|2|2228.8|2742|1377.7|256.8|3052|1481|37|t|OK
element-6|magnet|EMPLOYER_DIRECT|7|37.3|117|2.4|30.9|11|345|34||OK
brilliant-earth|greenhouse|ATS_OFFICIAL|7|11.4|39|0.5|9.6|3|84|33|t|OK
beiersdorf|generic-listing|GROUP_OFFICIAL|7|63.3|157|19.7|18.3|370|168|32|t|OK
rolex|successfactors|EMPLOYER_DIRECT|7|88.1|293|24.3|18.7|459|221|31|t|OK
arcteryx|lever|EMPLOYER_DIRECT|7|30.1|130|5.2|21.7|7|285|29|t|OK
jean-paul-gaultier-5|successfactors|GROUP_OFFICIAL|7|94.8|296|24.6|36.0|443|213|28|t|OK
reformation|greenhouse|ATS_OFFICIAL|7|12.1|70|0.6|10.6|3|130|28|t|OK
nocibe-eqwa|eqwa|EMPLOYER_DIRECT|7|82.7|202|24.9|26.3|539|267|26||OK
douglas-sf|successfactors|EMPLOYER_DIRECT|7|136.2|335|51.7|21.6|828|316|25|f|OK
escada-parfums-16|successfactors|GROUP_OFFICIAL|7|57.3|140|16.5|14.7|359|176|25|t|OK
galeries-lafayette|teamtailor|EMPLOYER_DIRECT|7|38.3|221|2.3|32.3|5|151|25|t|OK
courir|smartrecruiters-whitelabel|EMPLOYER_DIRECT|7|98.3|217|34.6|24.7|759|375|24||OK
pga-tour-superstore|workday|ATS_OFFICIAL|7|74.8|155|26.7|11.9|370|176|24|t|OK
apm-monaco|workable|ATS_OFFICIAL|7|81.9|240|24.7|27.2|35|152|23|t|OK
asos|smartrecruiters-whitelabel|EMPLOYER_DIRECT|7|21.3|46|6.6|6.8|129|63|23||OK
hans-anders|teamtailor|EMPLOYER_DIRECT|7|22.4|101|0.6|20.2|5|139|23|t|OK
marella|smartrecruiters-whitelabel|GROUP_OFFICIAL|7|53.4|117|17.9|14.9|389|194|23||OK
aroma-zone|teamtailor|EMPLOYER_DIRECT|7|25.6|83|1.3|21.7|6|221|22|t|OK
etam|teamtailor|EMPLOYER_DIRECT|7|25.0|96|2.1|20.0|7|245|22|t|OK
petit-bateau|smartrecruiters-whitelabel|EMPLOYER_DIRECT|7|19.8|46|4.7|3.6|93|45|21||OK
american-vintage-dr|digitalrecruiters|EMPLOYER_DIRECT|7|24.2|43|5.9|6.8|120|58|20|t|OK
burberry|successfactors|EMPLOYER_DIRECT|7|112.0|324|32.6|9.5|297|142|20|t|OK
chalhoub|teamtailor|GROUP_OFFICIAL|7|19.0|155|0.5|17.0|5|133|20|t|OK
dr-martens-tf|talentfunnel|EMPLOYER_DIRECT|7|63.8|122|18.2|24.1|393|196|19||OK
luxexperience|generic-listing|GROUP_OFFICIAL|7|28.4|44|6.6|7.4|113|49|19|t|OK
clarkson-eyecare|greenhouse|ATS_OFFICIAL|7|24.7|168|1.0|21.7|3|141|18|t|OK
adopt-parfums|flatchr|ATS_OFFICIAL|7|13.0|50|1.5|9.5|3|125|17|t|OK
aptar-beauty|successfactors|GROUP_OFFICIAL|7|95.9|253|25.6|24.3|444|218|17|t|OK
clarins|successfactors|EMPLOYER_DIRECT|7|35.4|87|11.5|7.8|204|92|17|t|DEGRADED
everything-but-water|workday|ATS_OFFICIAL|7|27.1|45|12.1|8.3|113|53|17|t|OK
jules|talentview|EMPLOYER_DIRECT|7|22.0|57|7.7|5.1|175|78|17|t|OK
singularu|teamtailor|EMPLOYER_DIRECT|7|6.2|16|0.3|4.2|4|39|17|t|OK
beauty-success-geodir|geodirectory|EMPLOYER_DIRECT|7|21.8|51|7.6|21.4|3|89|16||OK
mejuri|greenhouse|ATS_OFFICIAL|7|34.8|51|1.6|29.0|3|154|16|t|OK
salomon|smartrecruiters-whitelabel|EMPLOYER_DIRECT|7|28.4|74|11.7|10.5|169|83|16||OK
brown-thomas-taleo|taleo|ATS_OFFICIAL|7|34.7|100|11.0|9.6|236|80|15||OK
canada-goose|workday|ATS_OFFICIAL|7|35.5|73|12.5|6.0|220|104|15|t|DEGRADED
soeur|teamtailor|EMPLOYER_DIRECT|7|5.3|21|0.3|3.8|3|50|15|t|OK
valentino|successfactors|EMPLOYER_DIRECT|7|30.8|77|7.8|4.8|162|73|15|t|OK
armand-thiery-flatchr|flatchr|ATS_OFFICIAL|7|15.5|67|1.7|13.8|3|184|14|t|OK
eram-3|magnet|EMPLOYER_DIRECT|7|8.2|31|0.8|6.2|5|81|14||OK
figs|greenhouse|ATS_OFFICIAL|7|3.1|14|0.3|2.2|3|28|14|t|OK
maison-margiela|successfactors|GROUP_OFFICIAL|7|57.6|188|18.4|11.9|369|168|14|t|OK
marc-o-polo|generic-listing|EMPLOYER_DIRECT|5|7.2|14|2.2|0.9|53|15|14|f|DEGRADED
ms-mode|recruitee|ATS_OFFICIAL|7|8.6|24|0.3|7.2|4|55|14|t|OK
sezane|workable|ATS_OFFICIAL|7|46.1|79|17.3|8.7|27|118|14|t|OK
suitsupply|greenhouse|ATS_OFFICIAL|7|12.3|59|0.9|10.4|3|163|14|t|OK
therealreal|workday|ATS_OFFICIAL|7|60.9|146|21.0|11.2|241|114|14|t|DEGRADED
avolta|successfactors|GROUP_OFFICIAL|7|74.8|188|23.9|19.3|491|235|13|t|OK
conde-nast-france|workday|ATS_OFFICIAL|7|97.5|314|29.7|29.8|293|139|13|t|OK
dr-pierre-ricaud|successfactors|GROUP_OFFICIAL|7|30.1|74|10.6|10.8|155|70|13|t|OK
luxury-of-retail|digitalrecruiters|EMPLOYER_DIRECT|7|9.7|22|2.4|1.6|56|26|13|t|OK
oak-essentials|greenhouse|ATS_OFFICIAL|7|5.8|18|0.3|4.2|3|41|13|t|OK
boggi-milano|recruitee|ATS_OFFICIAL|7|10.5|40|0.6|8.7|3|102|12|t|OK
jeans-centre|recruitee|ATS_OFFICIAL|7|8.2|25|0.6|6.1|4|45|12|t|OK
kiko-milano|recruitee|ATS_OFFICIAL|7|5.3|15|0.6|3.7|3|39|12|t|OK
jojo-maman-bebe|teamtailor|EMPLOYER_DIRECT|7|3.2|8|0.2|1.4|3|22|11|t|OK
kult-olymp-hades|recruitee|ATS_OFFICIAL|7|7.7|30|0.7|5.7|5|81|11|t|OK
merkal|teamtailor|EMPLOYER_DIRECT|7|3.8|24|0.2|2.2|4|27|11|t|OK
ami-paris|recruitee|ATS_OFFICIAL|7|2.8|13|0.2|1.8|3|28|10|t|OK
browns-shoes|teamtailor|EMPLOYER_DIRECT|7|7.5|22|0.4|5.4|4|54|10|t|BROKEN
longchamp|talentsoft|EMPLOYER_DIRECT|7|9.4|23|2.8|2.8|41|36|10|t|OK
mecca|workday|ATS_OFFICIAL|7|63.8|125|23.4|11.7|351|166|10|t|DEGRADED
my-jewellery|recruitee|ATS_OFFICIAL|7|9.7|58|0.9|7.9|3|93|10|t|OK
new-balance|workday|ATS_OFFICIAL|7|45.8|83|19.3|8.2|207|98|10|t|OK
tiffany-oracle|oraclehcm|EMPLOYER_DIRECT|7|157.0|291|56.3|69.5|927|460|10||OK
akira|teamtailor|EMPLOYER_DIRECT|7|24.4|106|0.9|19.3|5|168|9|t|OK
blue-banana|teamtailor|EMPLOYER_DIRECT|7|1.7|7|0.1|1.0|3|11|9|t|OK
ephemera|teamtailor|EMPLOYER_DIRECT|7|4.1|14|0.2|2.8|4|38|9|t|OK
promod|talentview|EMPLOYER_DIRECT|7|20.8|31|4.9|8.3|95|41|9|t|OK
acne-studios-jobylon|jobylon|ATS_OFFICIAL|7|10.9|26|3.5|2.5|66|31|8||OK
aigle|digitalrecruiters|EMPLOYER_DIRECT|7|37.2|87|10.7|7.8|248|121|8|t|OK
diptyque-workday|workday|ATS_OFFICIAL|6|56.5|133|20.2|13.0|393|186|8|t|ERROR
eric-bompard|smartrecruiters-whitelabel|EMPLOYER_DIRECT|7|26.8|60|7.7|5.9|165|81|8||OK
gymshark|greenhouse|ATS_OFFICIAL|7|3.7|11|0.3|2.2|3|26|8|t|OK
knitwell-us-corporate|workday|GROUP_OFFICIAL|7|51.8|78|18.1|8.5|211|100|8|t|OK
molton-brown|greenhouse|ATS_OFFICIAL|7|6.5|20|0.5|1.3|3|20|8|t|OK
monica-vinader|teamtailor|EMPLOYER_DIRECT|7|5.2|18|0.3|3.7|3|37|8|t|OK
uniqlo-stores|workday|ATS_OFFICIAL|7|32.6|73|13.1|7.8|226|107|8|t|DEGRADED
aritzia|workday|ATS_OFFICIAL|7|240.8|654|115.8|47.1|1112|536|7|t|DEGRADED
blackstore|jobaffinity-wordpress|ATS_OFFICIAL|7|31.4|57|8.8|5.5|194|56|7|t|DEGRADED
browns|lever|ATS_OFFICIAL|7|7.3|22|0.7|4.3|3|43|7|t|OK
b-s-international|smartrecruiters-whitelabel|EMPLOYER_DIRECT|7|16.6|31|5.2|0.3|121|59|7||OK
jd-sports|greenhouse|ATS_OFFICIAL|7|18.0|84|1.0|16.7|3|209|7|t|OK
katie-loxton|teamtailor|EMPLOYER_DIRECT|7|4.5|11|0.1|2.6|3|24|7|t|OK
lindex-easycruit|easycruit|ATS_OFFICIAL|2|52.5|76|15.3|14.7|149|37|7|t|OK
medik8|teamtailor|EMPLOYER_DIRECT|7|1.7|7|0.1|0.9|3|11|7|t|OK
nars|radancy|GROUP_OFFICIAL|7|17.4|52|4.8|6.5|89|43|7|t|OK
psycho-bunny|generic-listing|EMPLOYER_DIRECT|7|1054.6|1122|655.6|14.9|309|150|7|t|OK
saltrock-harri|harri|ATS_OFFICIAL|7|10.9|24|4.0|2.7|69|31|7|t|OK
skin-laundry|greenhouse|ATS_OFFICIAL|7|7.9|21|0.6|5.0|3|47|7|t|OK
audemars-piguet|smartrecruiters-whitelabel|EMPLOYER_DIRECT|7|33.8|55|11.0|8.8|169|83|6||OK
burnt|teamtailor|EMPLOYER_DIRECT|7|1.2|5|0.1|0.4|3|7|6|t|OK
capri-jimmy-choo|workday|ATS_OFFICIAL|7|28.4|52|9.7|6.9|99|46|6|t|OK
fenwick-volcanic|volcanic|EMPLOYER_DIRECT|7|38.0|74|9.6|4.4|99|46|6||OK
globus|generic-listing|EMPLOYER_DIRECT|7|8.9|19|2.6|1.8|57|26|6|t|OK
loccitane-fr|teamtailor|EMPLOYER_DIRECT|7|2.0|8|0.1|1.3|3|17|6|t|OK
mulberry|lever|ATS_OFFICIAL|7|6.7|25|0.5|3.0|3|44|6|t|OK
pepco|personio|ATS_OFFICIAL|7|24.9|56|8.7|5.3|119|58|6|t|OK
quince|greenhouse|ATS_OFFICIAL|7|15.3|56|2.1|12.5|3|132|6|t|OK
ssense|teamtailor|EMPLOYER_DIRECT|7|5.2|13|0.1|2.9|3|27|6|t|OK
uniqlo-us-retail|workday|GROUP_OFFICIAL|7|125.4|258|45.4|25.3|711|343|6|t|OK
ackermans|teamtailor|EMPLOYER_DIRECT|7|1.0|3|0.1|0.4|3|4|5|t|OK
aeropostale|icims|EMPLOYER_DIRECT|7|14.5|26|6.2|1.2|37|17|5|t|OK
boardriders|successfactors|EMPLOYER_DIRECT|7|17.9|43|5.5|5.9|95|44|5|t|OK
bzb|teamtailor|EMPLOYER_DIRECT|7|2.0|7|0.1|1.1|4|18|5|t|OK
club-l-london|teamtailor|EMPLOYER_DIRECT|7|2.6|8|0.1|1.5|3|23|5|t|OK
everlane|greenhouse|ATS_OFFICIAL|7|4.6|28|0.4|2.6|3|39|5|t|OK
faguo|teamtailor|EMPLOYER_DIRECT|7|1.4|5|0.1|0.6|3|7|5|t|OK
gant|digitalrecruiters|EMPLOYER_DIRECT|7|35.3|75|11.1|7.1|232|113|5|t|OK
georges|teamtailor|EMPLOYER_DIRECT|7|2.7|6|0.2|1.1|4|12|5|t|OK
lager-157|teamtailor|EMPLOYER_DIRECT|7|5.2|16|0.2|4.2|3|38|5|t|OK
la-prairie|successfactors|EMPLOYER_DIRECT|7|10.6|26|3.2|2.4|64|30|5|t|OK
maison-123|teamtailor|EMPLOYER_DIRECT|7|7.5|25|0.7|4.9|3|57|5|t|OK
movado|workday|ATS_OFFICIAL|7|81.5|210|23.7|29.3|271|128|5|t|DEGRADED
nutrire|teamtailor|EMPLOYER_DIRECT|7|5.4|33|0.2|4.1|3|49|5|t|OK
polene|ashby|ATS_OFFICIAL|7|7.1|37|0.3|5.8|3|84|5|t|OK
profil-optik|teamtailor|EMPLOYER_DIRECT|7|3.8|11|0.2|2.4|4|33|5|t|OK
sisley|smartrecruiters-whitelabel|EMPLOYER_DIRECT|7|19.4|39|4.9|3.2|81|39|5||OK
the-kooples|digitalrecruiters|EMPLOYER_DIRECT|7|23.1|43|6.8|4.7|136|66|5|t|OK
vivienne-westwood|teamtailor|EMPLOYER_DIRECT|7|1.4|5|0.1|0.6|3|9|5|t|OK
wehkamp|smartrecruiters-whitelabel|EMPLOYER_DIRECT|7|2.5|6|0.9|0.5|18|8|5||OK
brunello-cucinelli|workday|ATS_OFFICIAL|7|26.1|39|7.9|3.4|99|46|4|t|DEGRADED
castore|teamtailor|EMPLOYER_DIRECT|7|3.9|11|0.1|1.8|3|25|4|t|OK
catbird|lever|ATS_OFFICIAL|7|4.5|27|0.4|2.1|3|21|4|t|OK
caudalie|generic-listing|EMPLOYER_DIRECT|7|26.7|55|9.3|4.3|97|47|4|t|OK
celio|teamtailor|EMPLOYER_DIRECT|7|1.9|6|0.2|1.1|3|14|4|t|OK
decjuba|successfactors|EMPLOYER_DIRECT|7|81.7|130|27.6|15.6|341|162|4|t|OK
dolce-gabbana|successfactors|EMPLOYER_DIRECT|7|30.7|69|9.8|6.3|211|100|4|t|OK
gemmyo|generic-listing|EMPLOYER_DIRECT|7|5.4|9|2.2|0.4|15|5|4|f|OK
glitter|teamtailor|EMPLOYER_DIRECT|7|4.0|13|0.2|1.8|4|27|4|t|OK
gorjana|greenhouse|ATS_OFFICIAL|7|14.7|74|0.7|13.2|3|167|4|t|OK
groupe-chantelle|talentsoft|EMPLOYER_DIRECT|6|13.7|29|4.8|2.9|79|34|4|t|OK
intersport|teamtailor|EMPLOYER_DIRECT|7|1.2|4|0.1|0.3|4|4|4|t|OK
kastner-ohler|generic-listing|EMPLOYER_DIRECT|7|5.8|13|1.7|0.8|38|12|4|f|DEGRADED
l-occitane-en-provence-2|successfactors|EMPLOYER_DIRECT|7|10.5|27|3.2|2.3|71|32|4|t|OK
lucy-yak|teamtailor|EMPLOYER_DIRECT|7|1.0|3|0.1|0.4|4|3|4|t|OK
pegador|personio|ATS_OFFICIAL|7|4.6|10|1.3|1.0|23|10|4|t|OK
printful|teamtailor|EMPLOYER_DIRECT|7|1.8|5|0.1|0.7|3|9|4|t|OK
selfridges|generic-listing|EMPLOYER_DIRECT|7|32.0|64|9.6|4.9|142|63|4|t|OK
siebel-juweliers|recruitee|ATS_OFFICIAL|7|2.8|9|0.3|1.7|4|21|4|t|OK
silbon|teamtailor|EMPLOYER_DIRECT|7|10.3|34|0.4|8.5|4|77|4|t|OK
vlisco|teamtailor|EMPLOYER_DIRECT|7|1.5|5|0.1|0.6|4|8|4|t|OK
blueland|lever|ATS_OFFICIAL|7|1.7|4|0.2|0.3|3|3|3|t|OK
bravissimo|teamtailor|EMPLOYER_DIRECT|7|2.2|6|0.1|1.3|3|13|3|t|OK
breitling-sf|successfactors|EMPLOYER_DIRECT|7|26.7|53|6.8|7.5|109|43|3|t|OK
buck-mason|lever|ATS_OFFICIAL|7|34.3|116|4.2|19.5|7|244|3|t|OK
fred-perry|teamtailor|EMPLOYER_DIRECT|7|1.9|6|0.1|1.0|3|16|3|t|OK
groupe-printemps|talentsoft|EMPLOYER_DIRECT|7|28.4|66|10.2|13.5|181|99|3|t|OK
hoff|teamtailor|EMPLOYER_DIRECT|7|1.8|5|0.1|1.2|3|8|3|t|OK
ilia|greenhouse|ATS_OFFICIAL|7|1.8|22|0.2|0.9|3|12|3|t|OK
kicks|teamtailor|EMPLOYER_DIRECT|7|2.2|5|0.1|0.8|3|14|3|t|OK
la-fee-maraboutee|teamtailor|ATS_OFFICIAL|7|3.1|8|0.2|1.6|3|20|3|t|OK
little-words-project|greenhouse|ATS_OFFICIAL|7|1.7|6|0.2|1.1|3|16|3|t|OK
magasin-du-nord|teamtailor|EMPLOYER_DIRECT|7|3.3|14|0.6|1.9|4|32|3|t|OK
multiopticas|teamtailor|EMPLOYER_DIRECT|7|9.3|38|0.3|7.4|4|87|3|t|OK
naos|successfactors|EMPLOYER_DIRECT|7|9.3|19|2.7|2.2|59|27|3|t|OK
parachute|greenhouse|ATS_OFFICIAL|7|1.7|6|0.2|1.0|3|12|3|t|OK
riu-paris|flatchr|ATS_OFFICIAL|7|4.1|9|0.5|1.3|3|20|3|t|OK
shein|greenhouse|ATS_OFFICIAL|7|2.3|14|0.3|1.5|3|18|3|t|OK
tekla|greenhouse|ATS_OFFICIAL|7|0.9|4|0.2|0.3|3|5|3|t|OK
thomas-sabo|personio|ATS_OFFICIAL|7|18.1|40|4.6|3.9|77|37|3|t|OK
toteme|teamtailor|EMPLOYER_DIRECT|7|2.4|9|0.2|1.5|3|23|3|t|OK
undiz|teamtailor|EMPLOYER_DIRECT|7|10.9|19|0.3|5.0|4|49|3|t|OK
uniqlo-headquarters|workday|ATS_OFFICIAL|7|5.9|11|2.1|1.1|35|16|3|t|OK
veronica-beard|greenhouse|ATS_OFFICIAL|7|11.8|42|0.5|9.4|3|67|3|t|OK
asics|smartrecruiters-whitelabel|EMPLOYER_DIRECT|7|28.8|40|11.7|2.8|75|36|2||OK
baccarat|talentview|EMPLOYER_DIRECT|7|5.0|10|1.7|1.0|40|16|2|t|OK
bonsoirs|wttj|EMPLOYER_DIRECT|7|1.3|6|0.4|0.3|8|3|2||OK
brothers|teamtailor|EMPLOYER_DIRECT|7|2.1|5|0.1|0.9|4|12|2|t|OK
bubble|greenhouse|ATS_OFFICIAL|7|2.1|16|0.2|0.4|3|6|2|t|OK
closed|personio|ATS_OFFICIAL|7|3.8|9|1.2|0.8|23|10|2|t|OK
dune-london|teamtailor|EMPLOYER_DIRECT|7|1.9|6|0.1|1.3|3|20|2|t|OK
fitflop|teamtailor|EMPLOYER_DIRECT|7|2.1|6|0.1|0.9|3|11|2|t|OK
funky-buddha|smartrecruiters-whitelabel|EMPLOYER_DIRECT|7|7.7|13|2.2|1.6|52|25|2||OK
glossier|greenhouse|ATS_OFFICIAL|7|3.3|20|0.4|2.3|3|28|2|t|OK
goyard-successfactors|successfactors|EMPLOYER_DIRECT|7|10.8|20|4.5|1.4|65|20|2|t|OK
horace|teamtailor|EMPLOYER_DIRECT|7|3.0|14|0.2|1.8|3|24|2|t|OK
la-redoute-talentview|talentview|ATS_OFFICIAL|7|2.3|6|0.8|0.4|18|6|2|t|OK
la-senza|greenhouse|ATS_OFFICIAL|7|6.3|25|0.5|4.6|3|60|2|t|OK
laverana-gmbh-co-kg|personio|ATS_OFFICIAL|7|7.5|16|2.7|1.7|43|20|2|t|OK
lounge|teamtailor|EMPLOYER_DIRECT|7|1.4|4|0.1|0.8|3|12|2|t|OK
luhta|teamtailor|EMPLOYER_DIRECT|7|1.2|4|0.1|0.3|4|3|2|t|OK
madhappy|lever|ATS_OFFICIAL|7|3.8|26|0.4|1.2|3|17|2|t|OK
motel|teamtailor|EMPLOYER_DIRECT|7|1.0|2|0.1|0.2|3|3|2|t|OK
mq-marqet|teamtailor|EMPLOYER_DIRECT|7|1.1|4|0.1|0.5|3|7|2|t|OK
nude-project|teamtailor|EMPLOYER_DIRECT|7|1.8|8|0.1|1.0|4|13|2|t|OK
oh-my-cream|teamtailor|EMPLOYER_DIRECT|7|3.4|11|0.2|1.9|3|24|2|t|OK
on-running|greenhouse|ATS_OFFICIAL|7|23.8|94|1.3|18.6|3|244|2|t|DEGRADED
orchestra|teamtailor|ATS_OFFICIAL|7|6.8|30|0.3|5.0|3|82|2|t|OK
ounass|teamtailor|EMPLOYER_DIRECT|7|3.3|15|0.1|2.7|3|31|2|t|OK
peak-performance|teamtailor|EMPLOYER_DIRECT|7|2.4|6|0.2|1.3|3|16|2|t|OK
rebag|greenhouse|ATS_OFFICIAL|7|1.9|6|0.3|1.0|3|15|2|t|OK
stella-mccartney|workday|ATS_OFFICIAL|7|14.8|29|5.3|2.1|67|31|2|t|OK
uniqlo-vn-headquarters|workday|GROUP_OFFICIAL|7|4.6|8|2.0|0.7|25|11|2|t|OK
vivobarefoot|teamtailor|EMPLOYER_DIRECT|7|1.7|6|0.2|0.8|4|14|2|t|OK
yaya|recruitee|ATS_OFFICIAL|7|2.6|8|0.2|1.4|4|22|2|t|OK
yse-paris|teamtailor|ATS_OFFICIAL|7|3.7|14|0.3|2.0|3|28|2|t|OK
zegna-altamira|altamira|EMPLOYER_DIRECT|2|65.2|79|19.1|15.6|149|66|2||OK
aeyde|personio|ATS_OFFICIAL|7|4.1|14|0.9|1.4|17|7|1|t|OK
aime-leon-dore|greenhouse|ATS_OFFICIAL|7|1.4|7|0.2|0.8|3|12|1|t|OK
alpha-industries|personio|ATS_OFFICIAL|7|1.6|4|0.4|0.3|7|2|1|t|OK
amiri|lever|ATS_OFFICIAL|7|5.5|15|0.6|3.0|3|36|1|t|OK
balmain|talentsoft|EMPLOYER_DIRECT|7|5.3|10|1.6|1.4|9|19|1|t|OK
cabaia|teamtailor|EMPLOYER_DIRECT|7|1.6|6|0.1|0.7|3|10|1|t|OK
camper|teamtailor|EMPLOYER_DIRECT|7|6.0|20|0.2|4.8|3|47|1|t|OK
dolls-kill|lever|ATS_OFFICIAL|7|3.0|10|0.4|1.0|3|13|1|t|OK
eurofragrance|teamtailor|EMPLOYER_DIRECT|7|3.4|16|0.2|2.3|3|37|1|t|OK
frank-darling|teamtailor|EMPLOYER_DIRECT|7|3.3|8|0.1|1.2|3|19|1|t|OK
g-label-by-goop|greenhouse|ATS_OFFICIAL|7|1.3|5|0.2|0.5|3|7|1|t|OK
good-american|lever|ATS_OFFICIAL|7|3.8|9|0.4|0.9|3|15|1|t|OK
got-bag|personio|ATS_OFFICIAL|7|1.9|5|0.5|0.3|9|3|1|t|OK
herschel-supply-co|greenhouse|ATS_OFFICIAL|7|2.2|5|0.4|0.9|3|10|1|t|OK
honey-birdette|teamtailor|EMPLOYER_DIRECT|7|9.2|38|0.4|7.3|4|69|1|t|OK
jewells|teamtailor|EMPLOYER_DIRECT|7|1.4|5|0.1|0.4|4|6|1|t|OK
j-lindeberg|teamtailor|EMPLOYER_DIRECT|7|1.9|7|0.1|0.8|4|13|1|t|OK
john-henric|teamtailor|EMPLOYER_DIRECT|7|1.5|5|0.1|0.7|4|10|1|t|OK
julie-grace|personio|ATS_OFFICIAL|7|2.2|4|0.6|0.4|11|4|1|t|OK
killstar|teamtailor|EMPLOYER_DIRECT|7|1.1|3|0.1|0.2|4|3|1|t|OK
knitwell-us-distribution|workday|GROUP_OFFICIAL|7|8.4|14|2.9|1.2|33|15|1|t|OK
lancel|generic-listing|ATS_OFFICIAL|4|14.5|22|4.1|5.0|67|32|1|t|OK
levis|workday|ATS_OFFICIAL|7|578.7|813|254.1|0.2|2670|1266|1|t|DEGRADED
madame-figaro|wttj|SPECIALIST_JOBBOARD|7|5.4|10|1.5|1.9|33|14|1||OK
mr-marvis|teamtailor|EMPLOYER_DIRECT|7|4.1|15|0.2|2.2|4|33|1|t|OK
naturkompaniet|teamtailor|EMPLOYER_DIRECT|7|1.3|3|0.1|0.3|4|4|1|t|OK
nutrafol|greenhouse|ATS_OFFICIAL|7|1.6|4|0.2|0.7|3|11|1|t|OK
patek-philippe|successfactors|EMPLOYER_DIRECT|7|4.2|9|1.4|0.9|30|14|1|t|OK
saffron|teamtailor|EMPLOYER_DIRECT|7|1.0|2|0.1|0.2|4|2|1|t|OK
shinola-retail|greenhouse|ATS_OFFICIAL|7|1.9|9|0.2|1.1|3|11|1|t|OK
showroomprive|teamtailor|EMPLOYER_DIRECT|7|3.1|9|0.2|2.3|3|28|1|t|OK
thirdlove|greenhouse|ATS_OFFICIAL|7|2.4|9|0.3|1.5|3|22|1|t|OK
tiger-of-sweden|teamtailor|EMPLOYER_DIRECT|7|1.3|4|0.1|0.4|4|6|1|t|OK
tropicfeel|teamtailor|EMPLOYER_DIRECT|7|0.9|2|0.1|0.1|4|1|1|t|OK
uniqlo-graduates|workday|ATS_OFFICIAL|7|5.0|9|1.6|0.8|25|11|1|t|OK
585-gold|smartrecruiters-whitelabel|EMPLOYER_DIRECT|7|1.6|4|0.5|0.2|9|3|0||OK
abercrombie|smartrecruiters-whitelabel|ATS_OFFICIAL|7|3.1|9|0.9|0.8|19|8|0||OK
aim-n|teamtailor|EMPLOYER_DIRECT|7|0.9|2|0.1|0.3|3|4|0|t|OK
alberto|generic-listing|EMPLOYER_DIRECT|7|15.1|22|6.5|0.2|163|4|0|t|OK
annoushka|teamtailor|EMPLOYER_DIRECT|7|0.8|3|0.1|0.2|3|3|0|t|OK
apivita|workable|ATS_OFFICIAL|7|6.3|11|2.7|0.6|6|10|0|t|OK
asket|teamtailor|EMPLOYER_DIRECT|7|1.1|3|0.1|0.2|4|1|0|t|OK
attaquer|generic-listing|EMPLOYER_DIRECT|7|5.2|10|1.7|0.2|17|3|0|f|DEGRADED
axel-arigato|teamtailor|EMPLOYER_DIRECT|7|1.4|4|0.1|0.5|4|6|0|t|OK
ballantynes|smartrecruiters-whitelabel|EMPLOYER_DIRECT|7|2.6|7|0.9|0.5|19|8|0||OK
baron|smartrecruiters-whitelabel|EMPLOYER_DIRECT|7|2.1|4|0.7|0.4|13|5|0||OK
bellabeat|smartrecruiters-whitelabel|EMPLOYER_DIRECT|7|1.0|3|0.3|0.1|5|1|0||OK
bella-canvas|greenhouse|ATS_OFFICIAL|7|1.1|7|0.2|0.2|3|2|0|t|OK
bellroy|greenhouse|ATS_OFFICIAL|7|1.4|6|0.2|0.7|3|11|0|t|OK
belstaff|teamtailor|EMPLOYER_DIRECT|7|4.5|19|0.3|3.2|4|39|0|t|OK
bernadette|greenhouse|ATS_OFFICIAL|7|2.1|7|0.2||3|0|0|t|OK
bespoke-post|lever|ATS_OFFICIAL|7|1.9|6|0.3|0.2|3|3|0|t|OK
bevilles-jewellers|generic-listing|EMPLOYER_DIRECT|7|15.7|29|6.7|1.4|49|23|0|t|OK
blacks|greenhouse|ATS_OFFICIAL|7|0.9|8|0.2|0.1|3|1|0|t|OK
bloom|smartrecruiters-whitelabel|EMPLOYER_DIRECT|7|1.5|3|0.4|0.2|7|2|0||OK
bombas|greenhouse|ATS_OFFICIAL|7|1.6|9|0.2|0.8|3|12|0|t|OK
buff|teamtailor|EMPLOYER_DIRECT|7|0.7|3|0.1|0.2|3|4|0|t|OK
cambio|teamtailor|EMPLOYER_DIRECT|7|1.2|5|0.1|0.5|3|7|0|t|OK
chico-s|workday|ATS_OFFICIAL|7|8.4|14|2.8|1.7|31|14|0|t|OK
chisholm-hunter|smartrecruiters-whitelabel|EMPLOYER_DIRECT|7|1.1|3|0.3|0.1|5|1|0||OK
chrome|greenhouse|ATS_OFFICIAL|7|2.1|10|0.2||3|0|0|t|OK
city-beauty|greenhouse|ATS_OFFICIAL|7|0.8|2|0.2|0.1|3|1|0|t|OK
claires-workday|workday|EMPLOYER_DIRECT|7|6.9|25|2.1|1.0|27|12|0|t|OK
club-monaco|greenhouse|ATS_OFFICIAL|7|2.8|11|0.2|1.3|3|23|0|t|OK
cove|teamtailor|EMPLOYER_DIRECT|7|1.6|2|0.1||4|0|0|t|OK
cuyana|greenhouse|ATS_OFFICIAL|7|0.8|3|0.2||3|0|0|t|OK
cynthia-rowley|smartrecruiters-whitelabel|EMPLOYER_DIRECT|7|1.0|3|0.3|0.1|5|1|0||OK
damart|teamtailor|EMPLOYER_DIRECT|7|1.0|4|0.1|0.3|3|3|0|t|OK
damiani|successfactors|EMPLOYER_DIRECT|7|9.7|26|3.0|2.1|62|29|0|t|OK
dfs|successfactors|EMPLOYER_DIRECT|7|5.5|9|1.3|0.3|11|4|0|t|OK
eastpak|smartrecruiters-whitelabel|EMPLOYER_DIRECT|7|1.9|5|0.6|0.2|11|4|0||OK
el-palacio-de-hierro|successfactors|EMPLOYER_DIRECT|7|6.1|8|1.6|0.3|11|4|0|t|OK
end-clothing|generic-listing|EMPLOYER_DIRECT|7|11.6|20|3.5|2.1|46|20|0|t|OK
essilorluxottica|smartrecruiters-whitelabel|EMPLOYER_DIRECT|7|2.4|6|0.8|0.4|17|7|0||OK
fast-retailing-id-headquarters|workday|GROUP_OFFICIAL|7|2.7|8|0.9|0.4|14|6|0|t|OK
fast-retailing-ph-headquarters|workday|GROUP_OFFICIAL|7|2.0|4|0.8|0.2|9|3|0|t|OK
ferrari|successfactors|EMPLOYER_DIRECT|7|4.7|8|1.6|0.9|25|11|0|t|OK
filson|greenhouse|ATS_OFFICIAL|7|1.2|3|0.2|0.4|3|6|0|t|OK
fjallraven|teamtailor|EMPLOYER_DIRECT|7|0.6|1|0.1||3|0|0|t|OK
ganni-talentrecruiter|talentrecruiter|ATS_OFFICIAL|6|8.3|15|2.9|1.5|45|21|0|t|OK
go-outdoors|greenhouse|ATS_OFFICIAL|7|1.1|2|0.2|0.2|3|4|0|t|OK
groundies|personio|ATS_OFFICIAL|7|1.4|6|0.4|0.1|5|1|0|t|OK
gu-hk-headquarters|workday|GROUP_OFFICIAL|7|1.8|4|0.6|0.1|7|2|0|t|OK
gu-us-headquarters|workday|GROUP_OFFICIAL|7|2.5|4|0.6|0.2|7|2|0|t|OK
gu-us-retail|workday|GROUP_OFFICIAL|7|3.0|7|1.0|0.4|15|6|0|t|OK
hanna-andersson|lever|ATS_OFFICIAL|7|2.4|5|0.2|0.4|3|5|0|t|OK
happy-socks|teamtailor|EMPLOYER_DIRECT|7|1.1|3|0.1|0.3|4|2|0|t|OK
hot-topic|lever|ATS_OFFICIAL|7|3.3|8|0.5|2.8|3|20|0|t|OK
indiska|teamtailor|EMPLOYER_DIRECT|7|0.6|2|0.1|0.2|3|3|0|t|OK
innisfree|smartrecruiters-whitelabel|EMPLOYER_DIRECT|7|0.9|7|0.3|0.1|5|1|0||OK
iris-van-herpen|recruitee|ATS_OFFICIAL|7|1.0|6|0.1|0.5|3|7|0|t|OK
it-s-fashion|smartrecruiters-whitelabel|EMPLOYER_DIRECT|7|1.0|6|0.4|0.1|5|1|0||OK
jansport|workday|ATS_OFFICIAL|7|5.7|9|1.9|0.2|17|7|0|t|DEGRADED
joe-fresh|smartrecruiters-whitelabel|EMPLOYER_DIRECT|7|1.5|3|0.5|0.2|9|3|0||OK
jonsson-workwear|greenhouse|ATS_OFFICIAL|7|3.6|30|0.3|2.3|3|27|0|t|OK
kapten-son|recruitee|ATS_OFFICIAL|7|3.0|13|0.2|1.9|4|22|0|t|OK
karla-otto|teamtailor|EMPLOYER_DIRECT|7|1.4|4|0.1|0.8|3|9|0|t|OK
kate-mcleod|greenhouse|ATS_OFFICIAL|7|1.0|2|0.2|0.3|3|4|0|t|OK
kidzart|smartrecruiters-whitelabel|EMPLOYER_DIRECT|7|1.1|7|0.3|0.1|5|1|0||OK
klattermusen|teamtailor|EMPLOYER_DIRECT|7|0.8|4|0.1|0.1|3|1|0|t|OK
lagardere-duty-free|talentsoft|GROUP_OFFICIAL|7|1.9|7|0.5|2.0|5|9|0|t|OK
lagardere-travel-retail|talentsoft|EMPLOYER_DIRECT|7|26.0|59|10.3|17.6|203|109|0|t|OK
lagardere-travel-retail-de|talentsoft|EMPLOYER_DIRECT|7|2.8|5|0.5|2.0|5|10|0|t|OK
lavish-alice|teamtailor|EMPLOYER_DIRECT|7|1.0|3|0.1|0.2|3|2|0|t|OK
lensa|teamtailor|EMPLOYER_DIRECT|7|1.2|3|0.1|0.2|4|3|0|t|OK
lerros|personio|ATS_OFFICIAL|7|1.1|3|0.3|0.1|5|1|0|t|OK
lexington|teamtailor|EMPLOYER_DIRECT|7|0.6|2|0.1|0.1|3|1|0|t|OK
loplabbet|teamtailor|EMPLOYER_DIRECT|7|0.9|2|0.1||4|0|0|t|OK
l-oreal-professionnel|avature|EMPLOYER_DIRECT|7|673.0|1176|||1808|0|0||BROKEN
lovable|greenhouse|ATS_OFFICIAL|7|7.4|45|0.8|6.5|3|61|0|t|OK
lumentee|generic-listing|EMPLOYER_DIRECT|7|6.2|10|2.3|0.3|13|5|0|f|DEGRADED
margaret-howell|teamtailor|EMPLOYER_DIRECT|7|0.5|2|0.1|0.1|3|0|0|t|OK
mascot-workwear|successfactors|EMPLOYER_DIRECT|7|16.6|33|5.0|4.2|97|45|0|t|OK
merz-b-schwanen|personio|ATS_OFFICIAL|7|1.8|6|0.4|0.2|7|2|0|t|OK
mvmt|smartrecruiters-whitelabel|EMPLOYER_DIRECT|7|0.9|2|0.3|0.1|5|1|0||OK
nikin|recruitee|ATS_OFFICIAL|7|0.9|2|0.1|0.3|3|2|0|t|OK
nudie-jeans|teamtailor|EMPLOYER_DIRECT|7|0.8|2|0.1|0.3|3|3|0|t|OK
nyx-professional-makeup|teamtailor|EMPLOYER_DIRECT|7|2.1|7|0.1|1.5|3|15|0|t|OK
oh-polly|teamtailor|EMPLOYER_DIRECT|7|2.3|6|0.2|1.0|4|16|0|t|OK
olaplex|greenhouse|ATS_OFFICIAL|7|1.7|8|0.2|0.8|3|8|0|t|OK
orlebar-brown|teamtailor|EMPLOYER_DIRECT|7|2.5|8|0.2|1.7|3|21|0|t|OK
ortovox|personio|ATS_OFFICIAL|7|1.1|2|0.3|0.1|5|1|0|t|OK
oska|generic-listing|EMPLOYER_DIRECT|7|14.4|29|3.0|1.9|63|30|0|t|OK
parco|smartrecruiters-whitelabel|EMPLOYER_DIRECT|7|1.0|2|0.3|0.1|5|1|0||OK
passage-du-desir|teamtailor|EMPLOYER_DIRECT|7|2.0|5|0.2|0.6|3|11|0|t|OK
peacocks|smartrecruiters-whitelabel|EMPLOYER_DIRECT|7|7.3|18|2.4|1.6|53|25|0||OK
petrol-industries|teamtailor|EMPLOYER_DIRECT|7|1.1|4|0.1|0.4|3|5|0|t|OK
picard|generic-listing|ATS_OFFICIAL|7|1.2|4|0.2|0.4|3|6|0|f|DEGRADED
point-zero|smartrecruiters-whitelabel|EMPLOYER_DIRECT|7|1.1|2|0.3|0.1|5|1|0||OK
prisma-media|teamtailor|EMPLOYER_DIRECT|7|1.1|5|0.1|0.6|3|9|0|t|OK
profuomo|recruitee|ATS_OFFICIAL|7|1.6|4|0.1|0.7|4|7|0|t|OK
pronovias|teamtailor|EMPLOYER_DIRECT|7|2.5|11|0.1|1.5|3|24|0|t|OK
realself|lever|ATS_OFFICIAL|7|2.6|7|0.2|0.2|3|2|0|t|OK
rivoli-typesense|typesense|EMPLOYER_DIRECT|7|18.8|45|7.3|10.1|78|46|0||OK
sabon|teamtailor|EMPLOYER_DIRECT|7|0.9|3|0.1|0.1|3|2|0|t|OK
sacoor-brothers|smartrecruiters-whitelabel|EMPLOYER_DIRECT|7|1.0|3|0.3|0.1|5|1|0||OK
shinola|greenhouse|ATS_OFFICIAL|7|1.5|8|0.2|0.7|3|12|0|t|OK
spinelli-kilcollin|greenhouse|ATS_OFFICIAL|7|2.0|22|0.2|0.2|3|3|0|t|OK
stanley-stella|personio|ATS_OFFICIAL|7|4.6|10|1.4|0.9|23|10|0|t|OK
state-of-art|recruitee|ATS_OFFICIAL|7|3.8|14|0.2|2.8|4|32|0|t|OK
subset|teamtailor|EMPLOYER_DIRECT|7|1.3|3|0.1|0.3|4|4|0|t|OK
supergoop|greenhouse|ATS_OFFICIAL|7|1.3|5|0.2|0.6|3|9|0|t|OK
taylor-stitch|smartrecruiters-whitelabel|EMPLOYER_DIRECT|7|1.2|3|0.4|0.1|7|2|0||OK
theory-eu|workday|GROUP_OFFICIAL|7|6.7|12|2.1|1.5|39|18|0|t|OK
theory-us-retail|workday|GROUP_OFFICIAL|7|3.0|6|1.1|0.4|15|6|0|t|OK
tods|successfactors|GROUP_OFFICIAL|7|5.4|10|1.5|1.0|35|16|0|t|OK
tom-wood|teamtailor|EMPLOYER_DIRECT|7|1.6|3|0.1|0.2|4|3|0|t|OK
toscane|flatchr|ATS_OFFICIAL|7|3.2|9|0.6|1.3|3|22|0|t|OK
trussardi|teamtailor|EMPLOYER_DIRECT|7|1.9|7|0.1|0.8|4|15|0|t|OK
typology|teamtailor|EMPLOYER_DIRECT|7|1.6|6|0.1|0.6|3|6|0|t|OK
uniqlo-au-graduates|workday|GROUP_OFFICIAL|7|2.0|4|0.7|0.2|7|2|0|t|OK
uniqlo-au-stores|workday|GROUP_OFFICIAL|7|30.3|76|10.1|12.0|150|71|0|t|OK
uniqlo-hkm-headquarters|workday|GROUP_OFFICIAL|7|3.3|6|1.2|0.3|19|8|0|t|DEGRADED
uniqlo-my-headquarters|workday|GROUP_OFFICIAL|7|2.5|5|0.9|0.3|13|5|0|t|OK
uniqlo-th-headquarters|workday|GROUP_OFFICIAL|7|1.8|4|0.7|0.1|7|2|0|t|OK
uniqlo-us-headquarters|workday|GROUP_OFFICIAL|7|4.3|8|1.5|0.5|21|9|0|t|OK
united-colors-of-benetton|smartrecruiters-whitelabel|EMPLOYER_DIRECT|7|1.2|2|0.5|0.1|5|1|0||OK
velvet-canyon|smartrecruiters-whitelabel|EMPLOYER_DIRECT|7|1.2|2|0.3|0.1|5|1|0||OK
vestiaire-collective|lever|ATS_OFFICIAL|7|2.7|5|0.4|0.6|3|7|0|t|OK
visionlab|smartrecruiters-whitelabel|EMPLOYER_DIRECT|7|1.7|2|0.4|0.1|5|1|0||OK
yema|smartrecruiters-whitelabel|EMPLOYER_DIRECT|7|2.1|5|0.7|0.4|15|6|0||OK
(412 rows)
M2 par source, collecte d offres du dernier RUN : requêtes capturées, octets reçus (corps décompressés), nature des réponses
sk|kind|requetes|mio|json_xml|html|capture_s
tapestry|WORKDAY|5233|50.30|5233|0|974
wttj-sector|WTTJ|4552|170.53|4552|0|387
sephora-france|SUCCESSFACTORS|4338|818.43|0|4338|584
knitwell-us-retail|WORKDAY|4290|29.02|4290|0|732
estee-lauder-companies|EIGHTFOLD|4212|31.37|4210|2|1672
hm-group|SMARTRECRUITERS|3910|46.87|3910|0|340
mango|WORKDAY|3470|34.89|3460|10|532
skechers-phenom|PHENOM|3428|398.09|12|3416|1912
boots|GENERIC_JSONLD|3056|424.15|16|3040|335
urbn-hub|ICIMS|3051|114.40|0|3051|857
vf-corporation|WORKDAY|2916|23.58|2916|0|761
richemont-workday|WORKDAY|2892|17.24|2892|0|420
intersport-france|JOBAFFINITY_WORDPRESS|2870|66.79|1002|1868|286
pvh|PHENOM|2866|251.34|13|2853|1602
nordstrom|WORKDAY|2764|18.94|2764|0|661
levis|WORKDAY|2723|14.86|2722|1|527
adidas|SUCCESSFACTORS|2434|129.63|0|2434|231
kering|EIGHTFOLD|2378|21.21|2376|2|867
parfums-chanel|WORKDAY|2377|17.50|2371|6|346
pandora-talenthub|GENERIC_JSONLD|2030|237.31|0|2030|862
bloomingdales-oracle|ORACLE_HCM|1984|20.27|1984|0|218
primark|SMARTRECRUITERS|1838|15.22|1838|0|167
l-oreal-professionnel|AVATURE|1807|199.35|0|1807|812
saks|WORKDAY|1731|11.66|1730|1|249
nike|WORKDAY|1718|12.29|1718|0|335
swarovski|WORKDAY|1555|9.29|1553|2|239
hugo-boss-phenom|PHENOM|1528|210.59|6|1522|246
monoprix|DIGITALRECRUITERS|1503|102.44|17|1486|191
puma|WORKDAY|1406|8.21|1402|4|189
aritzia|WORKDAY|1109|7.58|1106|3|173
crocs|SUCCESSFACTORS|1104|107.18|0|1104|133
sandro|SMARTRECRUITERS|1096|7.59|1096|0|101
capri-michael-kors|WORKDAY|1066|5.93|1066|0|184
richemont|WORKDAY|1028|6.98|1024|4|168
lacoste|DIGITALRECRUITERS|990|74.08|10|980|112
tiffany-oracle|ORACLE_HCM|948|9.84|948|0|114
douglas-sf|SUCCESSFACTORS|912|61.34|276|636|124
deckers|WORKDAY|876|6.29|876|0|183
nike-nke2|WORKDAY|860|6.47|860|0|174
courir|SMARTRECRUITERS|770|4.85|770|0|68
madewell|WORKDAY|748|4.27|748|0|103
uniqlo-us-retail|WORKDAY|710|4.73|710|0|96
penningtons|SMARTRECRUITERS|660|6.90|660|0|67
prada-group|SUCCESSFACTORS|572|77.96|0|572|65
nocibe-eqwa|EQWA|538|14.26|0|538|58
a-derma-4|WORKDAY|504|3.66|504|0|71
avolta|SUCCESSFACTORS|488|31.36|0|488|49
rolex|SUCCESSFACTORS|464|135.33|0|464|61
aptar-beauty|SUCCESSFACTORS|424|31.86|0|424|61
jean-paul-gaultier-5|SUCCESSFACTORS|422|32.64|0|422|49
marella|SMARTRECRUITERS|398|3.79|398|0|42
kiabi|SMARTRECRUITERS|392|2.78|392|0|49
drunk-elephant-2|SUCCESSFACTORS|388|41.03|0|388|57
dr-martens-tf|TALENT_FUNNEL|378|2.78|378|0|44
pga-tour-superstore|WORKDAY|372|2.62|372|0|72
escada-parfums-16|SUCCESSFACTORS|358|30.22|0|358|42
beiersdorf|GENERIC_JSONLD|358|44.11|0|358|36
mecca|WORKDAY|344|2.16|344|0|75
decjuba|SUCCESSFACTORS|343|20.34|0|342|54
maison-margiela|SUCCESSFACTORS|308|62.66|0|308|35
psycho-bunny|GENERIC_JSONLD|304|9.17|2|298|1044
burberry|SUCCESSFACTORS|272|251.25|0|272|84
conde-nast-france|WORKDAY|264|2.12|264|0|39
movado|WORKDAY|256|1.48|256|0|47
therealreal|WORKDAY|248|2.03|248|0|46
brown-thomas-taleo|TALEO|240|14.79|0|240|23
gant|DIGITALRECRUITERS|228|13.73|4|224|30
canada-goose|WORKDAY|226|1.59|226|0|28
uniqlo-stores|WORKDAY|222|1.66|222|0|32
new-balance|WORKDAY|204|1.31|204|0|37
ulta-jibe|JIBE|203|541.54|201|2|214
lagardere-travel-retail|TALENTSOFT|202|12.43|2|200|27
diptyque-workday|WORKDAY|197|1.29|197|0|21
knitwell-us-corporate|WORKDAY|196|1.44|196|0|33
blackstore|JOBAFFINITY_WORDPRESS|194|3.93|80|114|30
jules|TALENTVIEW|184|1.19|184|0|16
clarins|SUCCESSFACTORS|184|27.54|0|184|21
dolce-gabbana|SUCCESSFACTORS|182|15.54|0|182|19
audemars-piguet|SMARTRECRUITERS|168|1.23|168|0|15
groupe-printemps|TALENTSOFT|166|9.14|2|164|25
dr-pierre-ricaud|SUCCESSFACTORS|162|15.13|0|162|24
salomon|SMARTRECRUITERS|162|1.59|162|0|15
alberto|GENERIC_JSONLD|162|9.81|2|160|14
valentino|SUCCESSFACTORS|162|35.85|0|162|23
eric-bompard|SMARTRECRUITERS|154|1.06|154|0|13
zegna-altamira|ALTAMIRA|148|12.78|0|148|45
uniqlo-au-stores|WORKDAY|148|1.38|148|0|18
asos|SMARTRECRUITERS|144|1.40|144|0|13
selfridges|GENERIC_JSONLD|134|4.56|0|134|17
lindex-easycruit|EASYCRUIT|134|1.75|68|66|27
aigle|DIGITALRECRUITERS|130|8.97|2|128|17
the-kooples|DIGITALRECRUITERS|128|8.01|2|126|16
everything-but-water|WORKDAY|120|0.48|120|0|34
lvmh|LVMH_ALGOLIA|120|132.97|120|0|85
american-vintage-dr|DIGITALRECRUITERS|118|8.10|2|116|21
luxexperience|GENERIC_JSONLD|118|2.42|0|118|13
pepco|PERSONIO|118|13.22|2|116|21
breitling-sf|SUCCESSFACTORS|106|6.33|18|88|13
capri-jimmy-choo|WORKDAY|104|0.58|104|0|19
b-s-international|SMARTRECRUITERS|104|0.82|104|0|9
bash-talents|BASH_TALENTS|102|5.18|0|102|24
nars|GENERIC_JSONLD|102|5.95|2|100|12
caudalie|GENERIC_JSONLD|96|4.45|2|94|18
promod|TALENTVIEW|96|0.77|96|0|9
brunello-cucinelli|WORKDAY|94|0.44|94|0|13
mascot-workwear|SUCCESSFACTORS|94|3.84|0|94|9
boardriders|SUCCESSFACTORS|94|6.86|0|94|11
petit-bateau|SMARTRECRUITERS|92|0.66|92|0|8
sisley|SMARTRECRUITERS|86|0.63|86|0|8
fenwick-volcanic|VOLCANIC|78|50.71|4|74|20
thomas-sabo|PERSONIO|76|6.54|2|74|9
saltrock-harri|HARRI|76|0.70|76|0|8
rivoli-typesense|TYPESENSE|76|9.33|2|74|18
asics|SMARTRECRUITERS|70|0.43|70|0|20
l-occitane-en-provence-2|SUCCESSFACTORS|70|5.31|0|70|7
la-prairie|SUCCESSFACTORS|68|5.26|0|68|8
groupe-chantelle|TALENTSOFT|66|3.32|2|64|9
goyard-successfactors|SUCCESSFACTORS|66|4.90|20|46|12
rituals|RITUALS|66|15.18|66|0|19
lancel|GENERIC_JSONLD|66|6.96|2|64|8
stella-mccartney|WORKDAY|64|0.41|64|0|11
acne-studios-jobylon|JOBYLON|64|8.00|0|64|8
naos|SUCCESSFACTORS|62|3.85|0|62|6
oska|GENERIC_JSONLD|62|6.96|2|60|11
foot-locker-france|PHENOM|62|72.69|62|0|136
longchamp|TALENTSOFT|60|3.39|2|58|8
damiani|SUCCESSFACTORS|58|4.14|0|58|7
luxury-of-retail|DIGITALRECRUITERS|54|3.43|2|52|9
globus|GENERIC_JSONLD|54|3.73|0|54|7
peacocks|SMARTRECRUITERS|52|0.26|52|0|5
funky-buddha|SMARTRECRUITERS|48|0.30|48|0|4
bevilles-jewellers|GENERIC_JSONLD|48|4.01|2|46|11
end-clothing|GENERIC_JSONLD|44|2.09|2|42|14
laverana-gmbh-co-kg|PERSONIO|40|3.83|2|38|4
uniqlo-headquarters|WORKDAY|38|0.29|38|0|4
apm-monaco|WORKABLE|38|1.14|38|0|47
baccarat|TALENTVIEW|38|0.25|38|0|4
kastner-ohler|GENERIC_JSONLD|38|8.07|0|38|4
theory-eu|WORKDAY|38|0.24|38|0|5
aeropostale|ICIMS|34|1.65|0|34|12
madame-figaro|WTTJ|32|1.09|32|0|4
knitwell-us-distribution|WORKDAY|32|0.22|32|0|6
sezane|WORKABLE|28|1.27|28|0|37
lovisa|TEAMTAILOR|28|24.16|28|0|20
chico-s|WORKDAY|28|0.20|28|0|9
patek-philippe|SUCCESSFACTORS|26|1.09|0|26|3
tods|SUCCESSFACTORS|26|1.53|0|26|3
claires-workday|WORKDAY|26|0.14|26|0|5
uniqlo-graduates|WORKDAY|24|0.24|24|0|4
closed|PERSONIO|24|1.55|2|22|2
uniqlo-vn-headquarters|WORKDAY|24|0.14|24|0|4
pegador|PERSONIO|22|2.73|2|20|3
ferrari|SUCCESSFACTORS|22|1.49|0|22|2
ganni-talentrecruiter|TALENT_RECRUITER|21|0.92|1|20|2
uniqlo-us-headquarters|WORKDAY|20|0.11|20|0|3
stanley-stella|PERSONIO|20|1.81|2|18|3
wehkamp|SMARTRECRUITERS|18|0.14|18|0|2
ballantynes|SMARTRECRUITERS|18|0.09|18|0|2
abercrombie|SMARTRECRUITERS|18|0.12|18|0|2
aeyde|PERSONIO|18|1.46|2|16|2
uniqlo-hkm-headquarters|WORKDAY|18|0.05|18|0|2
attaquer|GENERIC_JSONLD|16|6.32|0|16|3
la-redoute-talentview|TALENTVIEW|16|0.07|16|0|2
essilorluxottica|SMARTRECRUITERS|16|0.08|16|0|2
jansport|WORKDAY|16|0.11|16|0|6
theory-us-retail|WORKDAY|14|0.08|14|0|2
gu-us-retail|WORKDAY|14|0.09|14|0|2
la-casa-de-las-carcasas|TEAMTAILOR|14|10.70|14|0|6
yema|SMARTRECRUITERS|14|0.05|14|0|1
gemmyo|GENERIC_JSONLD|14|2.30|0|14|3
balmain|TALENTSOFT|12|0.88|2|10|3
baron|SMARTRECRUITERS|12|0.07|12|0|1
lumentee|GENERIC_JSONLD|12|1.83|0|12|5
dfs|SUCCESSFACTORS|10|0.74|0|10|4
fast-retailing-id-headquarters|WORKDAY|10|0.04|10|0|1
element-6|MAGNET|10|6.37|10|0|4
normal|TEAMTAILOR|10|5.54|10|0|4
julie-grace|PERSONIO|10|0.89|2|8|1
el-palacio-de-hierro|SUCCESSFACTORS|10|0.39|0|10|4
eastpak|SMARTRECRUITERS|10|0.02|10|0|1
uniqlo-my-headquarters|WORKDAY|10|0.04|10|0|2
got-bag|PERSONIO|8|0.58|2|6|1
585-gold|SMARTRECRUITERS|8|0.03|8|0|1
fast-retailing-ph-headquarters|WORKDAY|8|0.03|8|0|2
joe-fresh|SMARTRECRUITERS|8|0.03|8|0|1
bonsoirs|WTTJ|8|0.16|8|0|2
gu-hk-headquarters|WORKDAY|6|0.01|6|0|1
arcteryx|LEVER|6|9.29|6|0|13
buck-mason|LEVER|6|2.95|6|0|5
merz-b-schwanen|PERSONIO|6|0.38|2|4|1
alpha-industries|PERSONIO|6|0.39|2|4|1
gu-us-headquarters|WORKDAY|6|0.05|6|0|2
uniqlo-th-headquarters|WORKDAY|6|0.01|6|0|2
bloom|SMARTRECRUITERS|6|0.02|6|0|1
taylor-stitch|SMARTRECRUITERS|6|0.03|6|0|1
uniqlo-au-graduates|WORKDAY|6|0.03|6|0|1
etam|TEAMTAILOR|6|4.99|6|0|5
chisholm-hunter|SMARTRECRUITERS|4|0.01|4|0|1
eram-3|MAGNET|4|2.60|4|0|2
visionlab|SMARTRECRUITERS|4|0.01|4|0|1
innisfree|SMARTRECRUITERS|4|0.01|4|0|1
akira|TEAMTAILOR|4|3.11|4|0|3
chalhoub|TEAMTAILOR|4|4.72|4|0|3
mvmt|SMARTRECRUITERS|4|0.01|4|0|1
aroma-zone|TEAMTAILOR|4|3.04|4|0|2
hans-anders|TEAMTAILOR|4|2.74|4|0|1
bellabeat|SMARTRECRUITERS|4|0.01|4|0|1
lerros|PERSONIO|4|0.18|2|2|1
it-s-fashion|SMARTRECRUITERS|4|0.01|4|0|1
united-colors-of-benetton|SMARTRECRUITERS|4|0.01|4|0|1
space-nk|TEAMTAILOR|4|4.36|4|0|2
galeries-lafayette|TEAMTAILOR|4|3.78|4|0|3
lagardere-travel-retail-de|TALENTSOFT|4|0.18|2|2|1
lagardere-duty-free|TALENTSOFT|4|0.13|2|2|1
sacoor-brothers|SMARTRECRUITERS|4|0.01|4|0|1
parco|SMARTRECRUITERS|4|0.01|4|0|1
cynthia-rowley|SMARTRECRUITERS|4|0.01|4|0|1
apivita|WORKABLE|4|0.08|4|0|3
white-stuff|TEAMTAILOR|4|4.19|4|0|2
point-zero|SMARTRECRUITERS|4|0.01|4|0|1
kidzart|SMARTRECRUITERS|4|0.01|4|0|1
ortovox|PERSONIO|4|0.18|2|2|1
groundies|PERSONIO|4|0.25|2|2|1
velvet-canyon|SMARTRECRUITERS|4|0.01|4|0|1
spinelli-kilcollin|GREENHOUSE|3|0.05|2|0|1
versace|WORKDAY|3|0.00|3|0|2
oak-essentials|GREENHOUSE|2|0.72|2|0|1
passage-du-desir|TEAMTAILOR|2|0.11|2|0|0
yaya|RECRUITEE|2|0.43|2|0|1
amiri|LEVER|2|0.54|2|0|1
annoushka|TEAMTAILOR|2|0.09|2|0|0
catbird|LEVER|2|0.42|2|0|1
horace|TEAMTAILOR|2|0.52|2|0|0
herschel-supply-co|GREENHOUSE|2|0.19|2|0|1
nutrire|TEAMTAILOR|2|2.22|2|0|1
tropicfeel|TEAMTAILOR|2|0.04|2|0|0
browns-shoes|TEAMTAILOR|2|2.17|2|0|1
gymshark|GREENHOUSE|2|0.71|2|0|1
supergoop|GREENHOUSE|2|0.18|2|0|0
madhappy|LEVER|2|0.87|2|0|1
profuomo|RECRUITEE|2|0.15|2|0|1
gorjana|GREENHOUSE|2|3.78|2|0|1
glitter|TEAMTAILOR|2|0.35|2|0|1
intersport|TEAMTAILOR|2|0.12|2|0|0
browns|LEVER|2|1.03|2|0|1
la-senza|GREENHOUSE|2|0.68|2|0|1
singularu|TEAMTAILOR|2|0.87|2|0|1
lexington|TEAMTAILOR|2|0.01|2|0|0
kiko-milano|RECRUITEE|2|1.42|2|0|1
soeur|TEAMTAILOR|2|0.78|2|0|1
showroomprive|TEAMTAILOR|2|0.78|2|0|0
nudie-jeans|TEAMTAILOR|2|0.07|2|0|0
oh-polly|TEAMTAILOR|2|0.40|2|0|0
trussardi|TEAMTAILOR|2|0.35|2|0|1
jojo-maman-bebe|TEAMTAILOR|2|1.00|2|0|1
camper|TEAMTAILOR|2|0.99|2|0|0
vlisco|TEAMTAILOR|2|0.26|2|0|0
eurofragrance|TEAMTAILOR|2|0.90|2|0|0
castore|TEAMTAILOR|2|0.49|2|0|0
buff|TEAMTAILOR|2|0.12|2|0|0
my-jewellery|RECRUITEE|2|2.01|2|0|1
shinola-retail|GREENHOUSE|2|0.21|2|0|0
happy-socks|TEAMTAILOR|2|0.04|2|0|1
skin-laundry|GREENHOUSE|2|3.53|2|0|1
loplabbet|TEAMTAILOR|2|0.00|2|0|0
vestiaire-collective|LEVER|2|0.43|2|0|1
blacks|GREENHOUSE|2|0.01|2|0|7
ms-mode|RECRUITEE|2|1.65|2|0|1
asket|TEAMTAILOR|2|0.02|2|0|0
kult-olymp-hades|RECRUITEE|2|1.60|2|0|2
armand-thiery-flatchr|FLATCHR|2|2.27|0|2|2
veronica-beard|GREENHOUSE|2|1.28|2|0|1
sabon|TEAMTAILOR|2|0.03|2|0|0
bzb|TEAMTAILOR|2|0.31|2|0|0
yse-paris|TEAMTAILOR|2|0.66|2|0|0
tekla|GREENHOUSE|2|0.06|2|0|1
figs|GREENHOUSE|2|0.77|2|0|1
j-lindeberg|TEAMTAILOR|2|0.31|2|0|0
saffron|TEAMTAILOR|2|0.06|2|0|1
bravissimo|TEAMTAILOR|2|0.35|2|0|1
good-american|LEVER|2|0.20|2|0|1
cove|TEAMTAILOR|2|0.00|2|0|2
frank-darling|TEAMTAILOR|2|0.70|2|0|0
typology|TEAMTAILOR|2|0.12|2|0|0
club-l-london|TEAMTAILOR|2|0.67|2|0|0
motel|TEAMTAILOR|2|0.09|2|0|0
nikin|RECRUITEE|2|0.05|2|0|0
mq-marqet|TEAMTAILOR|2|0.05|2|0|0
toteme|TEAMTAILOR|2|0.59|2|0|0
fred-perry|TEAMTAILOR|2|0.35|2|0|0
fitflop|TEAMTAILOR|2|0.44|2|0|1
dune-london|TEAMTAILOR|2|0.44|2|0|0
tiger-of-sweden|TEAMTAILOR|2|0.12|2|0|0
polene|ASHBY|2|2.11|2|0|1
la-fee-maraboutee|TEAMTAILOR|2|0.30|2|0|0
tom-wood|TEAMTAILOR|2|0.11|2|0|0
killstar|TEAMTAILOR|2|0.11|2|0|0
brilliant-earth|GREENHOUSE|2|3.88|2|0|6
margaret-howell|TEAMTAILOR|2|0.00|2|0|0
chrome|GREENHOUSE|2|0.00|2|0|2
ssense|TEAMTAILOR|2|1.49|2|0|0
orchestra|TEAMTAILOR|2|0.88|2|0|1
filson|GREENHOUSE|2|0.14|2|0|0
orlebar-brown|TEAMTAILOR|2|0.77|2|0|0
medik8|TEAMTAILOR|2|0.55|2|0|0
lucy-yak|TEAMTAILOR|2|0.10|2|0|0
multiopticas|TEAMTAILOR|2|1.77|2|0|1
shinola|GREENHOUSE|2|0.48|2|0|1
cuyana|GREENHOUSE|2|0.00|2|0|2
mr-marvis|TEAMTAILOR|2|0.88|2|0|1
hoff|TEAMTAILOR|2|0.29|2|0|0
belstaff|TEAMTAILOR|2|1.40|2|0|1
naturkompaniet|TEAMTAILOR|2|0.12|2|0|0
loccitane-fr|TEAMTAILOR|2|0.41|2|0|0
axel-arigato|TEAMTAILOR|2|0.13|2|0|1
nutrafol|GREENHOUSE|2|0.23|2|0|2
adopt-parfums|FLATCHR|2|2.89|0|2|2
iris-van-herpen|RECRUITEE|2|0.12|2|0|0
shein|GREENHOUSE|2|1.01|2|0|10
ilia|GREENHOUSE|2|0.23|2|0|1
jeans-centre|RECRUITEE|2|1.11|2|0|1
toscane|FLATCHR|2|0.51|0|2|1
boggi-milano|RECRUITEE|2|2.43|2|0|1
thirdlove|GREENHOUSE|2|0.66|2|0|1
ami-paris|RECRUITEE|2|0.55|2|0|0
cabaia|TEAMTAILOR|2|0.38|2|0|0
bella-canvas|GREENHOUSE|2|0.02|2|0|0
on-running|GREENHOUSE|2|4.29|2|0|1
faguo|TEAMTAILOR|2|0.19|2|0|0
jewells|TEAMTAILOR|2|0.21|2|0|0
jonsson-workwear|GREENHOUSE|2|0.19|2|0|1
karla-otto|TEAMTAILOR|2|0.29|2|0|0
g-label-by-goop|GREENHOUSE|2|0.26|2|0|0
quince|GREENHOUSE|2|3.71|2|0|1
kicks|TEAMTAILOR|2|0.20|2|0|0
lensa|TEAMTAILOR|2|0.08|2|0|1
little-words-project|GREENHOUSE|2|0.14|2|0|1
riu-paris|FLATCHR|2|0.45|0|2|1
magasin-du-nord|TEAMTAILOR|2|0.68|2|0|1
fjallraven|TEAMTAILOR|2|0.00|2|0|0
damart|TEAMTAILOR|2|0.05|2|0|0
peak-performance|TEAMTAILOR|2|0.34|2|0|1
undiz|TEAMTAILOR|2|1.03|2|0|1
olaplex|GREENHOUSE|2|0.17|2|0|0
picard|GENERIC_JSONLD|2|0.04|2|0|0
bubble|GREENHOUSE|2|0.11|2|0|0
maison-123|TEAMTAILOR|2|1.25|2|0|2
mejuri|GREENHOUSE|2|4.04|2|0|1
blue-banana|TEAMTAILOR|2|0.55|2|0|0
ounass|TEAMTAILOR|2|0.95|2|0|1
go-outdoors|GREENHOUSE|2|0.10|2|0|0
profil-optik|TEAMTAILOR|2|0.47|2|0|1
celio|TEAMTAILOR|2|0.36|2|0|0
hot-topic|LEVER|2|0.28|2|0|1
state-of-art|RECRUITEE|2|0.60|2|0|1
lager-157|TEAMTAILOR|2|0.38|2|0|0
brothers|TEAMTAILOR|2|0.14|2|0|0
blueland|LEVER|2|0.16|2|0|1
parachute|GREENHOUSE|2|0.27|2|0|1
indiska|TEAMTAILOR|2|0.01|2|0|0
klattermusen|TEAMTAILOR|2|0.05|2|0|0
lounge|TEAMTAILOR|2|0.34|2|0|0
lovable|GREENHOUSE|2|0.38|2|0|5
realself|LEVER|2|0.09|2|0|1
petrol-industries|TEAMTAILOR|2|0.10|2|0|0
honey-birdette|TEAMTAILOR|2|1.80|2|0|1
luhta|TEAMTAILOR|2|0.11|2|0|1
lavish-alice|TEAMTAILOR|2|0.06|2|0|1
merkal|TEAMTAILOR|2|0.71|2|0|1
glossier|GREENHOUSE|2|0.65|2|0|1
ackermans|TEAMTAILOR|2|0.11|2|0|0
silbon|TEAMTAILOR|2|1.34|2|0|3
bernadette|GREENHOUSE|2|0.00|2|0|2
siebel-juweliers|RECRUITEE|2|0.56|2|0|0
dolls-kill|LEVER|2|0.23|2|0|1
georges|TEAMTAILOR|2|0.26|2|0|0
pronovias|TEAMTAILOR|2|0.41|2|0|0
hanna-andersson|LEVER|2|0.18|2|0|3
jd-sports|GREENHOUSE|2|6.60|2|0|2
cambio|TEAMTAILOR|2|0.22|2|0|0
beauty-success-geodir|GEODIRECTORY|2|2.62|2|0|9
aim-n|TEAMTAILOR|2|0.04|2|0|0
kate-mcleod|GREENHOUSE|2|0.09|2|0|0
rebag|GREENHOUSE|2|0.21|2|0|2
city-beauty|GREENHOUSE|2|0.01|2|0|0
printful|TEAMTAILOR|2|0.43|2|0|0
club-monaco|GREENHOUSE|2|0.28|2|0|0
bellroy|GREENHOUSE|2|0.15|2|0|1
bombas|GREENHOUSE|2|0.34|2|0|0
nyx-professional-makeup|TEAMTAILOR|2|0.58|2|0|0
ephemera|TEAMTAILOR|2|1.50|2|0|1
john-henric|TEAMTAILOR|2|0.15|2|0|0
lush|GREENHOUSE|2|10.03|2|0|2
mulberry|LEVER|2|1.75|2|0|1
everlane|GREENHOUSE|2|0.61|2|0|1
molton-brown|GREENHOUSE|2|0.36|2|0|18
burnt|TEAMTAILOR|2|0.10|2|0|0
monica-vinader|TEAMTAILOR|2|2.92|2|0|1
vivienne-westwood|TEAMTAILOR|2|0.44|2|0|0
oh-my-cream|TEAMTAILOR|2|0.74|2|0|1
reformation|GREENHOUSE|2|4.23|2|0|4
katie-loxton|TEAMTAILOR|2|1.17|2|0|0
subset|TEAMTAILOR|2|0.08|2|0|1
suitsupply|GREENHOUSE|2|2.76|2|0|3
vivobarefoot|TEAMTAILOR|2|0.34|2|0|0
nude-project|TEAMTAILOR|2|0.24|2|0|1
kapten-son|RECRUITEE|2|0.84|2|0|1
prisma-media|TEAMTAILOR|2|0.20|2|0|0
clarkson-eyecare|GREENHOUSE|2|6.20|2|0|1
bespoke-post|LEVER|2|0.05|2|0|1
aime-leon-dore|GREENHOUSE|2|0.15|2|0|0
(411 rows)
M3 nouvelles offres par jour et par source canonique (sources présentes avant le 24/09, offres vues depuis le 25/09)
sk|offres|par_jour|horodatees|med_h|p90_h
hm-group|894|119.8|894|8.0|19.4
lvmh|727|97.4|724|20.1|43.8
ulta-jibe|679|91.0|678|14.2|23.0
knitwell-us-retail|619|82.9|0|41.6|43.0
nordstrom|494|66.2|0|18.5|41.4
rituals|464|62.2|459|848.8|2234.4
wttj-sector|428|57.3|428|17.4|19.3
tapestry|364|48.8|0|19.5|42.3
sephora-france|364|48.8|24|31.9|209.8
lovisa|355|47.6|355|8.6|25.8
primark|353|47.3|353|5.4|19.6
swarovski|281|37.6|0|17.6|41.0
urbn-hub|269|36.0|268|25.3|37.5
skechers-phenom|261|35.0|261|7.0|23.0
mango|193|25.9|0|17.6|18.9
nike|185|24.8|0|17.9|41.1
adidas|180|24.1|0|18.3|56.5
bloomingdales-oracle|167|22.4|167|9.2|19.1
richemont-workday|144|19.3|0|17.4|31.2
crocs|125|16.7|2|17.5|40.8
monoprix|122|16.3|0|17.0|17.8
white-stuff|112|15.0|112|2.1|7.8
normal|107|14.3|104|7.4|37.0
foot-locker-france|98|13.1|96|14.9|21.6
saks|98|13.1|0|17.4|41.0
penningtons|94|12.6|94|20.0|22.8
swatch-group|93|12.5|92|30.4|1965.5
marc-o-polo|91|12.2|89|1058.0|2948.0
capri-michael-kors|87|11.7|0|17.4|41.1
intersport-france|83|11.1|82|6.8|9.6
sandro|82|11.0|82|6.6|9.2
parfums-chanel|81|10.9|0|17.2|41.2
la-casa-de-las-carcasas|79|10.6|79|8.0|19.0
pandora-talenthub|79|10.6|0||
nike-nke2|73|9.8|0|40.4|40.4
puma|65|8.7|0|17.0|40.9
hugo-boss-phenom|63|8.4|63|5770.0|9613.2
prada-group|62|8.3|0|16.8|40.5
madewell|62|8.3|0|40.7|40.9
lacoste|57|7.6|0|17.1|41.1
lush|51|6.8|51|16.1|288.4
space-nk|45|6.0|45|3.7|8.0
deckers|45|6.0|0|17.4|41.0
drunk-elephant-2|43|5.8|0|16.7|40.4
kiabi|42|5.6|42|5.1|9.4
vf-corporation|41|5.5|0|17.6|41.2
a-derma-4|40|5.4|0|16.9|16.9
bash-talents|40|5.4|0|16.4|16.7
element-6|34|4.6|0|17.3|17.3
beiersdorf|32|4.3|0|16.7|16.9
rolex|31|4.2|6|16.9|40.2
douglas-sf|30|4.0|0|16.9|33.1
arcteryx|29|3.9|29|21.5|293.4
jean-paul-gaultier-5|28|3.8|2|16.8|40.6
therealreal|26|3.5|0|40.3|47.7
escada-parfums-16|25|3.3|2|16.6|35.9
galeries-lafayette|25|3.3|25|7.5|8.7
nocibe-eqwa|24|3.2|0|16.7|16.9
pga-tour-superstore|24|3.2|0|17.0|40.6
courir|24|3.2|24|6.3|18.6
hans-anders|23|3.1|23|5.4|119.7
apm-monaco|23|3.1|0|16.6|16.8
asos|23|3.1|23|6.4|8.6
marella|23|3.1|23|3.7|7.6
aroma-zone|22|2.9|22|5.4|23.1
etam|22|2.9|22|5.6|19.6
petit-bateau|21|2.8|21|7.5|8.7
chalhoub|20|2.7|20|8.2|2344.5
burberry|20|2.7|1|16.7|40.5
american-vintage-dr|20|2.7|0|16.6|47.9
dr-martens-tf|19|2.5|0|40.6|482.5
luxexperience|18|2.4|0|16.2|16.2
clarkson-eyecare|18|2.4|18|10.5|21.5
everything-but-water|18|2.4|0|40.2|40.5
brilliant-earth|18|2.4|18|22.3|22.3
jules|17|2.3|15|4.2|8.2
singularu|17|2.3|17|4.0|6.8
adopt-parfums|17|2.3|17|4.4|9.3
clarins|17|2.3|0|16.5|16.8
reformation|17|2.3|17|20.8|22.8
aptar-beauty|17|2.3|0|16.9|40.8
salomon|16|2.1|16|8.0|23.6
mejuri|15|2.0|15|19.9|22.6
canada-goose|15|2.0|0|40.5|40.6
soeur|15|2.0|15|6.3|7.8
selfridges|15|2.0|0|29.3|226.1
valentino|15|2.0|1|16.4|31.0
ms-mode|14|1.9|14|4.2|8.5
maison-margiela|14|1.9|0|16.8|16.9
eram-3|14|1.9|12|7.0|22.8
sezane|14|1.9|0|16.6|40.7
suitsupply|14|1.9|14|6898.2|28965.0
armand-thiery-flatchr|14|1.9|14|0.5|8.2
conde-nast-france|13|1.7|0|16.8|38.1
figs|13|1.7|13|18.2|23.0
luxury-of-retail|13|1.7|0|16.4|16.6
dr-pierre-ricaud|13|1.7|0|16.6|16.7
nars|13|1.7|0||
avolta|13|1.7|1|16.9|294.6
boggi-milano|12|1.6|12|4.2|8.3
jeans-centre|12|1.6|12|7.7|9.3
kiko-milano|12|1.6|12|6.9|7.4
merkal|11|1.5|11|5.3|9.5
kult-olymp-hades|11|1.5|11|9.4|9.8
jojo-maman-bebe|11|1.5|11|6.0|8.0
new-balance|10|1.3|0|16.5|16.6
browns-shoes|10|1.3|10|4.1|22.6
aigle|10|1.3|0|16.5|18.9
ami-paris|10|1.3|10|2.5|8.4
capri-jimmy-choo|10|1.3|0|19.9|40.8
mecca|10|1.3|0|16.7|16.9
my-jewellery|10|1.3|10|6.3|7.6
akira|9|1.2|9|35.5|35.6
longchamp|9|1.2|3|6.6|16.9
ephemera|9|1.2|9|6.9|8.6
promod|9|1.2|9|6.7|8.1
blue-banana|9|1.2|9|5.9|9.5
monica-vinader|8|1.1|8|23.4|23.8
diptyque-workday|8|1.1|0|17.0|40.7
eric-bompard|8|1.1|8|1.8|4.8
boardriders|8|1.1|0|40.3|54.7
knitwell-us-corporate|8|1.1|0|16.7|40.5
gymshark|8|1.1|8|18.9|752.0
uniqlo-stores|8|1.1|0|16.5|16.6
acne-studios-jobylon|8|1.1|8|7.1|20.1
browns|8|1.1|8|325.1|4464.4
katie-loxton|7|0.9|7|4.4|4.8
medik8|7|0.9|7|1011.9|2527.5
aritzia|7|0.9|0|41.2|41.4
b-s-international|7|0.9|7|6.3|7.8
blackstore|7|0.9|5|7.6|17.3
psycho-bunny|7|0.9|0|40.7|40.9
skin-laundry|7|0.9|7|19.4|21.7
saltrock-harri|7|0.9|6|15.2|22.1
fenwick-volcanic|6|0.8|6|8.1|952.3
uniqlo-us-retail|6|0.8|0|40.6|40.9
mulberry|6|0.8|6|3.0|6.0
aeropostale|6|0.8|6|12.3|31.5
ssense|6|0.8|6|20.5|22.1
audemars-piguet|6|0.8|6|8.0|11.5
globus|6|0.8|0|16.3|16.4
loccitane-fr|6|0.8|6|5.9|470.5
burnt|6|0.8|6|3.9|6.0
pepco|6|0.8|6|9.5|9.6
georges|5|0.7|5|7.7|8.7
club-l-london|5|0.7|5|4.4|267.0
ackermans|5|0.7|5|18.3|18.4
sisley|5|0.7|5|6.2|7.0
profil-optik|5|0.7|5|7.1|801.6
vivienne-westwood|5|0.7|5|0.6|4.2
wehkamp|5|0.7|5|7.2|7.2
gant|5|0.7|0|16.5|909.5
faguo|5|0.7|5|3.5|6.1
everlane|5|0.7|5|17.6|5018.2
polene|5|0.7|5|6.7|17.1
naos|5|0.7|1|16.2|25.0
the-kooples|5|0.7|0|16.5|16.6
movado|5|0.7|0|40.5|40.5
bzb|5|0.7|5|8.7|377.9
maison-123|5|0.7|5|4.8|6.0
uniqlo-headquarters|5|0.7|0|16.4|30.9
oak-essentials|5|0.7|5|17.9|22.1
nutrire|5|0.7|5|21.6|52.7
jd-sports|5|0.7|5|9.1|1232.9
richemont|5|0.7|0|17.4|40.9
la-prairie|5|0.7|0|16.2|16.3
quince|5|0.7|5|14.5|1288.5
lager-157|5|0.7|5|22.4|1348.3
gorjana|4|0.5|4|16.2|22.7
glitter|4|0.5|4|18.5|21.6
intersport|4|0.5|4|18.4|18.5
gemmyo|4|0.5|4|1002.6|1532.0
kastner-ohler|4|0.5|0|1312.4|2294.0
l-occitane-en-provence-2|4|0.5|0|16.5|16.5
lucy-yak|4|0.5|4|1.7|2.8
dolce-gabbana|4|0.5|0|16.7|16.7
decjuba|4|0.5|0|16.8|33.6
celio|4|0.5|4|6.0|6.2
catbird|4|0.5|4|20.5|21.8
castore|4|0.5|4|3.2|3.6
pegador|4|0.5|4|2.5|7.9
printful|4|0.5|4|23.3|224.4
brunello-cucinelli|4|0.5|0|16.4|16.5
breitling-sf|4|0.5|0|16.4|43.2
siebel-juweliers|4|0.5|4|6.1|8.5
silbon|4|0.5|4|8.1|9.8
vlisco|4|0.5|4|5.2|7.2
toteme|3|0.4|3|5.0|2715.5
ganni-talentrecruiter|3|0.4|3|14.8|14.8
ilia|3|0.4|3|19.5|21.9
hoff|3|0.4|3|6.2|6.3
little-words-project|3|0.4|3|0.8|1.1
balmain|3|0.4|1|6.4|6.4
goyard-successfactors|3|0.4|0|16.1|47.0
multiopticas|3|0.4|3|7.1|7.6
magasin-du-nord|3|0.4|3|5.6|6.2
shein|3|0.4|3|19.7|444.3
undiz|3|0.4|3|4.5|5.1
thomas-sabo|3|0.4|3|7.2|7.4
riu-paris|3|0.4|3|8.5|9.4
buck-mason|3|0.4|3|21.2|22.6
blueland|3|0.4|3|19.4|1041.4
bravissimo|3|0.4|3|8.7|15.6
tekla|3|0.4|3|2.2|6.3
la-fee-maraboutee|3|0.4|3|1.1|3.3
fred-perry|3|0.4|3|6.0|24.6
parachute|3|0.4|3|21.5|22.0
nude-project|2|0.3|2|2.7|3.1
dune-london|2|0.3|2|2.1|3.7
oh-my-cream|2|0.3|2|2558.8|4604.9
orchestra|2|0.3|2|3.2|5.4
ounass|2|0.3|2|9.7|9.9
patek-philippe|2|0.3|0|23.6|29.4
peak-performance|2|0.3|2|7.6|9.4
vivobarefoot|2|0.3|2|2.1|3.2
madhappy|2|0.3|2|20.9|23.2
bubble|2|0.3|2|19.8|21.4
luhta|2|0.3|2|19.5|19.5
fitflop|2|0.3|2|14.1|21.5
lounge|2|0.3|2|3.2|3.6
rebag|2|0.3|2|21.8|22.3
laverana-gmbh-co-kg|2|0.3|2|6.7|7.4
la-redoute-talentview|2|0.3|2|4.3|5.4
brothers|2|0.3|2|7.9|9.0
glossier|2|0.3|2|643.3|1142.7
bonsoirs|2|0.3|2|0.9|1.0
funky-buddha|2|0.3|2|6.0|7.6
yse-paris|2|0.3|2|14.7|21.9
baccarat|2|0.3|2|5.3|8.1
kicks|2|0.3|2|10.1|16.5
stella-mccartney|2|0.3|0|16.3|16.4
asics|2|0.3|2|13.9|15.6
yaya|2|0.3|2|20.9|21.0
horace|2|0.3|2|3.7|3.8
uniqlo-vn-headquarters|2|0.3|0|16.1|16.1
closed|2|0.3|2|2.7|3.9
mq-marqet|2|0.3|2|18.5|18.5
versace|2|0.3|0|28.4|38.0
caudalie|2|0.3|0||
motel|2|0.3|2|116.9|166.0
dolls-kill|1|0.1|1|11083.0|11083.0
mr-marvis|1|0.1|1|2504.5|2504.5
julie-grace|1|0.1|0||
amiri|1|0.1|1|20.5|20.5
john-henric|1|0.1|1|9.4|9.4
eurofragrance|1|0.1|1|0.4|0.4
j-lindeberg|1|0.1|1|3.2|3.2
alpha-industries|1|0.1|1|0.8|0.8
thirdlove|1|0.1|1|2733.0|2733.0
madame-figaro|1|0.1|1|8.7|8.7
tiger-of-sweden|1|0.1|1|24.3|24.3
cabaia|1|0.1|1|23.6|23.6
jewells|1|0.1|1|5.7|5.7
camper|1|0.1|1|3.1|3.1
uniqlo-graduates|1|0.1|0||
aeyde|1|0.1|0||
on-running|1|0.1|1|4942.7|4942.7
frank-darling|1|0.1|1|1218.0|1218.0
saffron|1|0.1|1|5.7|5.7
naturkompaniet|1|0.1|1|18.1|18.1
la-senza|1|0.1|1|8513.2|8513.2
showroomprive|1|0.1|1|48.9|48.9
levis|1|0.1|0|16.7|16.7
good-american|1|0.1|1|15.4|15.4
knitwell-us-distribution|1|0.1|0|40.1|40.1
killstar|1|0.1|1|7.7|7.7
herschel-supply-co|1|0.1|1|0.7|0.7
nutrafol|1|0.1|1|20.5|20.5
aime-leon-dore|1|0.1|1|22.1|22.1
honey-birdette|1|0.1|1|14.5|14.5
got-bag|1|0.1|1|0.8|0.8
(271 rows)
M4 total des nouvelles offres de la population M3 (le dénominateur de la projection)
offres|sans_date|date_apres_obs|date_jour_seul
11301|95|168|4494
(1 row)
