Fenêtre : 8 RUN ingest-all (2026-09-24 → 2026-10-01), 8625 refus d’offres, 106 occurrences (source × RUN)

sous-cause | traitement | occurrences (source × RUN) | sources | offres distinctes | refus (offre × RUN)
S1 libellé omis, offre déjà nommée par l’éditeur : gardée telle quelle | R1 | 13 | 8 | 13 | 19  (aptar-beauty, avolta, crocs, drunk-elephant-2, escada-parfums-16, monoprix, prada-group, sephora-france)
S2 nouvelle graphie de la Maison, employeur précédent venu du registre | FILE | 6 | 1 | 59 | 337  (b-s-international)
S3 changement d’employeur chez l’éditeur, employeur déjà publié par la source | D506 | 8 | 4 | 4 | 8  (puma, richemont, richemont-workday, swatch-group)
S4 portail jamais relu, offres sans employeur nommé | FILE | 70 | 12 | 918 | 5310  (beauty-success-geodir, brown-thomas-taleo, browns, groupe-printemps, hot-topic, lagardere-duty-free, lagardere-travel-retail, lagardere-travel-retail-de, lvmh, rivoli-typesense, sephora-france, tiffany-oracle)
S5 job board, offres sans employeur | FILE | 6 | 1 | 477 | 2862  (luxe-talent)
S6 entité juridique qui ne porte pas le nom de la Maison, employeur précédent venu du registre | FILE | 6 | 1 | 15 | 88  (funky-buddha)
S7 changement d’employeur, témoins renommés pendant la collecte | FILE | 1 | 1 | 1 | 1  (tapestry)

Occurrences absorbées sans intervention : 17 sur 106 (D506 8, R1 9)
Refus d’offres absorbés : 27 sur 8625

RUN | sources bloquées avant | occurrences absorbées | entrées en file (ouvertes) | nouvelles | escaladées | interventions après
2026-09-24 16:03 | 20 | 5 | 15 | 15 | 0 | 15
2026-09-25 16:01 | 18 | 3 | 15 | 0 | 0 | 0
2026-09-26 16:02 | 17 | 1 | 16 | 1 | 0 | 1
2026-09-27 16:04 | 16 | 1 | 15 | 0 | 9 | 9
2026-09-28 16:02 | 15 | 1 | 14 | 0 | 0 | 0
2026-09-29 16:10 | 18 | 4 | 14 | 0 | 0 | 0
2026-09-30 16:00 | 0 | 0 | 0 | 0 | 0 | 0
2026-10-01 16:03 | 2 | 2 | 0 | 0 | 0 | 0
TOTAL | 106 | 17 | | | | 25

Entrées de la file sur la fenêtre (source · motif · libellé · employeur en jeu · sous-cause) :
  b-s-international · EMPLOYER_SPELLING_DIVERGED · « b&s international » · b's · S2 nouvelle graphie de la Maison, employeur précédent venu du registre
  beauty-success-geodir · PORTAL_OWNER_NOT_CERTIFIED · « beauty success » · - · S4 portail jamais relu, offres sans employeur nommé
  brown-thomas-taleo · PORTAL_OWNER_NOT_CERTIFIED · « brown thomas arnotts » · - · S4 portail jamais relu, offres sans employeur nommé
  browns · PORTAL_OWNER_NOT_CERTIFIED · « farfetch » · - · S4 portail jamais relu, offres sans employeur nommé
  funky-buddha · EMPLOYER_SPELLING_DIVERGED · « altex s.a. » · funky buddha · S6 entité juridique qui ne porte pas le nom de la Maison, employeur précédent venu du registre
  groupe-printemps · PORTAL_OWNER_NOT_CERTIFIED · « groupe printemps » · - · S4 portail jamais relu, offres sans employeur nommé
  hot-topic · PORTAL_OWNER_NOT_CERTIFIED · « hot topic » · - · S4 portail jamais relu, offres sans employeur nommé
  lagardere-duty-free · PORTAL_OWNER_NOT_CERTIFIED · « lagardère duty free » · - · S4 portail jamais relu, offres sans employeur nommé
  lagardere-travel-retail · PORTAL_OWNER_NOT_CERTIFIED · « lagardère travel retail » · - · S4 portail jamais relu, offres sans employeur nommé
  lagardere-travel-retail-de · PORTAL_OWNER_NOT_CERTIFIED · « lagardère travel retail » · - · S4 portail jamais relu, offres sans employeur nommé
  luxe-talent · PORTAL_OWNER_NOT_CERTIFIED · « luxe talent » · - · S5 job board, offres sans employeur
  lvmh · PORTAL_OWNER_NOT_CERTIFIED · « lvmh » · - · S4 portail jamais relu, offres sans employeur nommé
  rivoli-typesense · PORTAL_OWNER_NOT_CERTIFIED · « rivoli group » · - · S4 portail jamais relu, offres sans employeur nommé
  sephora-france · PORTAL_OWNER_NOT_CERTIFIED · « sephora » · - · S4 portail jamais relu, offres sans employeur nommé
  tapestry · EMPLOYER_SPELLING_DIVERGED · « tapestry, inc. » · kate spade · S7 changement d’employeur, témoins renommés pendant la collecte
  tiffany-oracle · PORTAL_OWNER_NOT_CERTIFIED · « tiffany & co. » · - · S4 portail jamais relu, offres sans employeur nommé
