SET
src|run|ext|motif|raw|hist_posting|natifs_du_run|actuel
aptar-beauty|09-24|1290483701|PORTAL_OWNER_NOT_CERTIFIED|Aptar Group|aptar group>Aptar Group/REVIEWED_ALIAS; aptar group>∅/REVIEW_REQUIRED|1 emp / 227 offres : Aptar Group|Aptar Group
aptar-beauty|09-25|1418020933|PORTAL_OWNER_NOT_CERTIFIED|Aptar Group|aptar group>Aptar Group/REVIEWED_ALIAS; aptar group>∅/REVIEW_REQUIRED|1 emp / 224 offres : Aptar Group|Aptar Group
avolta|09-24|1422945533|PORTAL_OWNER_NOT_CERTIFIED|Avolta|avolta>Avolta/LEGACY_UNREVIEWED; avolta>Avolta/NATIVE_SOURCE_LABEL; avolta>∅/REVIEW_REQUIRED|1 emp / 238 offres : Avolta|Avolta
avolta|09-24|1417938633|PORTAL_OWNER_NOT_CERTIFIED|Avolta|avolta>Avolta/LEGACY_UNREVIEWED; avolta>Avolta/NATIVE_SOURCE_LABEL; avolta>∅/REVIEW_REQUIRED|1 emp / 238 offres : Avolta|Avolta
crocs|09-24|1408989000|PORTAL_OWNER_NOT_CERTIFIED|Crocs|crocs, inc.>Crocs, Inc./NATIVE_SOURCE_LABEL; crocs, inc.>∅/REVIEW_REQUIRED; crocs>∅/REVIEW_REQUIRED|1 emp / 505 offres : Crocs, Inc.|Crocs, Inc.
crocs|09-29|1412948000|PORTAL_OWNER_NOT_CERTIFIED|Crocs|crocs, inc.>Crocs, Inc./NATIVE_SOURCE_LABEL; crocs, inc.>∅/REVIEW_REQUIRED; crocs>∅/REVIEW_REQUIRED|1 emp / 520 offres : Crocs, Inc.|Crocs, Inc.
drunk-elephant-2|09-25|1433385833|PORTAL_OWNER_NOT_CERTIFIED|Shiseido|shiseido>∅/REVIEW_REQUIRED; shiseido>Shiseido/LEGACY_UNREVIEWED; shiseido>Shiseido/NATIVE_SOURCE_LABEL|1 emp / 160 offres : Shiseido|Shiseido
escada-parfums-16|09-24|1431517633|PORTAL_OWNER_NOT_CERTIFIED|Coty|coty>Coty/REVIEWED_ALIAS; coty>∅/REVIEW_REQUIRED|1 emp / 169 offres : Coty|Coty
monoprix|09-29|4438631|PORTAL_OWNER_NOT_CERTIFIED|Monoprix|groupe monoprix>Groupe MONOPRIX/LEGACY_UNREVIEWED; groupe monoprix>Groupe MONOPRIX/NATIVE_SOURCE_LABEL; monoprix>∅/REVIEW_REQUIRED|2 emp / 588 offres : Groupe MONOPRIX, Naturalia|Groupe MONOPRIX
prada-group|09-25|1409373033|PORTAL_OWNER_NOT_CERTIFIED|Prada Group|prada group>Prada Group/LEGACY_UNREVIEWED; prada group>Prada Group/NATIVE_SOURCE_LABEL; prada group>∅/REVIEW_REQUIRED|1 emp / 234 offres : Prada Group|Prada Group
puma|10-01|Entertainment-Marketing-Manager_R43416|EMPLOYER_SPELLING_DIVERGED|PUMA North America, Inc.|puma north america, inc.>∅/REVIEW_REQUIRED; puma se>PUMA SE/NATIVE_SOURCE_LABEL|46 emp / 436 offres : ∅, Distribuidora Deportiva PUMA S.A.C, Guangzhou World Cat Inf. Cons. Serv. Co., Ltd Ningbo Branch, Guangzhou World Cat Inf. Cons. Serv. Co., Ltd Shanghai Branch, Guangzhou World Cat Inf. Cons. Serv. |PUMA SE
richemont|10-01|Security-Specialist_JR132200|EMPLOYER_SPELLING_DIVERGED|Cartier|cartier>∅/REVIEW_REQUIRED; richemont>Richemont/LEGACY_UNREVIEWED; richemont>Richemont/NATIVE_SOURCE_LABEL|15 emp / 368 offres : ∅, A.Lange and Sohne, Buccellati, Cartier, Chloe, Delvaux, Donzé-Baume, Dunhill, Jaeger LeCoultre, Montblanc, Panerai, Piaget, Richemont, Roger Dubuis, Van Cleef & Arpels, Watchfinder|Cartier
richemont-workday|09-29|Sales-Associate--m-w-d-_JR133983|EMPLOYER_SPELLING_DIVERGED|Cartier|cartier>Cartier/REVIEWED_ALIAS; cartier>∅/REVIEW_REQUIRED; richemont>Richemont/LEGACY_UNREVIEWED; richemont>Richemont/NATIVE_SOURCE_LABEL|19 emp / 1010 offres : ∅, Alaia, A.Lange and Sohne, Buccellati, Cartier, Chloe, Delvaux, Donzé-Baume, Dunhill, FHH, IWC, Jaeger LeCoultre, Montblanc, Panerai, Piaget, Purdey, Richemont, Roger Dubuis, Van Cleef & Arpels, Wat|Cartier
sephora-france|09-24|1362619755|PORTAL_OWNER_NOT_CERTIFIED|Sephora|sephora>∅/REVIEW_REQUIRED|1 emp / 2275 offres : Sephora|
sephora-france|09-24|1366095555|PORTAL_OWNER_NOT_CERTIFIED|Sephora|sephora>∅/REVIEW_REQUIRED; sephora>Sephora/LEGACY_UNREVIEWED; sephora>Sephora/NATIVE_SOURCE_LABEL|1 emp / 2275 offres : Sephora|Sephora
sephora-france|09-24|1368976455|PORTAL_OWNER_NOT_CERTIFIED|Sephora|sephora>∅/REVIEW_REQUIRED; sephora>Sephora/LEGACY_UNREVIEWED; sephora>Sephora/NATIVE_SOURCE_LABEL|1 emp / 2275 offres : Sephora|Sephora
sephora-france|09-24|1362963955|PORTAL_OWNER_NOT_CERTIFIED|Sephora|sephora>∅/REVIEW_REQUIRED|1 emp / 2275 offres : Sephora|
sephora-france|09-25|1364681455|PORTAL_OWNER_NOT_CERTIFIED|Sephora|sephora>∅/REVIEW_REQUIRED; sephora>Sephora/LEGACY_UNREVIEWED; sephora>Sephora/NATIVE_SOURCE_LABEL|1 emp / 2274 offres : Sephora|Sephora
sephora-france|09-25|1366095555|PORTAL_OWNER_NOT_CERTIFIED|Sephora|sephora>∅/REVIEW_REQUIRED; sephora>Sephora/LEGACY_UNREVIEWED; sephora>Sephora/NATIVE_SOURCE_LABEL|1 emp / 2274 offres : Sephora|Sephora
sephora-france|09-25|1362963955|PORTAL_OWNER_NOT_CERTIFIED|Sephora|sephora>∅/REVIEW_REQUIRED|1 emp / 2274 offres : Sephora|
sephora-france|09-25|1362619755|PORTAL_OWNER_NOT_CERTIFIED|Sephora|sephora>∅/REVIEW_REQUIRED|1 emp / 2274 offres : Sephora|
sephora-france|09-25|1368976455|PORTAL_OWNER_NOT_CERTIFIED|Sephora|sephora>∅/REVIEW_REQUIRED; sephora>Sephora/LEGACY_UNREVIEWED; sephora>Sephora/NATIVE_SOURCE_LABEL|1 emp / 2274 offres : Sephora|Sephora
sephora-france|09-26|1362963955|PORTAL_OWNER_NOT_CERTIFIED|Sephora|sephora>∅/REVIEW_REQUIRED|1 emp / 2243 offres : Sephora|
sephora-france|09-26|1366095555|PORTAL_OWNER_NOT_CERTIFIED|Sephora|sephora>∅/REVIEW_REQUIRED; sephora>Sephora/LEGACY_UNREVIEWED; sephora>Sephora/NATIVE_SOURCE_LABEL|1 emp / 2243 offres : Sephora|Sephora
sephora-france|09-26|1368976455|PORTAL_OWNER_NOT_CERTIFIED|Sephora|sephora>∅/REVIEW_REQUIRED; sephora>Sephora/LEGACY_UNREVIEWED; sephora>Sephora/NATIVE_SOURCE_LABEL|1 emp / 2243 offres : Sephora|Sephora
sephora-france|09-26|1362619755|PORTAL_OWNER_NOT_CERTIFIED|Sephora|sephora>∅/REVIEW_REQUIRED|1 emp / 2243 offres : Sephora|
sephora-france|09-27|1368976455|PORTAL_OWNER_NOT_CERTIFIED|Sephora|sephora>∅/REVIEW_REQUIRED; sephora>Sephora/LEGACY_UNREVIEWED; sephora>Sephora/NATIVE_SOURCE_LABEL|1 emp / 2230 offres : Sephora|Sephora
sephora-france|09-27|1366095555|PORTAL_OWNER_NOT_CERTIFIED|Sephora|sephora>∅/REVIEW_REQUIRED; sephora>Sephora/LEGACY_UNREVIEWED; sephora>Sephora/NATIVE_SOURCE_LABEL|1 emp / 2230 offres : Sephora|Sephora
sephora-france|09-27|1362963955|PORTAL_OWNER_NOT_CERTIFIED|Sephora|sephora>∅/REVIEW_REQUIRED|1 emp / 2230 offres : Sephora|
sephora-france|09-27|1362619755|PORTAL_OWNER_NOT_CERTIFIED|Sephora|sephora>∅/REVIEW_REQUIRED|1 emp / 2230 offres : Sephora|
swatch-group|09-24|33197|EMPLOYER_SPELLING_DIVERGED|Swatch|flik flak>Flik Flak/LEGACY_UNREVIEWED; swatch>∅/REVIEW_REQUIRED; swatch>Swatch/REVIEWED_ALIAS|26 emp / 292 offres : ∅, Blancpain, Breguet, Certina, Comadur, CPK Swatch Group, EM Microelectronic, ETA, Flik Flak, Glashütte Original, Hamilton, Hour Passion, Lascor, Longines, Meco, Mido, Nivarox, Omega, Rado, Renata, R|Swatch
swatch-group|09-26|33197|EMPLOYER_SPELLING_DIVERGED|Swatch|flik flak>Flik Flak/LEGACY_UNREVIEWED; swatch>∅/REVIEW_REQUIRED; swatch>Swatch/REVIEWED_ALIAS|11 emp / 62 offres : ETA, Flik Flak, Hour Passion, Longines, Omega, Rado, Swatch, Swatch Group, Swiss Timing, Tissot, Universo|Swatch
swatch-group|09-27|33197|EMPLOYER_SPELLING_DIVERGED|Swatch|flik flak>Flik Flak/LEGACY_UNREVIEWED; swatch>∅/REVIEW_REQUIRED; swatch>Swatch/REVIEWED_ALIAS|6 emp / 12 offres : ETA, Longines, Omega, Swatch, Swatch Group, Swiss Timing|Swatch
swatch-group|09-28|33197|EMPLOYER_SPELLING_DIVERGED|Swatch|flik flak>Flik Flak/LEGACY_UNREVIEWED; swatch>∅/REVIEW_REQUIRED; swatch>Swatch/REVIEWED_ALIAS|7 emp / 12 offres : EM Microelectronic, ETA, Hamilton, Hour Passion, Omega, Swatch, Swatch Group|Swatch
swatch-group|09-29|33197|EMPLOYER_SPELLING_DIVERGED|Swatch|flik flak>Flik Flak/LEGACY_UNREVIEWED; swatch>∅/REVIEW_REQUIRED; swatch>Swatch/REVIEWED_ALIAS|8 emp / 22 offres : EM Microelectronic, ETA, Hamilton, Hour Passion, Omega, Swatch, Swatch Group, Swiss Timing|Swatch
tapestry|09-26|Sales-Associate-III_JR5246|EMPLOYER_SPELLING_DIVERGED|Tapestry, Inc.|kate spade>Kate Spade/REVIEWED_ALIAS; tapestry, inc.>∅/REVIEW_REQUIRED|4 emp / 1406 offres : ∅, Coach, Kate Spade, Tapestry, Tapestry, Inc.|Kate Spade
