SET
run|sourceKey|motif|count
09-23 07:51|abercrombie|PORTAL_OWNER_NOT_CERTIFIED|8
09-23 07:51|aeropostale|PORTAL_OWNER_NOT_CERTIFIED|18
09-23 07:51|aeyde|SOURCE_NEVER_PUBLISHED_FOR_HOUSE|8
09-23 07:51|annoushka|SOURCE_NEVER_PUBLISHED_FOR_HOUSE|3
09-23 07:51|aritzia|SOURCE_NEVER_PUBLISHED_FOR_HOUSE|319
09-23 07:51|asos|PORTAL_OWNER_NOT_CERTIFIED|65
09-23 07:51|beauty-success-geodir|PORTAL_OWNER_NOT_CERTIFIED|89
09-23 07:51|beiersdorf|SOURCE_NEVER_PUBLISHED_FOR_HOUSE|67
09-23 07:51|bloomingdales-oracle|PORTAL_OWNER_NOT_CERTIFIED|1014
09-23 07:51|breitling-sf|PORTAL_OWNER_NOT_CERTIFIED|46
09-23 07:51|browns|PORTAL_OWNER_NOT_CERTIFIED|1
09-23 07:51|brunello-cucinelli|EMPLOYER_TARGET_MISMATCH|23
09-23 07:51|brunello-cucinelli|SOURCE_NEVER_PUBLISHED_FOR_HOUSE|7
09-23 07:51|buff|SOURCE_NEVER_PUBLISHED_FOR_HOUSE|4
09-23 07:51|canada-goose|SOURCE_NEVER_PUBLISHED_FOR_HOUSE|66
09-23 07:51|capri-jimmy-choo|SOURCE_NEVER_PUBLISHED_FOR_HOUSE|44
09-23 07:51|capri-michael-kors|EMPLOYER_TARGET_MISMATCH|39
09-23 07:51|capri-michael-kors|SOURCE_NEVER_PUBLISHED_FOR_HOUSE|123
09-23 07:51|claires-workday|SOURCE_NEVER_PUBLISHED_FOR_HOUSE|1
09-23 07:51|clarins|SOURCE_NEVER_PUBLISHED_FOR_HOUSE|91
09-23 07:51|conde-nast-france|SOURCE_NEVER_PUBLISHED_FOR_HOUSE|113
09-23 07:51|crocs|SOURCE_NEVER_PUBLISHED_FOR_HOUSE|490
09-23 07:51|dolce-gabbana|SOURCE_NEVER_PUBLISHED_FOR_HOUSE|98
09-23 07:51|dr-martens-tf|PORTAL_OWNER_NOT_CERTIFIED|202
09-23 07:51|dr-pierre-ricaud|PORTAL_OWNER_NOT_CERTIFIED|1
09-23 07:51|element-6|EMPLOYER_TARGET_MISMATCH|8
09-23 07:51|eram-3|EMPLOYER_TARGET_MISMATCH|14
09-23 07:51|essilorluxottica|PORTAL_OWNER_NOT_CERTIFIED|7
09-23 07:51|etam|EMPLOYER_TARGET_MISMATCH|15
09-23 07:51|etam|SOURCE_NEVER_PUBLISHED_FOR_HOUSE|1
09-23 07:51|everything-but-water|SOURCE_NEVER_PUBLISHED_FOR_HOUSE|51
09-23 07:51|fenwick-volcanic|PORTAL_OWNER_NOT_CERTIFIED|37
09-23 07:51|foot-locker-france|EMPLOYER_TARGET_MISMATCH|14
09-23 07:51|fred-perry|SOURCE_NEVER_PUBLISHED_FOR_HOUSE|14
09-23 07:51|galeries-lafayette|SOURCE_NEVER_PUBLISHED_FOR_HOUSE|147
09-23 07:51|goyard-successfactors|PORTAL_OWNER_NOT_CERTIFIED|21
09-23 07:51|groundies|SOURCE_NEVER_PUBLISHED_FOR_HOUSE|1
09-23 07:51|groupe-chantelle|PORTAL_OWNER_NOT_CERTIFIED|37
09-23 07:51|groupe-printemps|PORTAL_OWNER_NOT_CERTIFIED|101
09-23 07:51|gu-us-headquarters|SOURCE_NEVER_PUBLISHED_FOR_HOUSE|2
09-23 07:51|gu-us-retail|SOURCE_NEVER_PUBLISHED_FOR_HOUSE|5
09-23 07:51|hans-anders|SOURCE_NEVER_PUBLISHED_FOR_HOUSE|140
09-23 07:51|hm-group|PORTAL_OWNER_NOT_CERTIFIED|1830
09-23 07:51|hot-topic|PORTAL_OWNER_NOT_CERTIFIED|20
09-23 07:51|jansport|SOURCE_NEVER_PUBLISHED_FOR_HOUSE|2
09-23 07:51|julie-grace|SOURCE_NEVER_PUBLISHED_FOR_HOUSE|4
09-23 07:51|la-fee-maraboutee|SOURCE_NEVER_PUBLISHED_FOR_HOUSE|20
09-23 07:51|lagardere-duty-free|PORTAL_OWNER_NOT_CERTIFIED|9
09-23 07:51|lagardere-travel-retail|PORTAL_OWNER_NOT_CERTIFIED|109
09-23 07:51|lagardere-travel-retail-de|PORTAL_OWNER_NOT_CERTIFIED|10
09-23 07:51|la-redoute-talentview|EMPLOYER_TARGET_MISMATCH|1
09-23 07:51|lucy-yak|SOURCE_NEVER_PUBLISHED_FOR_HOUSE|2
09-23 07:51|luxe-talent|PORTAL_OWNER_NOT_CERTIFIED|478
09-23 07:51|lvmh|PORTAL_OWNER_NOT_CERTIFIED|30
09-23 07:51|lvmh|SOURCE_NEVER_PUBLISHED_FOR_HOUSE|3
09-23 07:51|madewell|SOURCE_NEVER_PUBLISHED_FOR_HOUSE|337
09-23 07:51|margaret-howell|SOURCE_NEVER_PUBLISHED_FOR_HOUSE|1
09-23 07:51|movado|SOURCE_NEVER_PUBLISHED_FOR_HOUSE|130
09-23 07:51|mq-marqet|SOURCE_NEVER_PUBLISHED_FOR_HOUSE|6
09-23 07:51|new-balance|EMPLOYER_TARGET_MISMATCH|45
09-23 07:51|new-balance|SOURCE_NEVER_PUBLISHED_FOR_HOUSE|35
09-23 07:51|nike|EMPLOYER_TARGET_MISMATCH|203
09-23 07:51|nike|SOURCE_NEVER_PUBLISHED_FOR_HOUSE|54
09-23 07:51|normal|EMPLOYER_TARGET_MISMATCH|18
09-23 07:51|patek-philippe|SOURCE_NEVER_PUBLISHED_FOR_HOUSE|14
09-23 07:51|pegador|SOURCE_NEVER_PUBLISHED_FOR_HOUSE|11
09-23 07:51|penningtons|PORTAL_OWNER_NOT_CERTIFIED|316
09-23 07:51|pepco|SOURCE_NEVER_PUBLISHED_FOR_HOUSE|56
09-23 07:51|rituals|PORTAL_OWNER_NOT_CERTIFIED|767
09-23 07:51|rolex|SOURCE_NEVER_PUBLISHED_FOR_HOUSE|218
09-23 07:51|stanley-stella|SOURCE_NEVER_PUBLISHED_FOR_HOUSE|2
09-23 07:51|stella-mccartney|EMPLOYER_TARGET_MISMATCH|26
09-23 07:51|stella-mccartney|SOURCE_NEVER_PUBLISHED_FOR_HOUSE|7
09-23 07:51|theory-us-retail|SOURCE_NEVER_PUBLISHED_FOR_HOUSE|1
09-23 07:51|thomas-sabo|EMPLOYER_SPELLING_DIVERGED|1
09-23 07:51|tiffany-oracle|PORTAL_OWNER_NOT_CERTIFIED|460
09-23 07:51|toteme|SOURCE_NEVER_PUBLISHED_FOR_HOUSE|19
09-23 07:51|uniqlo-au-graduates|SOURCE_NEVER_PUBLISHED_FOR_HOUSE|2
09-23 07:51|uniqlo-au-stores|SOURCE_NEVER_PUBLISHED_FOR_HOUSE|71
09-23 07:51|uniqlo-graduates|SOURCE_NEVER_PUBLISHED_FOR_HOUSE|11
09-23 07:51|uniqlo-headquarters|SOURCE_NEVER_PUBLISHED_FOR_HOUSE|16
09-23 07:51|uniqlo-hkm-headquarters|SOURCE_NEVER_PUBLISHED_FOR_HOUSE|4
09-23 07:51|uniqlo-stores|EMPLOYER_TARGET_MISMATCH|74
09-23 07:51|uniqlo-stores|SOURCE_NEVER_PUBLISHED_FOR_HOUSE|11
09-23 07:51|valentino|PORTAL_OWNER_NOT_CERTIFIED|1
09-23 07:51|versace|EMPLOYER_TARGET_MISMATCH|24
09-23 07:51|versace|SOURCE_NEVER_PUBLISHED_FOR_HOUSE|14
09-23 16:01|adidas|PORTAL_OWNER_NOT_CERTIFIED|1253
09-23 16:01|aeropostale|PORTAL_OWNER_NOT_CERTIFIED|18
09-23 16:01|beauty-success-geodir|PORTAL_OWNER_NOT_CERTIFIED|90
09-23 16:01|browns|PORTAL_OWNER_NOT_CERTIFIED|1
09-23 16:01|brown-thomas-taleo|PORTAL_OWNER_NOT_CERTIFIED|12
09-23 16:01|b-s-international|EMPLOYER_SPELLING_DIVERGED|62
09-23 16:01|dr-pierre-ricaud|PORTAL_OWNER_NOT_CERTIFIED|1
09-23 16:01|funky-buddha|EMPLOYER_SPELLING_DIVERGED|23
09-23 16:01|groupe-chantelle|PORTAL_OWNER_NOT_CERTIFIED|37
09-23 16:01|groupe-printemps|PORTAL_OWNER_NOT_CERTIFIED|100
09-23 16:01|hot-topic|PORTAL_OWNER_NOT_CERTIFIED|20
09-23 16:01|hugo-boss-phenom|PORTAL_OWNER_NOT_CERTIFIED|780
09-23 16:01|jean-paul-gaultier-5|PORTAL_OWNER_NOT_CERTIFIED|1
09-23 16:01|lagardere-duty-free|PORTAL_OWNER_NOT_CERTIFIED|9
09-23 16:01|lagardere-travel-retail|PORTAL_OWNER_NOT_CERTIFIED|109
09-23 16:01|lagardere-travel-retail-de|PORTAL_OWNER_NOT_CERTIFIED|10
09-23 16:01|luxe-talent|PORTAL_OWNER_NOT_CERTIFIED|478
09-23 16:01|lvmh|PORTAL_OWNER_NOT_CERTIFIED|30
09-23 16:01|miu-miu|EMPLOYER_SPELLING_DIVERGED|7
09-23 16:01|skechers-phenom|PORTAL_OWNER_NOT_CERTIFIED|1595
09-23 16:01|tapestry|ALIAS_SOURCE_OR_TENANT_CHANGED|1
09-23 16:01|thomas-sabo|EMPLOYER_SPELLING_DIVERGED|1
09-23 16:01|tiffany-oracle|PORTAL_OWNER_NOT_CERTIFIED|457
run|status|issues
09-24 16:03|FAILED|60
09-25 16:01|FAILED|58
09-26 16:02|FAILED|55
09-27 16:04|FAILED|56
09-28 16:02|FAILED|60
09-29 16:10|FAILED|73
09-30 16:00|FAILED|36
10-01 16:03|FAILED|41
