
## RUN c4c32dcb, fin 2026-09-23T07:22 (COMPLETED_WITH_ERRORS)
référence : 0 RUN ; alertes qui réveillent : 181 (nouvelles 181, à réparer 181, à vérifier 0) ; pour information : 0
- [A_REPARER] Source ulta-jibe · menace · collecte en échec ou incomplète (de notre côté) · nouvelle | 10 035 offres servies ne tiennent qu’à cette collecte, en échec à ce RUN | touche : marché États-Unis 10 035 (54,6 %) ; Ulta Beauty 10 035 (100 %) | Source à réparer : ulta-jibe (10 035 ; BROKEN : 1 erreurs de collecte ou d’écriture : Access decision must be renewed for the current source revision, reader and evidence) ; masquées à partir du 23/09 08:23 UTC si la collecte ne reprend pas ; relancer : ingest --source=ulta-jibe
- [A_REPARER] Source lvmh · menace · collecte en échec ou incomplète (de notre côté) · nouvelle | 6 141 offres servies ne tiennent qu’à cette collecte, en échec à ce RUN | touche : Sephora 2 488 (100 %) ; marché États-Unis 2 105 (11,5 %) ; marché France 1 435 (32,2 %) ; Louis Vuitton 652 (100 %) ; marché Chine 579 (71,1 %) ; Christian Dior Couture 484 (100 %) ; et 50 autres | Source à réparer : lvmh (6 141 ; BROKEN : 1 erreurs de collecte ou d’écriture : Access decision must be renewed for the current source revision, reader and evidence) ; masquées à partir du 22/09 12:04 UTC si la collecte ne reprend pas ; relancer : ingest --source=lvmh
- [A_REPARER] Source nordstrom · menace · collecte en échec ou incomplète (de notre côté) · nouvelle | 1 326 offres servies ne tiennent qu’à cette collecte, en échec à ce RUN | touche : marché États-Unis 1 326 (7,2 %) ; Nordstrom 1 326 (100 %) | Source à réparer : nordstrom (1 326 ; BROKEN : 1 erreurs de collecte ou d’écriture : Access decision must be renewed for the current source revision, reader and evidence) ; masquées à partir du 23/09 06:12 UTC si la collecte ne reprend pas ; relancer : ingest --source=nordstrom
- [A_REPARER] Source lovisa · menace · collecte en échec ou incomplète (de notre côté) · nouvelle | 1 060 offres servies ne tiennent qu’à cette collecte, en échec à ce RUN | touche : Lovisa 1 060 (100 %) ; marché États-Unis 579 (3,2 %) | Source à réparer : lovisa (1 060 ; BROKEN : 1 erreurs de collecte ou d’écriture : Access decision must be renewed for the current source revision, reader and evidence) ; masquées à partir du 21/09 20:39 UTC si la collecte ne reprend pas ; relancer : ingest --source=lovisa
- [A_REPARER] Source richemont-workday · menace · collecte en échec ou incomplète (de notre côté) · nouvelle | 956 offres servies ne tiennent qu’à cette collecte, en échec à ce RUN | touche : Richemont 451 (66,2 %) ; marché Suisse 159 (32 %) ; Van Cleef & Arpels 148 (54,8 %) ; marché Corée du Sud 89 (44,9 %) ; Cartier 87 (71,3 %) ; marché Japon 82 (38,7 %) ; et 13 autres | Source à réparer : richemont-workday (956 ; BROKEN : 1 erreurs de collecte ou d’écriture : Access decision must be renewed for the current source revision, reader and evidence) ; masquées à partir du 23/09 11:38 UTC si la collecte ne reprend pas ; relancer : ingest --source=richemont-workday
- [A_REPARER] Source primark · menace · collecte en échec ou incomplète (de notre côté) · nouvelle | 891 offres servies ne tiennent qu’à cette collecte, en échec à ce RUN | touche : Primark 891 (100 %) ; marché Portugal 81 (30,3 %) | Source à réparer : primark (891 ; BROKEN : 1 erreurs de collecte ou d’écriture : Access decision must be renewed for the current source revision, reader and evidence) ; masquées à partir du 23/09 09:39 UTC si la collecte ne reprend pas ; relancer : ingest --source=primark
- [A_REPARER] Source vf-corporation · menace · collecte en échec ou incomplète (de notre côté) · nouvelle | 871 offres servies ne tiennent qu’à cette collecte, en échec à ce RUN | touche : VF Corporation 863 (100 %) ; marché États-Unis 746 (4,1 %) ; Icebreaker 8 (100 %) | Source à réparer : vf-corporation (871 ; BROKEN : 1 erreurs de collecte ou d’écriture : Access decision must be renewed for the current source revision, reader and evidence) ; masquées à partir du 23/09 12:01 UTC si la collecte ne reprend pas ; relancer : ingest --source=vf-corporation
- [A_REPARER] Source la-casa-de-las-carcasas · menace · collecte en échec ou incomplète (de notre côté) · nouvelle | 691 offres servies ne tiennent qu’à cette collecte, en échec à ce RUN | touche : La casa de las Carcasas 691 (100 %) ; marché Chili 154 (98,7 %) ; marché Grèce 69 (59 %) ; marché Pérou 48 (94,1 %) | Source à réparer : la-casa-de-las-carcasas (691 ; BROKEN : 1 erreurs de collecte ou d’écriture : Access decision must be renewed for the current source revision, reader and evidence) ; masquées à partir du 23/09 10:29 UTC si la collecte ne reprend pas ; relancer : ingest --source=la-casa-de-las-carcasas

## RUN ca946bd4, fin 2026-09-23T09:45 (COMPLETED_WITH_ERRORS)
référence : 0 RUN ; alertes qui réveillent : 5 (nouvelles 0, à réparer 0, à vérifier 0) ; pour information : 0
- [A_REPARER] Source ulta-jibe · menace · collecte en échec ou incomplète (de notre côté) · en cours | 10 035 offres servies ne tiennent qu’à cette collecte, en échec à ce RUN | touche : marché États-Unis 10 035 (41,7 %) ; Ulta Beauty 10 035 (100 %) | Source à réparer : ulta-jibe (10 035 ; ERROR : Access qualification requires validated native evidence: REJECTED) ; masquées à partir du 23/09 08:23 UTC si la collecte ne reprend pas ; relancer : ingest --source=ulta-jibe
- [A_REPARER] Source richemont-workday · menace · collecte en échec ou incomplète (de notre côté) · en cours | 954 offres servies ne tiennent qu’à cette collecte, en échec à ce RUN | touche : Richemont 450 (65 %) ; marché Suisse 159 (29,4 %) ; Van Cleef & Arpels 148 (54,6 %) ; marché Corée du Sud 88 (36,5 %) ; Cartier 87 (71,3 %) ; marché Japon 82 (36,8 %) ; et 13 autres | Source à réparer : richemont-workday (954 ; ERROR : Access qualification requires validated native evidence: REJECTED) ; masquées à partir du 23/09 11:38 UTC si la collecte ne reprend pas ; relancer : ingest --source=richemont-workday
- [A_REPARER] Source vf-corporation · menace · collecte en échec ou incomplète (de notre côté) · en cours | 871 offres servies ne tiennent qu’à cette collecte, en échec à ce RUN | touche : VF Corporation 863 (100 %) ; marché États-Unis 746 (3,1 %) ; Icebreaker 8 (100 %) | Source à réparer : vf-corporation (871 ; ERROR : Access qualification requires validated native evidence: REJECTED) ; masquées à partir du 23/09 12:01 UTC si la collecte ne reprend pas ; relancer : ingest --source=vf-corporation
- [A_REPARER] Source decjuba · menace · collecte en échec ou incomplète (de notre côté) · en cours | 160 offres servies ne tiennent qu’à cette collecte, en échec à ce RUN | touche : DECJUBA 160 (100 %) ; marché Nouvelle-Zélande 29 (28,7 %) | Source à réparer : decjuba (160 ; BROKEN : 1 erreurs de collecte ou d’écriture : Ingestion requires a qualified native result) ; masquées à partir du 23/09 09:58 UTC si la collecte ne reprend pas ; relancer : ingest --source=decjuba
- [A_REPARER] Source escada-parfums-16 · menace · collecte en échec ou incomplète (de notre côté) · en cours | 160 offres servies ne tiennent qu’à cette collecte, en échec à ce RUN | touche : Coty 160 (100 %) | Source à réparer : escada-parfums-16 (160 ; BROKEN : 1 erreurs de collecte ou d’écriture : Ingestion requires a qualified native result) ; masquées à partir du 23/09 10:04 UTC si la collecte ne reprend pas ; relancer : ingest --source=escada-parfums-16

## RUN 8b13d1f0, fin 2026-09-23T17:44 (COMPLETED_WITH_ERRORS)
référence : 0 RUN ; alertes qui réveillent : 2 (nouvelles 2, à réparer 2, à vérifier 0) ; pour information : 3
- [A_REPARER] Source b-s-international · menace · collecte en échec ou incomplète (de notre côté) · nouvelle | 68 offres servies ne tiennent qu’à cette collecte, en échec à ce RUN | touche : B&S International 68 (100 %) | Source à réparer : b-s-international (68 ; BROKEN : 62 erreurs de collecte ou d’écriture · desc 100% date 100% pays 100% url 100%) ; masquées à partir du 23/09 09:17 UTC si la collecte ne reprend pas ; relancer : ingest --source=b-s-international
- [A_REPARER] Source funky-buddha · menace · collecte en échec ou incomplète (de notre côté) · nouvelle | 25 offres servies ne tiennent qu’à cette collecte, en échec à ce RUN | touche : Funky Buddha 25 (100 %) | Source à réparer : funky-buddha (25 ; BROKEN : 23 erreurs de collecte ou d’écriture · desc 100% date 100% pays 100% url 100%) ; masquées à partir du 23/09 09:21 UTC si la collecte ne reprend pas ; relancer : ingest --source=funky-buddha
- [INFORMATION] Maison NIKE de Mexico, S. de R.L. de C.V. · perte · fermeture prouvée par la source · nouvelle | 10 offres servies en moins (32,3 %) : 21 contre 31 avant ce RUN
- [INFORMATION] Maison Prisma Media · perte · fermeture prouvée par la source · nouvelle | 7 offres servies en moins (41,2 %) : 10 contre 17 avant ce RUN
- [INFORMATION] Maison Ackermans · perte · fermeture prouvée par la source · nouvelle | 5 offres servies en moins (55,6 %) : 4 contre 9 avant ce RUN

## RUN 35ba463f, fin 2026-09-24T19:22 (FAILED)
référence : 3 RUN ; alertes qui réveillent : 1 (nouvelles 1, à réparer 1, à vérifier 0) ; pour information : 2
- [A_REPARER] Source rolex · menace · collecte en échec ou incomplète (de notre côté) · nouvelle | 216 offres servies ne tiennent qu’à cette collecte, en échec à ce RUN | touche : ROLEX SA 216 (100 %) | Source à réparer : rolex (216 ; ERROR : fetch failed) ; masquées à partir du 26/09 16:34 UTC si la collecte ne reprend pas ; relancer : ingest --source=rolex
- [INFORMATION] Maison Prisma Media · perte · fermeture prouvée par la source · en cours | 7 offres servies en moins (41,2 %) : 10 contre 17 d’habitude
- [INFORMATION] Maison Ackermans · perte · fermeture prouvée par la source · en cours | 5 offres servies en moins (62,5 %) : 3 contre 8 d’habitude

## RUN 02ce57f9, fin 2026-09-25T18:09 (FAILED)
référence : 4 RUN ; alertes qui réveillent : 0 (nouvelles 0, à réparer 0, à vérifier 0) ; pour information : 1
- [INFORMATION] Maison Blue Banana · perte · fermeture prouvée par la source · nouvelle | 5 offres servies en moins (35,7 %) : 9 contre 14 avant ce RUN

## RUN 966e9549, fin 2026-09-26T18:04 (FAILED)
référence : 5 RUN ; alertes qui réveillent : 0 (nouvelles 0, à réparer 0, à vérifier 0) ; pour information : 3
- [INFORMATION] Marché États-Unis · perte · fermeture prouvée par la source · nouvelle | 562 offres servies en moins (1,5 %) : 37 056 contre 37 618 avant ce RUN
- [INFORMATION] Maison Nordstrom · perte · fermeture prouvée par la source · nouvelle | 409 offres servies en moins (23,1 %) : 1 365 contre 1 774 avant ce RUN
- [INFORMATION] Maison DARJEELING · perte · fermeture prouvée par la source · nouvelle | 8 offres servies en moins (42,1 %) : 11 contre 19 avant ce RUN

## RUN 403eadd0, fin 2026-09-27T17:41 (FAILED)
référence : 6 RUN ; alertes qui réveillent : 1 (nouvelles 1, à réparer 1, à vérifier 0) ; pour information : 1
- [A_REPARER] Source everything-but-water · menace · collecte en échec ou incomplète (de notre côté) · nouvelle | 53 offres servies ne tiennent qu’à cette collecte, en échec à ce RUN | touche : Orlando Bathing Suit, LLC 53 (98,1 %) | Source à réparer : everything-but-water (53 ; BROKEN : 1 erreur de collecte ou d’écriture : Native response capture unavailable; extraction stopped) ; masquées à partir du 29/09 16:26 UTC si la collecte ne reprend pas ; relancer : ingest --source=everything-but-water
- [INFORMATION] Maison Nordstrom · perte · fermeture prouvée par la source · en cours | 231 offres servies en moins (14,9 %) : 1 317 contre 1 548 d’habitude

## RUN da0587ac, fin 2026-09-28T20:15 (FAILED)
référence : 7 RUN ; alertes qui réveillent : 3 (nouvelles 3, à réparer 3, à vérifier 0) ; pour information : 0
- [A_REPARER] Source ulta-jibe · menace · collecte en échec ou incomplète (de notre côté) · nouvelle | 10 860 offres servies ne tiennent qu’à cette collecte, en échec à ce RUN | touche : marché États-Unis 10 860 (28,9 %) ; Ulta Beauty 10 860 (100 %) | Source à réparer : ulta-jibe (10 860 ; TIMEOUT : cut at 2400s) ; masquées à partir du 23/09 08:23 UTC si la collecte ne reprend pas ; relancer : ingest --source=ulta-jibe
- [A_REPARER] Source sephora-france · menace · collecte en échec ou incomplète (de notre côté) · nouvelle | 2 417 offres servies ne tiennent qu’à cette collecte, en échec à ce RUN | touche : Sephora 2 417 (45,2 %) ; marché États-Unis 1 486 (4 %) | Source à réparer : sephora-france (2 417 ; BROKEN : 1 erreur de collecte ou d’écriture : Ingestion requires a qualified native result) ; masquées à partir du 26/09 20:36 UTC si la collecte ne reprend pas ; relancer : ingest --source=sephora-france
- [A_REPARER] Source selfridges · menace · collecte en échec ou incomplète (de notre côté) · nouvelle | 65 offres servies ne tiennent qu’à cette collecte, en échec à ce RUN | touche : Selfridges 65 (86,7 %) | Source à réparer : selfridges (65 ; BROKEN : 1 erreur de collecte ou d’écriture : generic-listing https://jobsearch.selfridges.com/jobs/search/-1/{page}: 63 liens d'offre, 0 offre lue, 63 échecs de détail ) ; masquées à partir du 23/09 08:04 UTC si la collecte ne reprend pas ; relancer : ingest --source=selfridges

## RUN 12f79076, fin 2026-09-29T17:41 (FAILED)
référence : 7 RUN ; alertes qui réveillent : 17 (nouvelles 15, à réparer 15, à vérifier 0) ; pour information : 0
- [A_REPARER] Source therealreal · menace · collecte en échec ou incomplète (de notre côté) · nouvelle | 113 offres servies ne tiennent qu’à cette collecte, en échec à ce RUN | touche : The RealReal 113 (95 %) | Source à réparer : therealreal (113 ; BROKEN : 1 erreur de collecte ou d’écriture : Native response capture unavailable; extraction stopped) ; masquées à partir du 30/09 16:31 UTC si la collecte ne reprend pas ; relancer : ingest --source=therealreal
- [A_REPARER] Source uniqlo-au-stores · menace · collecte en échec ou incomplète (de notre côté) · nouvelle | 71 offres servies ne tiennent qu’à cette collecte, en échec à ce RUN | touche : UNIQLO AUSTRALIA PTY LTD. 71 (100 %) | Source à réparer : uniqlo-au-stores (71 ; BROKEN : 1 erreur de collecte ou d’écriture : Native response capture unavailable; extraction stopped) ; masquées à partir du 01/10 16:38 UTC si la collecte ne reprend pas ; relancer : ingest --source=uniqlo-au-stores
- [A_REPARER] Source everything-but-water · menace · collecte en échec ou incomplète (de notre côté) · nouvelle | 56 offres servies ne tiennent qu’à cette collecte, en échec à ce RUN | touche : Orlando Bathing Suit, LLC 56 (100 %) | Source à réparer : everything-but-water (56 ; BROKEN : 1 erreur de collecte ou d’écriture : Native response capture unavailable; extraction stopped) ; masquées à partir du 01/10 16:03 UTC si la collecte ne reprend pas ; relancer : ingest --source=everything-but-water
- [A_REPARER] Source boardriders · menace · collecte en échec ou incomplète (de notre côté) · nouvelle | 51 offres servies ne tiennent qu’à cette collecte, en échec à ce RUN | touche : Boardriders 51 (63,8 %) | Source à réparer : boardriders (51 ; BROKEN : 1 erreur de collecte ou d’écriture : Native response capture unavailable; extraction stopped) ; masquées à partir du 23/09 09:50 UTC si la collecte ne reprend pas ; relancer : ingest --source=boardriders
- [A_REPARER] Source breitling-sf · menace · collecte en échec ou incomplète (de notre côté) · nouvelle | 47 offres servies ne tiennent qu’à cette collecte, en échec à ce RUN | touche : Breitling 47 (100 %) | Source à réparer : breitling-sf (47 ; BROKEN : 1 erreur de collecte ou d’écriture : Native response capture unavailable; extraction stopped) ; masquées à partir du 26/09 16:02 UTC si la collecte ne reprend pas ; relancer : ingest --source=breitling-sf
- [A_REPARER] Source capri-jimmy-choo · menace · collecte en échec ou incomplète (de notre côté) · nouvelle | 45 offres servies ne tiennent qu’à cette collecte, en échec à ce RUN | touche : J. Choo Limited 16 (100 %) ; J Choo USA Inc 14 (93,3 %) | Source à réparer : capri-jimmy-choo (45 ; BROKEN : 1 erreur de collecte ou d’écriture : Native response capture unavailable; extraction stopped) ; masquées à partir du 30/09 16:26 UTC si la collecte ne reprend pas ; relancer : ingest --source=capri-jimmy-choo
- [A_REPARER] Source nars · menace · collecte en échec ou incomplète (de notre côté) · nouvelle | 43 offres servies ne tiennent qu’à cette collecte, en échec à ce RUN | touche : Shiseido Americas Corporation 43 (100 %) | Source à réparer : nars (43 ; BROKEN : 1 erreur de collecte ou d’écriture : Native response capture unavailable; extraction stopped) ; masquées à partir du 01/10 16:31 UTC si la collecte ne reprend pas ; relancer : ingest --source=nars
- [A_REPARER] Source marc-o-polo · menace · collecte en échec ou incomplète (de notre côté) · nouvelle | 41 offres servies ne tiennent qu’à cette collecte, en échec à ce RUN | touche : Marc O’Polo 41 (100 %) | Source à réparer : marc-o-polo (41 ; BROKEN : 1 erreur de collecte ou d’écriture : Native response capture unavailable; extraction stopped) ; masquées à partir du 27/09 16:22 UTC si la collecte ne reprend pas ; relancer : ingest --source=marc-o-polo

## RUN 0f7fb086, fin 2026-09-30T20:08 (FAILED)
référence : 7 RUN ; alertes qui réveillent : 2 (nouvelles 2, à réparer 2, à vérifier 0) ; pour information : 5
- [A_REPARER] Source urbn-hub · menace · collecte en échec ou incomplète (de notre côté) · nouvelle | 1 663 offres servies ne tiennent qu’à cette collecte, en échec à ce RUN | touche : marché États-Unis 1 460 (3,6 %) ; Anthropologie 521 (99,4 %) ; Urban Outfitters 371 (98,1 %) ; Free People 282 (98,9 %) ; FP Movement 172 (98,9 %) ; URBN 109 (100 %) ; et 6 autres | Source à réparer : urbn-hub (1 663 ; BROKEN : 1 erreur de collecte ou d’écriture : Request is outside the reviewed public HTTP scope) ; masquées à partir du 26/09 12:11 UTC si la collecte ne reprend pas ; relancer : ingest --source=urbn-hub
- [A_REPARER] Source swatch-group · menace · collecte en échec ou incomplète (de notre côté) · nouvelle | 370 offres servies ne tiennent qu’à cette collecte, en échec à ce RUN | touche : Swatch 95 (100 %) ; ETA 52 (100 %) ; Omega 46 (100 %) ; Swatch Group 35 (100 %) ; Longines 27 (100 %) ; Tissot 16 (100 %) ; et 10 autres | Source à réparer : swatch-group (370 ; BROKEN : 1 erreur de collecte ou d’écriture : Request is outside the reviewed public HTTP scope) ; masquées à partir du 26/09 16:40 UTC si la collecte ne reprend pas ; relancer : ingest --source=swatch-group
- [INFORMATION] Marché États-Unis · perte · fermeture prouvée par la source · nouvelle | 796 offres servies en moins (2 %) : 39 954 contre 40 750 avant ce RUN
- [INFORMATION] Maison Skechers · perte · fermeture prouvée par la source · nouvelle | 201 offres servies en moins (10,3 %) : 1 742 contre 1 943 avant ce RUN
- [INFORMATION] Maison Aigle · perte · fermeture prouvée par la source · nouvelle | 63 offres servies en moins (50,4 %) : 62 contre 125 avant ce RUN
- [INFORMATION] Maison AKIRA · perte · fermeture prouvée par la source · nouvelle | 51 offres servies en moins (30,4 %) : 117 contre 168 d’habitude
- [INFORMATION] Maison Michael Kors (Italy) srl con socio unico · perte · fermeture prouvée par la source · nouvelle | 5 offres servies en moins (35,7 %) : 9 contre 14 d’habitude

## RUN b4e6b708, fin 2026-10-01T18:25 (FAILED)
référence : 7 RUN ; alertes qui réveillent : 3 (nouvelles 3, à réparer 3, à vérifier 0) ; pour information : 6
- [A_REPARER] Source diptyque-workday · menace · collecte en échec ou incomplète (de notre côté) · nouvelle | 186 offres servies ne tiennent qu’à cette collecte, en échec à ce RUN | touche : Diptyque 186 (98,9 %) | Source à réparer : diptyque-workday (186 ; ERROR : Access qualification refused: Transaction API error: Transaction already closed: A commit cannot be executed on an expired transaction. The timeout for this tra) ; masquées à partir du 02/10 16:49 UTC si la collecte ne reprend pas ; relancer : ingest --source=diptyque-workday
- [A_REPARER] Source browns-shoes · menace · collecte en échec ou incomplète (de notre côté) · nouvelle | 58 offres servies ne tiennent qu’à cette collecte, en échec à ce RUN | touche : Browns Shoes 58 (100 %) | Source à réparer : browns-shoes (58 ; BROKEN : 1 erreur de collecte ou d’écriture : Transaction API error: Transaction already closed: A commit cannot be executed on an expired transaction. The timeout for t) ; masquées à partir du 03/10 16:19 UTC si la collecte ne reprend pas ; relancer : ingest --source=browns-shoes
- [A_REPARER] Source ganni-talentrecruiter · menace · collecte en échec ou incomplète (de notre côté) · nouvelle | 5 offres servies ne tiennent qu’à cette collecte, en échec à ce RUN | touche : GANNI 5 (35,7 %) | Source à réparer : ganni-talentrecruiter (5 ; ERROR : Access qualification requires validated native evidence: REJECTED) ; masquées à partir du 05/10 05:19 UTC si la collecte ne reprend pas ; relancer : ingest --source=ganni-talentrecruiter
- [INFORMATION] Maison 30000 The Condé Nast Publications Limited · perte · fermeture prouvée par la source · nouvelle | 10 offres servies en moins (35,7 %) : 18 contre 28 avant ce RUN
- [INFORMATION] Maison GANNI · perte · fermeture prouvée par la source · nouvelle | 7 offres servies en moins (58,3 %) : 5 contre 12 avant ce RUN
- [INFORMATION] Maison Good American · perte · fermeture prouvée par la source · nouvelle | 7 offres servies en moins (43,8 %) : 9 contre 16 avant ce RUN
- [INFORMATION] Maison NIKE de Mexico, S. de R.L. de C.V. · perte · fermeture prouvée par la source · nouvelle | 6 offres servies en moins (30 %) : 14 contre 20 d’habitude
- [INFORMATION] Maison Aigle · perte · fermeture prouvée par la source · en cours | 59 offres servies en moins (48 %) : 64 contre 123 d’habitude

## 02/10, mesure (sans masquage), sources qualifiées non servies comprises
référence : 7 RUN ; alertes qui réveillent : 1 (nouvelles 1, à réparer 1, à vérifier 0) ; pour information : 7
- [A_REPARER] Source L'Oréal (toutes Maisons) · non servie · collecte en échec ou incomplète (de notre côté) · nouvelle | 1 716 offres lues à la dernière qualification, aucune servie | Source à réparer : l-oreal-professionnel (1 716 ; ACTIVE) ; relancer : ingest --source=l-oreal-professionnel
- [INFORMATION] Source Ralph Lauren · non servie · pause ou retrait de la source décidé · nouvelle | 1 160 offres lues à la dernière qualification, aucune servie
- [INFORMATION] Maison Aigle · perte · fermeture prouvée par la source · en cours | 59 offres servies en moins (48 %) : 64 contre 123 d’habitude
- [INFORMATION] Maison AKIRA · perte · fermeture prouvée par la source · en cours | 54 offres servies en moins (32,1 %) : 114 contre 168 d’habitude
- [INFORMATION] Maison 30000 The Condé Nast Publications Limited · perte · fermeture prouvée par la source · en cours | 12 offres servies en moins (40 %) : 18 contre 30 d’habitude
- [INFORMATION] Maison Good American · perte · fermeture prouvée par la source · en cours | 6 offres servies en moins (40 %) : 9 contre 15 d’habitude
- [INFORMATION] Maison NIKE de Mexico, S. de R.L. de C.V. · perte · fermeture prouvée par la source · en cours | 6 offres servies en moins (30 %) : 14 contre 20 d’habitude
- [INFORMATION] Maison GANNI · perte · fermeture prouvée par la source · en cours | 5 offres servies en moins (38,5 %) : 8 contre 13 d’habitude

## 02/10, première revue de disponibilité à blanc (9933 offres masquées), sources qualifiées non servies comprises
référence : 7 RUN ; alertes qui réveillent : 44 (nouvelles 44, à réparer 3, à vérifier 41) ; pour information : 10
- [A_REPARER] Maison PICARD · perte · collecte en échec ou incomplète (de notre côté) · nouvelle | 6 offres servies en moins (100 %) : 0 contre 6 avant ce RUN | Source à réparer : picard (6) ; relancer : ingest --source=picard
- [A_REPARER] Maison Gemmyo · perte · collecte en échec ou incomplète (de notre côté) · nouvelle | 5 offres servies en moins (45,5 %) : 6 contre 11 avant ce RUN | Source à réparer : gemmyo (5) ; relancer : ingest --source=gemmyo
- [A_REPARER] Source L'Oréal (toutes Maisons) · non servie · collecte en échec ou incomplète (de notre côté) · nouvelle | 1 716 offres lues à la dernière qualification, aucune servie | Source à réparer : l-oreal-professionnel (1 716 ; ACTIVE) ; relancer : ingest --source=l-oreal-professionnel
- [A_VERIFIER] Marché États-Unis · perte · masquée : une collecte crédible ne la liste plus · nouvelle | 4 168 offres servies en moins (10,3 %) : 36 464 contre 40 632 avant ce RUN | dont 4 022 masquée : une collecte crédible ne la liste plus ; 146 collecte en échec ou incomplète (de notre côté) | Source : ulta-jibe (1 220) ; vérifier sur son site que ces offres n’y sont plus ; plan : availability --dry-run | Source : lvmh (663) ; vérifier sur son site que ces offres n’y sont plus ; plan : availability --dry-run | Source : sephora-france (403) ; vérifier sur son site que ces offres n’y sont plus ; plan : availability --dry-run
- [A_VERIFIER] Marché France · perte · masquée : une collecte crédible ne la liste plus · nouvelle | 1 662 offres servies en moins (12,2 %) : 11 923 contre 13 585 avant ce RUN | dont 1 634 masquée : une collecte crédible ne la liste plus ; 28 collecte en échec ou incomplète (de notre côté) | Source : wttj-sector (355) ; vérifier sur son site que ces offres n’y sont plus ; plan : availability --dry-run | Source : lvmh (259) ; vérifier sur son site que ces offres n’y sont plus ; plan : availability --dry-run | Source : intersport-france (152) ; vérifier sur son site que ces offres n’y sont plus ; plan : availability --dry-run
- [A_VERIFIER] Maison Sephora · perte · masquée : une collecte crédible ne la liste plus · nouvelle | 1 425 offres servies en moins (24,6 %) : 4 372 contre 5 797 avant ce RUN | Source : lvmh (820) ; vérifier sur son site que ces offres n’y sont plus ; plan : availability --dry-run | Source : sephora-france (605) ; vérifier sur son site que ces offres n’y sont plus ; plan : availability --dry-run
- [A_VERIFIER] Maison Ulta Beauty · perte · masquée : une collecte crédible ne la liste plus · nouvelle | 1 220 offres servies en moins (10,9 %) : 9 926 contre 11 146 avant ce RUN | Source : ulta-jibe (1 220) ; vérifier sur son site que ces offres n’y sont plus ; plan : availability --dry-run
- [A_VERIFIER] Maison H&M Group · perte · masquée : une collecte crédible ne la liste plus · nouvelle | 904 offres servies en moins (31,8 %) : 1 935 contre 2 839 avant ce RUN | Source : hm-group (904) ; vérifier sur son site que ces offres n’y sont plus ; plan : availability --dry-run
- [A_VERIFIER] Marché Royaume-Uni · perte · masquée : une collecte crédible ne la liste plus · nouvelle | 705 offres servies en moins (16,3 %) : 3 620 contre 4 325 avant ce RUN | dont 699 masquée : une collecte crédible ne la liste plus ; 6 collecte en échec ou incomplète (de notre côté) | Source : primark (244) ; vérifier sur son site que ces offres n’y sont plus ; plan : availability --dry-run | Source : hm-group (62) ; vérifier sur son site que ces offres n’y sont plus ; plan : availability --dry-run | Source : lvmh (37) ; vérifier sur son site que ces offres n’y sont plus ; plan : availability --dry-run
- [A_VERIFIER] Marché Canada · perte · masquée : une collecte crédible ne la liste plus · nouvelle | 634 offres servies en moins (18,2 %) : 2 846 contre 3 480 avant ce RUN | dont 624 masquée : une collecte crédible ne la liste plus ; 10 collecte en échec ou incomplète (de notre côté) | Source : lvmh (192) ; vérifier sur son site que ces offres n’y sont plus ; plan : availability --dry-run | Source : sephora-france (137) ; vérifier sur son site que ces offres n’y sont plus ; plan : availability --dry-run | Source : penningtons (103) ; vérifier sur son site que ces offres n’y sont plus ; plan : availability --dry-run
- [A_VERIFIER] Maison Primark · perte · masquée : une collecte crédible ne la liste plus · nouvelle | 590 offres servies en moins (39,4 %) : 909 contre 1 499 avant ce RUN | Source : primark (590) ; vérifier sur son site que ces offres n’y sont plus ; plan : availability --dry-run
- [A_VERIFIER] Maison adidas · perte · masquée : une collecte crédible ne la liste plus · nouvelle | 269 offres servies en moins (18,4 %) : 1 193 contre 1 462 avant ce RUN | Source : adidas (269) ; vérifier sur son site que ces offres n’y sont plus ; plan : availability --dry-run
- [A_VERIFIER] Maison Nordstrom · perte · masquée : une collecte crédible ne la liste plus · nouvelle | 228 offres servies en moins (14,8 %) : 1 310 contre 1 538 avant ce RUN | Source : nordstrom (228) ; vérifier sur son site que ces offres n’y sont plus ; plan : availability --dry-run
- [A_VERIFIER] Maison Bloomingdale's · perte · masquée : une collecte crédible ne la liste plus · nouvelle | 224 offres servies en moins (18,6 %) : 979 contre 1 203 avant ce RUN | Source : bloomingdales-oracle (224) ; vérifier sur son site que ces offres n’y sont plus ; plan : availability --dry-run
- [A_VERIFIER] Maison Hermès · perte · masquée : une collecte crédible ne la liste plus · nouvelle | 215 offres servies en moins (24,2 %) : 674 contre 889 avant ce RUN | Source : wttj-sector (215) ; vérifier sur son site que ces offres n’y sont plus ; plan : availability --dry-run
- [A_VERIFIER] Marché Afrique du Sud · perte · masquée : une collecte crédible ne la liste plus · nouvelle | 70 offres servies en moins (38,7 %) : 111 contre 181 avant ce RUN | Source : lovisa (28) ; vérifier sur son site que ces offres n’y sont plus ; plan : availability --dry-run | Source : adidas (24) ; vérifier sur son site que ces offres n’y sont plus ; plan : availability --dry-run | Source : hm-group (6) ; vérifier sur son site que ces offres n’y sont plus ; plan : availability --dry-run
- [A_VERIFIER] Marché Brésil · perte · masquée : une collecte crédible ne la liste plus · nouvelle | 56 offres servies en moins (25,3 %) : 165 contre 221 avant ce RUN | Source : lvmh (13) ; vérifier sur son site que ces offres n’y sont plus ; plan : availability --dry-run | Source : ilia (7) ; vérifier sur son site que ces offres n’y sont plus ; plan : availability --dry-run | Source : pandora-talenthub (7) ; vérifier sur son site que ces offres n’y sont plus ; plan : availability --dry-run
- [A_VERIFIER] Maison Salomon · perte · masquée : une collecte crédible ne la liste plus · nouvelle | 49 offres servies en moins (38 %) : 80 contre 129 avant ce RUN | Source : salomon (49) ; vérifier sur son site que ces offres n’y sont plus ; plan : availability --dry-run
- [A_VERIFIER] Maison ba&sh · perte · masquée : une collecte crédible ne la liste plus · nouvelle | 43 offres servies en moins (32,3 %) : 90 contre 133 avant ce RUN | Source : bash-talents (43) ; vérifier sur son site que ces offres n’y sont plus ; plan : availability --dry-run
- [A_VERIFIER] Marché Hongrie · perte · masquée : une collecte crédible ne la liste plus · nouvelle | 40 offres servies en moins (30,3 %) : 92 contre 132 avant ce RUN | Source : hm-group (37) ; vérifier sur son site que ces offres n’y sont plus ; plan : availability --dry-run | Source : adidas (2) ; vérifier sur son site que ces offres n’y sont plus ; plan : availability --dry-run | Source : lvmh (1) ; vérifier sur son site que ces offres n’y sont plus ; plan : availability --dry-run
- [A_VERIFIER] Maison On · perte · masquée : une collecte crédible ne la liste plus · nouvelle | 39 offres servies en moins (37,5 %) : 65 contre 104 avant ce RUN | Source : on-running (39) ; vérifier sur son site que ces offres n’y sont plus ; plan : availability --dry-run
- [A_VERIFIER] Marché Tchéquie · perte · masquée : une collecte crédible ne la liste plus · nouvelle | 38 offres servies en moins (29,5 %) : 91 contre 129 avant ce RUN | Source : hm-group (35) ; vérifier sur son site que ces offres n’y sont plus ; plan : availability --dry-run | Source : adidas (1) ; vérifier sur son site que ces offres n’y sont plus ; plan : availability --dry-run | Source : wttj-sector (1) ; vérifier sur son site que ces offres n’y sont plus ; plan : availability --dry-run
- [A_VERIFIER] Maison LuxExperience · perte · masquée : une collecte crédible ne la liste plus · nouvelle | 27 offres servies en moins (34,6 %) : 51 contre 78 avant ce RUN | Source : luxexperience (27) ; vérifier sur son site que ces offres n’y sont plus ; plan : availability --dry-run
- [A_VERIFIER] Marché Roumanie · perte · masquée : une collecte crédible ne la liste plus · nouvelle | 27 offres servies en moins (27,6 %) : 71 contre 98 avant ce RUN | Source : hm-group (10) ; vérifier sur son site que ces offres n’y sont plus ; plan : availability --dry-run | Source : primark (6) ; vérifier sur son site que ces offres n’y sont plus ; plan : availability --dry-run | Source : adidas (4) ; vérifier sur son site que ces offres n’y sont plus ; plan : availability --dry-run
- [A_VERIFIER] Maison B&S International · perte · masquée : une collecte crédible ne la liste plus · nouvelle | 26 offres servies en moins (33,8 %) : 51 contre 77 avant ce RUN | Source : b-s-international (26) ; vérifier sur son site que ces offres n’y sont plus ; plan : availability --dry-run
- [A_VERIFIER] Maison Petit Bateau · perte · masquée : une collecte crédible ne la liste plus · nouvelle | 22 offres servies en moins (32,8 %) : 45 contre 67 avant ce RUN | Source : petit-bateau (22) ; vérifier sur son site que ces offres n’y sont plus ; plan : availability --dry-run
- [A_VERIFIER] Maison Brilliant Earth · perte · masquée : une collecte crédible ne la liste plus · nouvelle | 22 offres servies en moins (42,3 %) : 30 contre 52 avant ce RUN | Source : brilliant-earth (22) ; vérifier sur son site que ces offres n’y sont plus ; plan : availability --dry-run
- [A_VERIFIER] Maison Skin Laundry · perte · masquée : une collecte crédible ne la liste plus · nouvelle | 19 offres servies en moins (32,8 %) : 39 contre 58 avant ce RUN | Source : skin-laundry (19) ; vérifier sur son site que ces offres n’y sont plus ; plan : availability --dry-run
- [A_VERIFIER] Maison Maison Margiela · perte · masquée : une collecte crédible ne la liste plus · nouvelle | 16 offres servies en moins (40 %) : 24 contre 40 avant ce RUN | Source : maison-margiela (16) ; vérifier sur son site que ces offres n’y sont plus ; plan : availability --dry-run
- [A_VERIFIER] Maison Gymshark · perte · masquée : une collecte crédible ne la liste plus · nouvelle | 13 offres servies en moins (37,1 %) : 22 contre 35 avant ce RUN | Source : gymshark (13) ; vérifier sur son site que ces offres n’y sont plus ; plan : availability --dry-run
- [A_VERIFIER] Maison Funky Buddha · perte · masquée : une collecte crédible ne la liste plus · nouvelle | 13 offres servies en moins (36,1 %) : 23 contre 36 avant ce RUN | Source : funky-buddha (13) ; vérifier sur son site que ces offres n’y sont plus ; plan : availability --dry-run
- [A_VERIFIER] Maison Gémo · perte · masquée : une collecte crédible ne la liste plus · nouvelle | 12 offres servies en moins (33,3 %) : 24 contre 36 avant ce RUN | Source : eram-3 (12) ; vérifier sur son site que ces offres n’y sont plus ; plan : availability --dry-run
- [A_VERIFIER] Maison Magazine zum Globus AG · perte · masquée : une collecte crédible ne la liste plus · nouvelle | 12 offres servies en moins (32,4 %) : 25 contre 37 avant ce RUN | Source : globus (12) ; vérifier sur son site que ces offres n’y sont plus ; plan : availability --dry-run
- [A_VERIFIER] Maison Marni · perte · masquée : une collecte crédible ne la liste plus · nouvelle | 10 offres servies en moins (71,4 %) : 4 contre 14 avant ce RUN | Source : maison-margiela (10) ; vérifier sur son site que ces offres n’y sont plus ; plan : availability --dry-run
- [A_VERIFIER] Maison Aeropostale · perte · masquée : une collecte crédible ne la liste plus · nouvelle | 9 offres servies en moins (36 %) : 16 contre 25 avant ce RUN | Source : aeropostale (9) ; vérifier sur son site que ces offres n’y sont plus ; plan : availability --dry-run
- [A_VERIFIER] Maison A.P.C. · perte · masquée : une collecte crédible ne la liste plus · nouvelle | 7 offres servies en moins (36,8 %) : 12 contre 19 avant ce RUN | Source : wttj-sector (7) ; vérifier sur son site que ces offres n’y sont plus ; plan : availability --dry-run
- [A_VERIFIER] Maison ILIA · perte · masquée : une collecte crédible ne la liste plus · nouvelle | 7 offres servies en moins (38,9 %) : 11 contre 18 avant ce RUN | Source : ilia (7) ; vérifier sur son site que ces offres n’y sont plus ; plan : availability --dry-run
- [A_VERIFIER] Maison Puig France · perte · masquée : une collecte crédible ne la liste plus · nouvelle | 7 offres servies en moins (43,8 %) : 9 contre 16 avant ce RUN | Source : wttj-sector (7) ; vérifier sur son site que ces offres n’y sont plus ; plan : availability --dry-run
- [A_VERIFIER] Maison Meco · perte · masquée : une collecte crédible ne la liste plus · nouvelle | 6 offres servies en moins (100 %) : 0 contre 6 avant ce RUN | Source : swatch-group (6) ; vérifier sur son site que ces offres n’y sont plus ; plan : availability --dry-run
- [A_VERIFIER] Maison Blancpain · perte · masquée : une collecte crédible ne la liste plus · nouvelle | 5 offres servies en moins (41,7 %) : 7 contre 12 avant ce RUN | Source : swatch-group (5) ; vérifier sur son site que ces offres n’y sont plus ; plan : availability --dry-run
- [A_VERIFIER] Maison NIVEA India Pvt. Ltd. · perte · masquée : une collecte crédible ne la liste plus · nouvelle | 5 offres servies en moins (41,7 %) : 7 contre 12 avant ce RUN | Source : beiersdorf (5) ; vérifier sur son site que ces offres n’y sont plus ; plan : availability --dry-run
- [A_VERIFIER] Maison Beiersdorf S.A. · perte · masquée : une collecte crédible ne la liste plus · nouvelle | 5 offres servies en moins (50 %) : 5 contre 10 avant ce RUN | Source : beiersdorf (5) ; vérifier sur son site que ces offres n’y sont plus ; plan : availability --dry-run
- [A_VERIFIER] Maison Jil Sander · perte · masquée : une collecte crédible ne la liste plus · nouvelle | 5 offres servies en moins (33,3 %) : 10 contre 15 avant ce RUN | Source : maison-margiela (5) ; vérifier sur son site que ces offres n’y sont plus ; plan : availability --dry-run
- [A_VERIFIER] Maison OTB · perte · masquée : une collecte crédible ne la liste plus · nouvelle | 5 offres servies en moins (31,3 %) : 11 contre 16 avant ce RUN | Source : maison-margiela (5) ; vérifier sur son site que ces offres n’y sont plus ; plan : availability --dry-run
- [INFORMATION] Maison 1590 Swarovski France S.A. · perte · fermeture prouvée par la source · nouvelle | 12 offres servies en moins (38,7 %) : 19 contre 31 d’habitude | dont 6 masquée : une collecte crédible ne la liste plus ; 6 fermeture prouvée par la source
- [INFORMATION] Maison Michael Kors (Italy) srl con socio unico · perte · fermeture prouvée par la source · nouvelle | 5 offres servies en moins (38,5 %) : 8 contre 13 d’habitude | dont 4 fermeture prouvée par la source ; 1 masquée : une collecte crédible ne la liste plus
- [INFORMATION] Maison HUGO BOSS Australia Pty Ltd · perte · fermeture prouvée par la source · nouvelle | 5 offres servies en moins (100 %) : 0 contre 5 d’habitude | dont 4 fermeture prouvée par la source ; 1 masquée : une collecte crédible ne la liste plus
- [INFORMATION] Source Ralph Lauren · non servie · pause ou retrait de la source décidé · nouvelle | 1 160 offres lues à la dernière qualification, aucune servie
- [INFORMATION] Maison AKIRA · perte · fermeture prouvée par la source · en cours | 73 offres servies en moins (43,5 %) : 95 contre 168 d’habitude | dont 58 fermeture prouvée par la source ; 15 aucune cause trouvée
- [INFORMATION] Maison Aigle · perte · fermeture prouvée par la source · en cours | 59 offres servies en moins (48 %) : 64 contre 123 d’habitude
- [INFORMATION] Maison 30000 The Condé Nast Publications Limited · perte · fermeture prouvée par la source · en cours | 12 offres servies en moins (40 %) : 18 contre 30 d’habitude
- [INFORMATION] Maison NIKE de Mexico, S. de R.L. de C.V. · perte · fermeture prouvée par la source · en cours | 8 offres servies en moins (40 %) : 12 contre 20 d’habitude | dont 7 fermeture prouvée par la source ; 1 masquée : une collecte crédible ne la liste plus
- [INFORMATION] Maison Good American · perte · fermeture prouvée par la source · en cours | 6 offres servies en moins (40 %) : 9 contre 15 d’habitude
- [INFORMATION] Maison GANNI · perte · fermeture prouvée par la source · en cours | 5 offres servies en moins (38,5 %) : 8 contre 13 d’habitude

## 02/10, premier RUN de r6 : même masquage, AUCUNE photographie (table vide)
référence : 0 RUN ; alertes qui réveillent : 44 (nouvelles 44, à réparer 3, à vérifier 41) ; pour information : 1
premier RUN, attendu MARCHE ZA : A_VERIFIER NON_REVUE 38.7 % (70/181, RUN)
premier RUN, attendu MARCHE HU : A_VERIFIER NON_REVUE 30.3 % (40/132, RUN)
premier RUN, Maison PICARD : A_REPARER COLLECTE 100 % (6/6, RUN)
premier RUN, Maison Marni : A_VERIFIER NON_REVUE 71.4 % (10/14, RUN)
premier RUN, Maison Primark : A_VERIFIER NON_REVUE 39.4 % (590/1499, RUN)
premier RUN, Maison H&M Group : A_VERIFIER NON_REVUE 31.8 % (904/2839, RUN)
premier RUN, Maison Nordstrom : A_VERIFIER NON_REVUE 14.8 % (228/1538, RUN)
premier RUN, Maison Ulta Beauty : A_VERIFIER NON_REVUE 10.9 % (1220/11146, RUN)
attendu MARCHE ZA : A_VERIFIER NON_REVUE 38.7 %
attendu MARCHE HU : A_VERIFIER NON_REVUE 30.3 %
attendu Maison PICARD : PICARD A_REPARER COLLECTE 100 % (6/6)
attendu Maison Marni : Marni A_VERIFIER NON_REVUE 71.4 % (10/14)
attendu Maison Primark : Primark A_VERIFIER NON_REVUE 39.4 % (590/1499)
attendu Maison H&M : H&M Group A_VERIFIER NON_REVUE 31.8 % (904/2839)

## 02/10 + 68 fermetures Swatch (D-508 §6)
référence : 7 RUN ; alertes qui réveillent : 0 (nouvelles 0, à réparer 0, à vérifier 0) ; pour information : 8
- [INFORMATION] Maison Meco · perte · fermeture prouvée par la source · nouvelle | 6 offres servies en moins (100 %) : 0 contre 6 avant ce RUN
- [INFORMATION] Maison Blancpain · perte · fermeture prouvée par la source · nouvelle | 5 offres servies en moins (41,7 %) : 7 contre 12 avant ce RUN
- [INFORMATION] Maison Aigle · perte · fermeture prouvée par la source · en cours | 59 offres servies en moins (48 %) : 64 contre 123 d’habitude
- [INFORMATION] Maison AKIRA · perte · fermeture prouvée par la source · en cours | 54 offres servies en moins (32,1 %) : 114 contre 168 d’habitude
- [INFORMATION] Maison 30000 The Condé Nast Publications Limited · perte · fermeture prouvée par la source · en cours | 12 offres servies en moins (40 %) : 18 contre 30 d’habitude
- [INFORMATION] Maison Good American · perte · fermeture prouvée par la source · en cours | 6 offres servies en moins (40 %) : 9 contre 15 d’habitude
- [INFORMATION] Maison NIKE de Mexico, S. de R.L. de C.V. · perte · fermeture prouvée par la source · en cours | 6 offres servies en moins (30 %) : 14 contre 20 d’habitude
- [INFORMATION] Maison GANNI · perte · fermeture prouvée par la source · en cours | 5 offres servies en moins (38,5 %) : 8 contre 13 d’habitude
Swatch : constats 2, dont qui réveillent 0

## Bruit, 7 derniers RUN quotidiens
2026-09-25 02ce57f9 : 0 qui réveillent (0 nouvelles), 1 pour information
2026-09-26 966e9549 : 0 qui réveillent (0 nouvelles), 3 pour information
2026-09-27 403eadd0 : 1 qui réveillent (1 nouvelles), 1 pour information
2026-09-28 da0587ac : 3 qui réveillent (3 nouvelles), 0 pour information
2026-09-29 12f79076 : 17 qui réveillent (15 nouvelles), 0 pour information
2026-09-30 0f7fb086 : 2 qui réveillent (2 nouvelles), 5 pour information
2026-10-01 b4e6b708 : 3 qui réveillent (3 nouvelles), 6 pour information

## Calibrage des seuils (7 derniers RUN quotidiens ; masquage à blanc)
Maison 5/30 %/200 · marché 25/20 %/500 : historique pertes qui réveillent 0,0,0,0,0,0,0 ; pour information 1,3,1,0,0,5,6 ; menaces 0,0,1,3,17,2,3 · à blanc : 43 qui réveillent, attendus 6/6, Ulta oui
Maison 10/30 %/200 · marché 25/20 %/500 : historique pertes qui réveillent 0,0,0,0,0,0,0 ; pour information 0,2,1,0,0,4,3 ; menaces 0,0,1,3,16,2,2 · à blanc : 31 qui réveillent, attendus 5/6 (manque PICARD), Ulta oui
Maison 5/20 %/200 · marché 25/20 %/500 : historique pertes qui réveillent 0,0,0,0,0,0,0 ; pour information 1,7,4,2,3,8,11 ; menaces 0,0,1,3,17,2,3 · à blanc : 82 qui réveillent, attendus 6/6, Ulta oui
Maison 5/40 %/200 · marché 25/20 %/500 : historique pertes qui réveillent 0,0,0,0,0,0,0 ; pour information 0,3,1,0,0,3,4 ; menaces 0,0,1,3,17,2,2 · à blanc : 27 qui réveillent, attendus 6/6, Ulta oui
Maison 5/30 %/100000 · marché 25/20 %/500 : historique pertes qui réveillent 0,0,0,0,0,0,0 ; pour information 1,2,0,0,0,4,6 ; menaces 0,0,1,3,17,2,3 · à blanc : 37 qui réveillent, attendus 6/6, Ulta non
Maison 5/30 %/200 · marché 25/30 %/500 : historique pertes qui réveillent 0,0,0,0,0,0,0 ; pour information 1,3,1,0,0,5,6 ; menaces 0,0,1,3,17,2,3 · à blanc : 40 qui réveillent, attendus 6/6, Ulta oui
Maison 5/30 %/200 · marché 50/20 %/500 : historique pertes qui réveillent 0,0,0,0,0,0,0 ; pour information 1,3,1,0,0,5,6 ; menaces 0,0,1,3,17,2,3 · à blanc : 40 qui réveillent, attendus 5/6 (manque HU), Ulta oui
